# Tiles
# Block 0 0
2,16,3|nil|nil|0|nil|nil;2,16,3|2,22,2|nil|0|nil|nil;1,22,3|nil|nil|0|nil|nil;1,22,9|nil|nil|0|nil|nil;1,22,5|1,16,15|nil|0|1|nil;1,21,5|nil|nil|0|nil|nil;1,22,9|nil|nil|0|nil|nil;1,22,5|nil|nil|0|nil|nil;
2,16,3|nil|nil|0|nil|nil;2,16,3|2,22,2|nil|0|nil|nil;1,22,5|nil|nil|0|nil|nil;1,21,5|nil|nil|0|nil|nil;1,21,5|nil|nil|0|nil|nil;1,22,3|nil|nil|0|nil|nil;1,22,3|nil|nil|0|nil|nil;1,21,5|nil|nil|0|nil|nil;
2,16,3|nil|nil|0|nil|nil;2,16,3|2,22,2|nil|0|nil|nil;1,22,3|nil|nil|0|nil|nil;1,21,5|nil|nil|0|nil|nil;1,23,11|nil|nil|0|nil|nil;1,22,9|nil|nil|0|nil|nil;1,22,5|nil|nil|0|nil|nil;1,23,5|nil|nil|0|nil|nil;
2,16,3|2,21,8|nil|0|nil|nil;2,16,3|2,23,7|nil|0|nil|nil;1,21,5|nil|nil|0|nil|nil;1,23,11|nil|nil|0|nil|nil;1,22,3|nil|nil|0|nil|nil;1,22,3|nil|nil|0|nil|nil;1,22,3|nil|nil|0|nil|nil;1,22,5|nil|nil|0|nil|nil;
2,16,3|2,22,2|nil|0|nil|nil;1,21,5|nil|nil|0|nil|nil;1,21,5|nil|nil|0|nil|nil;1,21,5|nil|nil|0|nil|nil;1,23,11|nil|nil|0|nil|nil;1,21,5|nil|nil|0|nil|nil;1,22,9|nil|nil|0|nil|nil;1,21,5|nil|nil|0|nil|nil;
2,16,3|2,23,7|nil|0|nil|nil;1,22,5|nil|nil|0|nil|nil;1,23,5|nil|nil|0|nil|nil;1,21,5|nil|nil|0|nil|nil;1,22,3|nil|nil|0|nil|nil;1,23,5|nil|nil|0|nil|nil;1,22,3|nil|nil|0|nil|nil;1,22,11|nil|nil|0|nil|nil;
1,22,3|nil|nil|0|nil|nil;1,23,11|nil|nil|0|nil|nil;1,22,9|1,16,15|nil|0|1|nil;1,22,5|nil|nil|0|nil|nil;1,22,3|nil|nil|0|nil|nil;1,22,11|nil|nil|0|nil|nil;1,23,11|nil|nil|0|nil|nil;1,22,5|1,15,15|nil|1|1|nil;
1,22,11|nil|nil|0|nil|nil;1,22,9|nil|nil|0|nil|nil;1,23,11|nil|nil|0|nil|nil;1,22,11|nil|nil|0|nil|nil;1,22,9|nil|nil|0|nil|nil;1,22,11|nil|nil|0|nil|nil;1,22,3|nil|nil|0|nil|nil;1,21,5|nil|nil|0|nil|nil;
# Block 0 1
1,22,11|nil|nil|0|nil|nil;1,23,5|nil|nil|0|nil|nil;1,23,5|nil|nil|0|nil|nil;1,23,5|nil|nil|0|nil|nil;1,22,5|nil|nil|0|nil|nil;1,22,5|nil|nil|0|nil|nil;1,22,3|nil|nil|0|nil|nil;1,22,9|1,15,15|nil|1|1|nil;
1,22,11|nil|nil|0|nil|nil;1,23,5|nil|nil|0|nil|nil;1,21,11|nil|nil|0|nil|nil;1,23,11|nil|nil|0|nil|nil;1,22,5|nil|nil|0|nil|nil;1,22,3|nil|nil|0|nil|nil;1,21,5|nil|nil|0|nil|nil;1,21,11|nil|nil|0|nil|nil;
1,23,5|nil|nil|0|nil|nil;1,22,3|nil|nil|0|nil|nil;1,22,9|nil|nil|0|nil|nil;1,23,11|nil|nil|0|nil|nil;1,23,11|nil|nil|0|nil|nil;1,23,11|nil|nil|0|nil|nil;1,22,11|nil|nil|0|nil|nil;1,22,3|nil|nil|0|nil|nil;
1,22,5|nil|nil|0|nil|nil;1,21,5|nil|nil|0|nil|nil;1,22,9|nil|nil|0|nil|nil;1,22,9|nil|nil|0|nil|nil;1,21,11|nil|nil|0|nil|nil;1,22,9|nil|nil|0|nil|nil;1,22,9|nil|nil|0|nil|nil;1,22,5|nil|nil|0|nil|nil;
1,21,5|nil|nil|0|nil|nil;1,21,11|nil|nil|0|nil|nil;1,22,9|nil|nil|0|nil|nil;1,22,3|nil|nil|0|nil|nil;1,21,5|nil|nil|0|nil|nil;1,22,3|nil|nil|0|nil|nil;1,22,3|nil|nil|0|nil|nil;1,22,3|nil|nil|0|nil|nil;
1,23,11|nil|nil|0|nil|nil;1,22,9|nil|nil|0|nil|nil;1,23,5|nil|nil|0|nil|nil;1,23,11|nil|nil|0|nil|nil;1,22,5|1,16,15|nil|0|1|nil;1,22,9|nil|1,27,29|0|1|nil;1,22,3|nil|1,27,30|0|1|nil;1,22,9|1,27,31|nil|1|1|nil;
1,22,11|nil|nil|0|nil|nil;1,21,11|nil|nil|0|nil|nil;1,22,3|nil|nil|0|nil|nil;1,23,5|nil|nil|0|nil|nil;1,22,3|nil|nil|0|nil|nil;1,23,11|nil|1,28,29|0|1|nil;1,23,5|nil|1,28,30|0|1|nil;1,21,5|1,28,31|nil|1|1|nil;
1,22,5|nil|nil|0|nil|nil;1,21,11|nil|nil|0|nil|nil;1,23,11|nil|nil|0|nil|nil;1,22,9|nil|nil|0|nil|nil;1,22,9|nil|nil|0|nil|nil;1,23,11|nil|nil|0|nil|nil;1,23,5|nil|nil|0|nil|nil;1,23,5|nil|nil|0|nil|nil;
# Block 0 2
1,22,5|nil|nil|0|nil|nil;1,21,5|nil|nil|0|nil|nil;1,23,5|nil|nil|0|nil|nil;1,22,5|nil|nil|0|nil|nil;1,23,5|3,26,11|nil|1|nil|nil;nil|nil|nil|1|nil|nil;nil|nil|nil|1|nil|nil;nil|nil|nil|1|nil|nil;
1,21,5|nil|nil|0|nil|nil;1,21,5|nil|nil|0|nil|nil;1,21,5|nil|nil|0|nil|nil;1,23,5|nil|nil|0|nil|nil;1,21,5|3,26,11|nil|1|nil|nil;nil|nil|nil|1|nil|nil;nil|nil|nil|1|nil|nil;nil|nil|nil|1|nil|nil;
1,21,5|nil|nil|0|nil|nil;1,23,11|nil|nil|0|nil|nil;1,22,3|nil|nil|0|nil|nil;1,23,5|nil|nil|0|nil|nil;1,21,5|3,26,11|nil|1|nil|nil;nil|nil|nil|1|nil|nil;nil|nil|nil|1|nil|nil;nil|nil|nil|1|nil|nil;
1,22,5|nil|nil|0|nil|nil;1,21,11|nil|nil|0|nil|nil;1,22,3|nil|nil|0|nil|nil;1,23,5|nil|nil|0|nil|nil;1,23,5|3,26,11|nil|1|nil|nil;nil|nil|nil|1|nil|nil;nil|nil|nil|1|nil|nil;nil|nil|nil|1|nil|nil;
1,22,3|nil|nil|0|nil|nil;1,22,3|nil|nil|0|nil|nil;1,21,11|nil|nil|0|nil|nil;1,22,5|nil|nil|0|nil|nil;1,22,9|3,26,11|nil|1|nil|nil;nil|nil|nil|1|nil|nil;nil|nil|nil|1|nil|nil;nil|nil|nil|1|nil|nil;
1,22,11|nil|nil|0|nil|nil;1,22,3|nil|nil|0|nil|nil;1,22,11|nil|nil|0|nil|nil;1,21,5|nil|nil|0|nil|nil;1,22,9|3,26,11|nil|1|nil|nil;nil|nil|nil|1|nil|nil;nil|nil|nil|1|nil|nil;nil|nil|nil|1|nil|nil;
1,22,3|nil|nil|0|nil|nil;1,22,11|nil|nil|0|nil|nil;1,22,5|nil|nil|0|nil|nil;1,22,3|nil|nil|0|nil|nil;1,21,5|3,26,11|nil|1|nil|nil;nil|nil|nil|1|nil|nil;nil|nil|nil|1|nil|nil;nil|nil|nil|1|nil|nil;
1,22,3|nil|nil|0|nil|nil;1,22,3|nil|nil|0|nil|nil;1,22,3|nil|nil|0|nil|nil;1,23,11|nil|nil|0|nil|nil;1,23,5|3,26,11|nil|1|nil|nil;nil|nil|nil|1|nil|nil;nil|nil|nil|1|nil|nil;nil|nil|nil|1|nil|nil;
# Block 0 -2
nil|nil|nil|1|nil|nil;nil|nil|nil|1|nil|nil;nil|nil|nil|1|nil|nil;nil|nil|nil|1|nil|nil;nil|nil|nil|1|nil|nil;nil|nil|nil|1|nil|nil;1,23,5|nil|nil|0|nil|nil;1,22,9|3,4,13|nil|1|nil|nil;
nil|nil|nil|1|nil|nil;nil|nil|nil|1|nil|nil;nil|nil|nil|1|nil|nil;nil|nil|nil|1|nil|nil;nil|nil|nil|1|nil|nil;nil|nil|nil|1|nil|nil;1,23,5|nil|nil|0|nil|nil;1,22,5|3,4,13|nil|1|nil|nil;
nil|nil|nil|1|nil|nil;nil|nil|nil|1|nil|nil;nil|nil|nil|1|nil|nil;nil|nil|nil|1|nil|nil;nil|nil|nil|1|nil|nil;nil|nil|nil|1|nil|nil;1,23,11|nil|nil|0|nil|nil;1,23,5|3,5,13|nil|1|nil|nil;
nil|nil|nil|1|nil|nil;nil|nil|nil|1|nil|nil;nil|nil|nil|1|nil|nil;nil|nil|nil|1|nil|nil;nil|nil|nil|1|nil|nil;nil|nil|nil|1|nil|nil;1,22,3|nil|nil|0|nil|nil;1,23,11|3,2,12|nil|1|nil|nil;
nil|nil|nil|1|nil|nil;nil|nil|nil|1|nil|nil;nil|nil|nil|1|nil|nil;nil|nil|nil|1|nil|nil;nil|nil|nil|1|nil|nil;nil|nil|nil|1|nil|nil;1,21,5|nil|nil|0|nil|nil;1,22,3|nil|nil|0|nil|nil;
nil|nil|nil|1|nil|nil;nil|nil|nil|1|nil|nil;nil|nil|nil|1|nil|nil;nil|nil|nil|1|nil|nil;nil|nil|nil|1|nil|nil;nil|nil|nil|1|nil|nil;1,21,5|nil|nil|0|nil|nil;1,22,11|nil|nil|0|nil|nil;
nil|nil|nil|1|nil|nil;nil|nil|nil|1|nil|nil;nil|nil|nil|1|nil|nil;nil|nil|nil|1|nil|nil;nil|nil|nil|1|nil|nil;nil|nil|nil|1|nil|nil;1,21,11|nil|nil|0|nil|nil;1,22,5|nil|nil|0|nil|nil;
nil|nil|nil|1|nil|nil;nil|nil|nil|1|nil|nil;nil|nil|nil|1|nil|nil;nil|nil|nil|1|nil|nil;nil|nil|nil|1|nil|nil;nil|nil|nil|1|nil|nil;1,22,9|nil|nil|0|nil|nil;1,21,11|nil|nil|0|nil|nil;
# Block 0 -1
nil|3,4,14|nil|1|nil|nil;2,1,14|nil|nil|1|nil|nil;2,1,16|nil|nil|1|nil|nil;3,0,20|nil|nil|1|nil|nil;3,0,20|3,4,9|nil|0|init,1|nil;2,16,3|nil|nil|0|nil|nil;2,16,3|nil|nil|0|nil|nil;2,16,3|nil|nil|0|nil|nil;
nil|3,4,14|nil|1|nil|nil;2,1,14|nil|nil|1|nil|nil;2,1,16|nil|nil|1|nil|nil;2,1,17|nil|nil|1|nil|nil;2,1,17|nil|nil|1|nil|nil;2,16,3|nil|nil|0|nil|nil;2,16,3|nil|nil|0|nil|nil;2,16,3|nil|nil|0|nil|nil;
nil|3,5,14|nil|1|nil|nil;2,1,14|nil|nil|1|nil|nil;nil|3,1,16|nil|1|nil|nil;nil|3,1,17|nil|1|nil|nil;nil|3,1,17|nil|1|nil|nil;2,16,3|nil|nil|0|nil|nil;2,16,3|nil|nil|0|nil|nil;2,16,3|nil|nil|0|nil|nil;
2,2,13|nil|nil|1|nil|nil;2,2,14|nil|nil|1|nil|nil;2,2,16|nil|nil|1|nil|nil;2,1,17|nil|nil|1|nil|nil;2,1,17|nil|nil|1|nil|nil;2,16,3|2,21,10|nil|0|nil|nil;2,16,3|nil|nil|0|nil|nil;2,16,3|nil|nil|0|nil|nil;
1,23,5|nil|nil|0|nil|nil;1,22,5|nil|nil|0|nil|nil;1,22,3|nil|nil|0|nil|nil;1,23,5|nil|nil|0|nil|nil;1,22,5|3,26,11|nil|1|nil|nil;2,16,3|2,22,10|nil|0|nil|nil;2,16,3|nil|nil|0|nil|nil;2,16,3|nil|nil|0|nil|nil;
1,22,3|nil|nil|0|nil|nil;1,21,5|nil|nil|0|nil|nil;1,21,5|nil|nil|0|nil|nil;1,22,3|nil|nil|0|nil|nil;1,23,5|3,26,11|nil|1|nil|nil;2,16,3|2,22,10|nil|0|nil|nil;2,16,3|nil|nil|0|nil|nil;2,16,3|2,21,8|nil|0|nil|nil;
1,23,5|nil|nil|0|nil|nil;1,22,9|nil|nil|0|nil|nil;1,22,11|nil|nil|0|nil|nil;1,23,11|nil|nil|0|nil|nil;1,23,5|3,26,11|nil|1|nil|nil;2,16,3|2,22,10|nil|0|nil|nil;2,16,3|nil|nil|0|nil|nil;2,16,3|2,22,2|nil|0|nil|nil;
1,21,5|nil|nil|0|nil|nil;1,21,11|nil|nil|0|nil|nil;1,21,5|nil|nil|0|nil|nil;1,22,5|nil|nil|0|nil|nil;1,21,5|3,26,11|nil|1|nil|nil;2,16,3|2,22,10|nil|0|nil|nil;2,16,3|nil|nil|0|nil|nil;2,16,3|2,22,2|nil|0|nil|nil;
# Block 1 0
1,22,3|nil|nil|0|nil|nil;1,21,5|nil|nil|0|nil|nil;1,21,5|nil|nil|0|nil|nil;1,22,9|nil|nil|0|nil|nil;1,21,5|nil|nil|0|nil|nil;1,21,5|nil|nil|0|nil|nil;1,22,5|nil|nil|0|nil|nil;1,22,3|nil|nil|0|nil|nil;
1,21,11|nil|nil|0|nil|nil;1,22,3|nil|nil|0|nil|nil;1,22,3|nil|nil|0|nil|nil;1,23,11|nil|nil|0|nil|nil;1,22,3|nil|nil|0|nil|nil;1,22,5|nil|nil|0|nil|nil;1,22,5|nil|nil|0|nil|nil;1,23,5|nil|nil|0|nil|nil;
1,22,3|nil|nil|0|nil|nil;1,22,3|nil|nil|0|nil|nil;1,23,5|nil|nil|0|nil|nil;1,22,9|nil|nil|0|nil|nil;1,23,5|nil|nil|0|nil|nil;1,21,11|nil|nil|0|nil|nil;1,22,9|nil|nil|0|nil|nil;1,22,5|nil|nil|0|nil|nil;
1,22,5|nil|nil|0|nil|nil;1,22,5|nil|nil|0|nil|nil;1,23,5|nil|nil|0|nil|nil;1,22,5|nil|nil|0|nil|nil;1,23,5|nil|nil|0|nil|nil;1,21,5|nil|nil|0|nil|nil;1,23,11|nil|nil|0|nil|nil;1,23,5|nil|nil|0|nil|nil;
1,21,5|nil|nil|0|nil|nil;1,23,5|nil|nil|0|nil|nil;1,23,5|nil|nil|0|nil|nil;1,21,5|nil|nil|0|nil|nil;1,22,9|nil|nil|0|nil|nil;1,22,11|nil|nil|0|nil|nil;1,22,11|1,16,15|nil|0|1|nil;1,22,11|nil|nil|0|nil|nil;
1,21,5|nil|nil|0|nil|nil;1,22,3|nil|nil|0|nil|nil;1,22,9|nil|nil|0|nil|nil;1,21,11|1,15,15|nil|1|1|nil;1,22,9|nil|nil|0|nil|nil;1,22,9|nil|nil|0|nil|nil;1,21,5|nil|nil|0|nil|nil;1,21,5|nil|nil|0|nil|nil;
1,21,5|nil|nil|0|nil|nil;1,22,5|nil|nil|0|nil|nil;1,22,9|nil|nil|0|nil|nil;1,23,11|nil|nil|0|nil|nil;1,21,5|nil|nil|0|nil|nil;1,22,9|nil|nil|0|nil|nil;1,22,11|nil|nil|0|nil|nil;1,21,5|nil|nil|0|nil|nil;
1,22,3|nil|nil|0|nil|nil;1,22,9|nil|nil|0|nil|nil;1,21,5|nil|nil|0|nil|nil;1,23,5|nil|nil|0|nil|nil;1,22,3|nil|nil|0|nil|nil;1,22,3|nil|nil|0|nil|nil;1,22,3|nil|nil|0|nil|nil;1,21,11|nil|nil|0|nil|nil;
# Block 1 1
1,22,3|nil|nil|0|nil|nil;1,22,9|nil|nil|0|nil|nil;1,23,5|nil|nil|0|nil|nil;1,22,3|nil|nil|0|nil|nil;1,21,5|nil|nil|0|nil|nil;1,22,3|nil|nil|0|nil|nil;1,23,5|nil|nil|0|nil|nil;1,22,9|nil|nil|0|nil|nil;
1,22,9|nil|nil|0|nil|nil;1,21,5|nil|nil|0|nil|nil;1,22,11|nil|nil|0|nil|nil;1,22,3|nil|nil|0|nil|nil;1,21,5|nil|nil|0|nil|nil;1,21,11|nil|nil|0|nil|nil;1,23,5|nil|nil|0|nil|nil;1,21,5|nil|nil|0|nil|nil;
1,23,11|nil|nil|0|nil|nil;1,22,3|nil|nil|0|nil|nil;1,22,9|nil|nil|0|nil|nil;1,21,11|nil|nil|0|nil|nil;1,23,5|nil|nil|0|nil|nil;1,21,5|nil|nil|0|nil|nil;1,23,5|nil|nil|0|nil|nil;1,21,5|nil|nil|0|nil|nil;
1,22,11|nil|nil|0|nil|nil;1,21,5|nil|nil|0|nil|nil;1,21,5|nil|nil|0|nil|nil;1,22,5|nil|nil|0|nil|nil;1,22,3|1,15,15|nil|1|1|nil;1,23,5|nil|nil|0|nil|nil;1,21,11|nil|nil|0|nil|nil;1,23,5|nil|nil|0|nil|nil;
1,22,3|nil|nil|0|nil|nil;1,22,5|nil|nil|0|nil|nil;1,21,5|nil|nil|0|nil|nil;1,21,5|nil|nil|0|nil|nil;1,22,11|nil|1,27,29|0|1|nil;1,21,11|nil|1,27,30|0|1|nil;1,21,5|1,27,31|nil|1|1|nil;1,21,5|nil|nil|0|nil|nil;
1,21,11|nil|nil|0|nil|nil;1,23,5|nil|nil|0|nil|nil;1,22,11|nil|nil|0|nil|nil;1,22,9|1,15,15|nil|1|1|nil;1,22,9|nil|1,28,29|0|1|nil;1,23,5|nil|1,28,30|0|1|nil;1,23,5|1,28,31|nil|1|1|nil;1,22,3|nil|nil|0|nil|nil;
1,22,5|nil|nil|0|nil|nil;1,21,5|nil|nil|0|nil|nil;1,22,9|nil|nil|0|nil|nil;1,22,5|nil|nil|0|nil|nil;1,22,3|nil|nil|0|nil|nil;1,23,5|nil|nil|0|nil|nil;1,23,5|nil|nil|0|nil|nil;1,23,5|nil|nil|0|nil|nil;
1,23,5|nil|nil|0|nil|nil;1,23,11|nil|nil|0|nil|nil;1,23,5|nil|nil|0|nil|nil;1,22,3|nil|nil|0|nil|nil;1,23,11|nil|nil|0|nil|nil;1,22,5|nil|nil|0|nil|nil;1,21,11|nil|nil|0|nil|nil;1,23,5|nil|nil|0|nil|nil;
# Block 1 2
1,22,3|nil|nil|0|nil|nil;1,22,11|nil|nil|0|nil|nil;1,22,3|1,15,15|nil|1|1|nil;1,22,3|nil|nil|0|nil|nil;1,23,11|3,26,11|nil|1|nil|nil;nil|nil|nil|1|nil|nil;nil|nil|nil|1|nil|nil;nil|nil|nil|1|nil|nil;
1,23,5|nil|nil|0|nil|nil;1,22,9|nil|nil|0|nil|nil;1,21,5|nil|nil|0|nil|nil;1,23,5|nil|nil|0|nil|nil;1,23,5|3,26,11|nil|1|nil|nil;nil|nil|nil|1|nil|nil;nil|nil|nil|1|nil|nil;nil|nil|nil|1|nil|nil;
1,22,11|nil|nil|0|nil|nil;1,22,9|nil|nil|0|nil|nil;1,21,5|nil|nil|0|nil|nil;1,21,5|nil|nil|0|nil|nil;1,22,11|3,26,11|nil|1|nil|nil;nil|nil|nil|1|nil|nil;nil|nil|nil|1|nil|nil;nil|nil|nil|1|nil|nil;
1,23,5|nil|nil|0|nil|nil;1,22,5|nil|nil|0|nil|nil;1,23,5|nil|nil|0|nil|nil;1,22,3|nil|nil|0|nil|nil;1,23,5|3,26,11|nil|1|nil|nil;nil|nil|nil|1|nil|nil;nil|nil|nil|1|nil|nil;nil|nil|nil|1|nil|nil;
1,22,9|nil|nil|0|nil|nil;1,22,3|nil|nil|0|nil|nil;1,22,9|nil|nil|0|nil|nil;1,22,5|nil|nil|0|nil|nil;1,22,3|3,26,11|nil|1|nil|nil;nil|nil|nil|1|nil|nil;nil|nil|nil|1|nil|nil;nil|nil|nil|1|nil|nil;
1,21,5|nil|nil|0|nil|nil;1,21,11|1,16,15|nil|0|1|nil;1,23,5|nil|nil|0|nil|nil;1,23,5|nil|nil|0|nil|nil;1,22,5|3,26,11|nil|1|nil|nil;nil|nil|nil|1|nil|nil;nil|nil|nil|1|nil|nil;nil|nil|nil|1|nil|nil;
1,21,5|nil|nil|0|nil|nil;1,21,5|nil|nil|0|nil|nil;1,22,5|nil|nil|0|nil|nil;1,23,5|nil|nil|0|nil|nil;1,22,5|3,26,11|nil|1|nil|nil;nil|nil|nil|1|nil|nil;nil|nil|nil|1|nil|nil;nil|nil|nil|1|nil|nil;
1,21,5|nil|nil|0|nil|nil;1,22,3|1,15,15|nil|1|1|nil;1,21,5|nil|nil|0|nil|nil;1,21,5|nil|nil|0|nil|nil;1,22,5|3,26,11|nil|1|nil|nil;nil|nil|nil|1|nil|nil;nil|nil|nil|1|nil|nil;nil|nil|nil|1|nil|nil;
# Block 1 -2
nil|nil|nil|1|nil|nil;nil|nil|nil|1|nil|nil;nil|nil|nil|1|nil|nil;nil|nil|nil|1|nil|nil;nil|nil|nil|1|nil|nil;nil|nil|nil|1|nil|nil;1,22,3|nil|nil|0|nil|nil;1,21,11|nil|nil|0|nil|nil;
nil|nil|nil|1|nil|nil;nil|nil|nil|1|nil|nil;nil|nil|nil|1|nil|nil;nil|nil|nil|1|nil|nil;nil|nil|nil|1|nil|nil;nil|nil|nil|1|nil|nil;1,23,5|nil|nil|0|nil|nil;1,22,9|nil|nil|0|nil|nil;
nil|nil|nil|1|nil|nil;nil|nil|nil|1|nil|nil;nil|nil|nil|1|nil|nil;nil|nil|nil|1|nil|nil;nil|nil|nil|1|nil|nil;nil|nil|nil|1|nil|nil;1,22,3|nil|nil|0|nil|nil;1,22,3|nil|nil|0|nil|nil;
nil|nil|nil|1|nil|nil;nil|nil|nil|1|nil|nil;nil|nil|nil|1|nil|nil;nil|nil|nil|1|nil|nil;nil|nil|nil|1|nil|nil;nil|nil|nil|1|nil|nil;1,22,9|nil|nil|0|nil|nil;1,22,11|nil|nil|0|nil|nil;
nil|nil|nil|1|nil|nil;nil|nil|nil|1|nil|nil;nil|nil|nil|1|nil|nil;nil|nil|nil|1|nil|nil;nil|nil|nil|1|nil|nil;nil|nil|nil|1|nil|nil;1,22,3|nil|nil|0|nil|nil;1,21,11|nil|nil|0|nil|nil;
nil|nil|nil|1|nil|nil;nil|nil|nil|1|nil|nil;nil|nil|nil|1|nil|nil;nil|nil|nil|1|nil|nil;nil|nil|nil|1|nil|nil;nil|nil|nil|1|nil|nil;2,16,3|2,23,3|3,27,12|1|nil|nil;2,16,3|2,23,3|3,26,12|1|nil|nil;
nil|nil|nil|1|nil|nil;nil|nil|nil|1|nil|nil;nil|nil|nil|1|nil|nil;nil|nil|nil|1|nil|nil;nil|nil|nil|1|nil|nil;nil|nil|nil|1|nil|nil;2,16,3|nil|nil|0|nil|nil;2,16,3|nil|nil|0|nil|nil;
nil|nil|nil|1|nil|nil;nil|nil|nil|1|nil|nil;nil|nil|nil|1|nil|nil;nil|nil|nil|1|nil|nil;nil|nil|nil|1|nil|nil;nil|nil|nil|1|nil|nil;2,16,3|nil|nil|0|nil|nil;2,16,3|nil|nil|0|nil|nil;
# Block 1 -1
1,23,5|nil|nil|0|nil|nil;1,22,11|nil|nil|0|nil|nil;1,22,5|nil|nil|0|nil|nil;1,22,5|nil|nil|0|nil|nil;1,21,5|3,26,11|nil|1|nil|nil;2,16,3|2,22,10|nil|0|nil|nil;2,16,3|nil|nil|0|nil|nil;2,16,3|2,22,2|nil|0|nil|nil;
1,23,5|nil|nil|0|nil|nil;1,22,3|nil|nil|0|nil|nil;1,22,11|nil|nil|0|nil|nil;1,22,9|nil|nil|0|nil|nil;1,22,9|3,26,11|nil|1|nil|nil;2,16,3|2,22,10|nil|0|nil|nil;2,16,3|nil|nil|0|nil|nil;2,16,3|2,22,2|nil|0|nil|nil;
1,22,5|nil|nil|0|nil|nil;1,22,9|nil|nil|0|nil|nil;1,22,11|nil|nil|0|nil|nil;1,22,3|nil|nil|0|nil|nil;1,22,3|3,26,11|nil|1|nil|nil;2,16,3|2,22,10|nil|0|nil|nil;2,16,3|nil|nil|0|nil|nil;2,16,3|2,22,2|nil|0|nil|nil;
1,21,5|nil|nil|0|nil|nil;1,22,3|nil|nil|0|nil|nil;1,21,5|nil|nil|0|nil|nil;1,22,11|nil|nil|0|nil|nil;1,22,5|3,26,11|nil|1|nil|nil;2,16,3|2,22,10|nil|0|nil|nil;2,16,3|nil|nil|0|nil|nil;2,16,3|2,22,2|nil|0|nil|nil;
1,22,5|nil|nil|0|nil|nil;1,21,11|nil|nil|0|nil|nil;1,23,5|nil|nil|0|nil|nil;1,21,11|nil|nil|0|nil|nil;1,22,3|3,26,11|nil|1|nil|nil;2,16,3|2,22,10|nil|0|nil|nil;2,16,3|nil|nil|0|nil|nil;2,16,3|2,22,2|nil|0|nil|nil;
2,16,3|2,23,3|3,26,12|1|nil|nil;2,16,3|2,23,3|3,26,12|1|nil|nil;2,16,3|2,23,3|3,26,12|1|nil|nil;2,16,3|2,23,3|3,26,12|1|nil|nil;2,16,3|2,23,3|3,27,15|1|nil|nil;2,16,3|2,23,10|nil|0|nil|nil;2,16,3|nil|nil|0|nil|nil;2,16,3|2,22,2|nil|0|nil|nil;
2,16,3|nil|nil|0|nil|nil;2,16,3|nil|nil|0|nil|nil;2,16,3|nil|nil|0|nil|nil;2,16,3|nil|nil|0|nil|nil;2,16,3|nil|nil|0|nil|nil;2,16,3|nil|nil|0|nil|nil;2,16,3|nil|nil|0|nil|nil;2,16,3|2,22,2|nil|0|nil|nil;
2,16,3|nil|nil|0|nil|nil;2,16,3|nil|nil|0|nil|nil;2,16,3|nil|nil|0|nil|nil;2,16,3|nil|nil|0|nil|nil;2,16,3|nil|nil|0|nil|nil;2,16,3|nil|nil|0|nil|nil;2,16,3|nil|nil|0|nil|nil;2,16,3|2,22,2|nil|0|nil|nil;
# Block 2 0
1,22,3|nil|nil|0|nil|nil;1,23,11|nil|nil|0|nil|nil;1,22,9|nil|nil|0|nil|nil;1,22,5|nil|nil|0|nil|nil;1,21,11|nil|nil|0|nil|nil;1,22,5|nil|nil|0|nil|nil;1,22,5|nil|nil|0|nil|nil;1,21,5|1,16,15|nil|0|1|nil;
1,23,5|nil|nil|0|nil|nil;1,22,3|nil|nil|0|nil|nil;1,21,5|nil|nil|0|nil|nil;1,22,9|nil|nil|0|nil|nil;1,22,3|nil|nil|0|nil|nil;1,22,5|nil|nil|0|nil|nil;1,22,3|nil|nil|0|nil|nil;1,22,5|nil|nil|0|nil|nil;
1,23,5|nil|nil|0|nil|nil;1,22,5|nil|nil|0|nil|nil;1,21,5|nil|nil|0|nil|nil;1,21,11|nil|nil|0|nil|nil;1,23,5|nil|nil|0|nil|nil;1,22,3|nil|nil|0|nil|nil;1,22,9|nil|nil|0|nil|nil;1,22,11|nil|1,27,29|0|1|nil;
1,21,5|nil|nil|0|nil|nil;1,22,3|nil|nil|0|nil|nil;1,22,5|nil|nil|0|nil|nil;1,21,5|nil|nil|0|nil|nil;1,23,11|nil|nil|0|nil|nil;1,23,5|nil|nil|0|nil|nil;1,22,11|nil|nil|0|nil|nil;1,22,3|nil|1,28,29|0|1|nil;
1,22,11|nil|nil|0|nil|nil;1,22,3|nil|nil|0|nil|nil;1,22,9|1,15,15|nil|1|1|nil;1,23,11|nil|nil|0|nil|nil;1,22,5|nil|nil|0|nil|nil;1,22,11|nil|nil|0|nil|nil;1,22,3|nil|nil|0|nil|nil;1,21,5|nil|nil|0|nil|nil;
1,22,9|nil|nil|0|nil|nil;1,22,9|nil|nil|0|nil|nil;1,22,5|nil|nil|0|nil|nil;1,23,5|nil|nil|0|nil|nil;1,23,11|nil|nil|0|nil|nil;1,23,5|1,16,15|nil|0|1|nil;1,22,9|nil|nil|0|nil|nil;1,21,11|nil|nil|0|nil|nil;
1,23,5|nil|nil|0|nil|nil;1,22,11|nil|nil|0|nil|nil;1,21,11|nil|nil|0|nil|nil;1,21,5|nil|nil|0|nil|nil;1,22,11|nil|nil|0|nil|nil;1,21,5|nil|nil|0|nil|nil;1,22,11|nil|nil|0|nil|nil;1,22,5|nil|nil|0|nil|nil;
1,22,5|nil|nil|0|nil|nil;1,22,3|nil|nil|0|nil|nil;1,22,3|nil|nil|0|nil|nil;1,21,11|nil|nil|0|nil|nil;1,22,5|nil|nil|0|nil|nil;1,22,5|nil|nil|0|nil|nil;1,23,5|nil|nil|0|nil|nil;1,22,5|nil|nil|0|nil|nil;
# Block 2 1
1,22,5|nil|nil|0|nil|nil;1,23,5|nil|nil|0|nil|nil;1,21,5|nil|nil|0|nil|nil;1,21,5|nil|nil|0|nil|nil;1,21,5|nil|nil|0|nil|nil;1,23,5|nil|nil|0|nil|nil;1,21,5|nil|nil|0|nil|nil;1,21,5|1,15,15|nil|1|1|nil;
1,22,3|nil|nil|0|nil|nil;1,21,11|nil|nil|0|nil|nil;1,23,5|nil|nil|0|nil|nil;1,23,11|nil|nil|0|nil|nil;1,22,5|nil|nil|0|nil|nil;1,21,11|nil|nil|0|nil|nil;1,21,5|nil|nil|0|nil|nil;1,22,9|nil|nil|0|nil|nil;
1,22,5|nil|1,27,30|0|1|nil;1,22,9|1,27,31|nil|1|1|nil;1,21,11|nil|nil|0|nil|nil;1,22,11|nil|nil|0|nil|nil;1,22,11|nil|nil|0|nil|nil;1,21,5|nil|nil|0|nil|nil;1,23,11|nil|nil|0|nil|nil;1,22,11|nil|nil|0|nil|nil;
1,21,11|nil|1,28,30|0|1|nil;1,22,9|1,28,31|nil|1|1|nil;1,21,5|nil|nil|0|nil|nil;1,22,3|nil|nil|0|nil|nil;1,22,3|1,16,15|nil|0|1|nil;1,21,5|nil|nil|0|nil|nil;1,23,5|nil|nil|0|nil|nil;1,22,3|nil|nil|0|nil|nil;
1,23,5|nil|nil|0|nil|nil;1,23,5|nil|nil|0|nil|nil;1,22,9|nil|nil|0|nil|nil;1,21,11|nil|nil|0|nil|nil;1,22,3|nil|nil|0|nil|nil;1,23,5|nil|nil|0|nil|nil;1,22,3|nil|nil|0|nil|nil;1,22,3|nil|nil|0|nil|nil;
1,22,3|nil|nil|0|nil|nil;1,22,5|nil|nil|0|nil|nil;1,23,11|nil|nil|0|nil|nil;1,22,5|nil|nil|0|nil|nil;1,23,11|nil|nil|0|nil|nil;1,23,5|1,15,15|nil|1|1|nil;1,22,5|nil|nil|0|nil|nil;1,22,9|nil|nil|0|nil|nil;
1,22,5|nil|nil|0|nil|nil;1,23,5|nil|nil|0|nil|nil;1,21,5|nil|nil|0|nil|nil;1,22,9|nil|nil|0|nil|nil;1,23,5|nil|nil|0|nil|nil;1,23,5|nil|nil|0|nil|nil;1,21,5|nil|nil|0|nil|nil;1,22,3|nil|nil|0|nil|nil;
1,22,9|nil|nil|0|nil|nil;1,22,3|nil|nil|0|nil|nil;1,22,9|nil|nil|0|nil|nil;1,22,11|nil|nil|0|nil|nil;1,23,5|nil|nil|0|nil|nil;1,22,3|nil|nil|0|nil|nil;1,22,5|nil|nil|0|nil|nil;1,22,9|nil|nil|0|nil|nil;
# Block 2 2
1,22,9|nil|nil|0|nil|nil;1,21,5|nil|nil|0|nil|nil;1,23,11|nil|nil|0|nil|nil;1,21,5|nil|nil|0|nil|nil;1,21,5|3,26,11|nil|1|nil|nil;nil|nil|nil|1|nil|nil;nil|nil|nil|1|nil|nil;nil|nil|nil|1|nil|nil;
1,22,9|nil|nil|0|nil|nil;1,21,5|nil|nil|0|nil|nil;1,21,11|nil|nil|0|nil|nil;1,21,5|nil|nil|0|nil|nil;1,23,11|3,26,11|nil|1|nil|nil;nil|nil|nil|1|nil|nil;nil|nil|nil|1|nil|nil;nil|nil|nil|1|nil|nil;
1,22,3|nil|nil|0|nil|nil;1,22,5|nil|nil|0|nil|nil;1,21,11|nil|nil|0|nil|nil;1,22,3|nil|nil|0|nil|nil;1,23,5|3,26,11|nil|1|nil|nil;nil|nil|nil|1|nil|nil;nil|nil|nil|1|nil|nil;nil|nil|nil|1|nil|nil;
1,22,9|nil|nil|0|nil|nil;1,22,3|nil|nil|0|nil|nil;1,23,5|1,15,15|nil|1|1|nil;1,21,11|nil|nil|0|nil|nil;1,22,3|3,26,11|nil|1|nil|nil;nil|nil|nil|1|nil|nil;nil|nil|nil|1|nil|nil;nil|nil|nil|1|nil|nil;
1,22,3|nil|nil|0|nil|nil;1,22,9|nil|nil|0|nil|nil;1,22,9|nil|nil|0|nil|nil;1,22,3|nil|nil|0|nil|nil;1,22,9|3,26,11|nil|1|nil|nil;nil|nil|nil|1|nil|nil;nil|nil|nil|1|nil|nil;nil|nil|nil|1|nil|nil;
1,22,9|1,15,15|1,27,29|1|1|nil;1,22,5|nil|1,27,30|0|1|nil;1,23,5|1,27,31|nil|1|1|nil;1,22,9|nil|nil|0|nil|nil;1,22,3|3,26,11|nil|1|nil|nil;nil|nil|nil|1|nil|nil;nil|nil|nil|1|nil|nil;nil|nil|nil|1|nil|nil;
1,22,9|nil|1,28,29|0|1|nil;1,22,9|nil|1,28,30|0|1|nil;1,23,11|1,28,31|nil|1|1|nil;1,22,9|nil|nil|0|nil|nil;1,23,11|3,26,11|nil|1|nil|nil;nil|nil|nil|1|nil|nil;nil|nil|nil|1|nil|nil;nil|nil|nil|1|nil|nil;
1,22,5|nil|nil|0|nil|nil;1,22,9|nil|nil|0|nil|nil;1,22,11|nil|nil|0|nil|nil;1,22,9|nil|nil|0|nil|nil;1,23,5|3,26,11|nil|1|nil|nil;nil|nil|nil|1|nil|nil;nil|nil|nil|1|nil|nil;nil|nil|nil|1|nil|nil;
# Block 2 -2
nil|nil|nil|1|nil|nil;nil|nil|nil|1|nil|nil;nil|nil|nil|1|nil|nil;nil|nil|nil|1|nil|nil;nil|nil|nil|1|nil|nil;nil|nil|nil|1|nil|nil;2,16,3|2,21,3|3,27,12|1|nil|nil;2,16,3|2,21,3|3,26,12|1|nil|nil;
nil|nil|nil|1|nil|nil;nil|nil|nil|1|nil|nil;nil|nil|nil|1|nil|nil;nil|nil|nil|1|nil|nil;nil|nil|nil|1|nil|nil;nil|nil|nil|1|nil|nil;1,21,5|nil|nil|0|nil|nil;1,22,9|nil|nil|0|nil|nil;
nil|nil|nil|1|nil|nil;nil|nil|nil|1|nil|nil;nil|nil|nil|1|nil|nil;nil|nil|nil|1|nil|nil;nil|nil|nil|1|nil|nil;nil|nil|nil|1|nil|nil;1,22,9|nil|nil|0|nil|nil;1,22,3|nil|nil|0|nil|nil;
nil|nil|nil|1|nil|nil;nil|nil|nil|1|nil|nil;nil|nil|nil|1|nil|nil;nil|nil|nil|1|nil|nil;nil|nil|nil|1|nil|nil;nil|nil|nil|1|nil|nil;1,21,5|nil|nil|0|nil|nil;1,21,5|nil|nil|0|nil|nil;
nil|nil|nil|1|nil|nil;nil|nil|nil|1|nil|nil;nil|nil|nil|1|nil|nil;nil|nil|nil|1|nil|nil;nil|nil|nil|1|nil|nil;nil|nil|nil|1|nil|nil;1,22,9|nil|nil|0|nil|nil;1,23,11|nil|nil|0|nil|nil;
nil|nil|nil|1|nil|nil;nil|nil|nil|1|nil|nil;nil|nil|nil|1|nil|nil;nil|nil|nil|1|nil|nil;nil|nil|nil|1|nil|nil;nil|nil|nil|1|nil|nil;1,21,5|nil|nil|0|nil|nil;1,21,5|nil|nil|0|nil|nil;
nil|nil|nil|1|nil|nil;nil|nil|nil|1|nil|nil;nil|nil|nil|1|nil|nil;nil|nil|nil|1|nil|nil;nil|nil|nil|1|nil|nil;nil|nil|nil|1|nil|nil;1,22,9|nil|nil|0|nil|nil;1,23,5|nil|nil|0|nil|nil;
nil|nil|nil|1|nil|nil;nil|nil|nil|1|nil|nil;nil|nil|nil|1|nil|nil;nil|nil|nil|1|nil|nil;nil|nil|nil|1|nil|nil;nil|nil|nil|1|nil|nil;1,21,5|nil|nil|0|nil|nil;1,21,5|nil|nil|0|nil|nil;
# Block 2 -1
2,16,3|2,21,3|3,26,12|1|nil|nil;2,16,3|2,21,3|3,26,12|1|nil|nil;2,16,3|2,21,3|3,26,12|1|nil|nil;2,16,3|2,21,3|3,26,12|1|nil|nil;2,16,3|2,21,3|3,25,15|1|nil|nil;2,16,3|2,21,3|nil|0|nil|nil;2,16,3|2,21,3|nil|0|nil|nil;2,16,3|2,23,1|nil|0|nil|nil;
1,22,11|nil|nil|0|nil|nil;1,23,5|nil|nil|0|nil|nil;1,22,9|nil|nil|0|nil|nil;1,23,5|nil|nil|0|nil|nil;1,21,5|3,26,11|nil|1|nil|nil;1,21,5|nil|nil|0|nil|nil;1,23,5|nil|nil|0|nil|nil;1,23,11|nil|nil|0|nil|nil;
1,22,9|nil|nil|0|nil|nil;1,23,11|nil|nil|0|nil|nil;1,22,5|nil|nil|0|nil|nil;1,21,11|nil|nil|0|nil|nil;1,22,5|3,26,11|nil|1|nil|nil;1,23,5|nil|nil|0|nil|nil;1,22,3|nil|nil|0|nil|nil;1,23,11|nil|nil|0|nil|nil;
1,22,11|nil|nil|0|nil|nil;1,22,3|nil|nil|0|nil|nil;1,22,9|nil|nil|0|nil|nil;1,22,9|nil|nil|0|nil|nil;1,22,11|3,26,11|nil|1|nil|nil;1,22,3|nil|nil|0|nil|nil;1,22,5|nil|nil|0|nil|nil;1,22,11|nil|nil|0|nil|nil;
1,22,9|nil|nil|0|nil|nil;1,23,5|nil|nil|0|nil|nil;1,22,11|nil|nil|0|nil|nil;1,22,11|nil|nil|0|nil|nil;1,23,5|3,26,11|nil|1|nil|nil;1,22,9|nil|nil|0|nil|nil;1,23,5|nil|nil|0|nil|nil;1,21,5|nil|nil|0|nil|nil;
1,21,11|nil|nil|0|nil|nil;1,22,5|nil|nil|0|nil|nil;1,22,9|nil|nil|0|nil|nil;1,22,9|nil|nil|0|nil|nil;1,23,5|3,26,11|nil|1|nil|nil;1,23,11|nil|nil|0|nil|nil;1,23,5|nil|nil|0|nil|nil;1,22,3|nil|nil|0|nil|nil;
1,22,9|nil|nil|0|nil|nil;1,22,5|nil|nil|0|nil|nil;1,22,3|nil|nil|0|nil|nil;1,22,9|nil|nil|0|nil|nil;1,23,5|3,26,11|nil|1|nil|nil;1,22,3|nil|nil|0|nil|nil;1,22,3|nil|nil|0|nil|nil;1,21,5|nil|nil|0|nil|nil;
1,23,5|nil|nil|0|nil|nil;1,22,3|nil|nil|0|nil|nil;1,23,11|nil|nil|0|nil|nil;1,21,5|nil|nil|0|nil|nil;1,22,3|3,26,11|nil|1|nil|nil;1,21,11|nil|nil|0|nil|nil;1,22,5|nil|nil|0|nil|nil;1,22,3|nil|nil|0|nil|nil;
# Block 3 0
1,21,5|nil|nil|0|nil|nil;1,22,3|nil|nil|0|nil|nil;1,22,3|nil|nil|0|nil|nil;1,22,9|nil|nil|0|nil|nil;1,23,5|nil|nil|0|nil|nil;1,22,9|nil|nil|0|nil|nil;1,22,5|nil|nil|0|nil|nil;1,22,9|nil|nil|0|nil|nil;
1,22,3|3,26,12|nil|1|nil|nil;1,22,9|3,26,12|nil|1|nil|nil;1,21,5|3,26,12|nil|1|nil|nil;1,22,11|3,26,12|nil|1|nil|nil;1,22,11|3,26,12|nil|1|nil|nil;1,22,9|3,26,12|nil|1|nil|nil;1,23,11|3,26,12|nil|1|nil|nil;1,22,5|3,26,12|nil|1|nil|nil;
nil|nil|nil|1|nil|nil;nil|nil|nil|1|nil|nil;nil|nil|nil|1|nil|nil;nil|nil|nil|1|nil|nil;nil|nil|nil|1|nil|nil;nil|nil|nil|1|nil|nil;nil|nil|nil|1|nil|nil;nil|nil|nil|1|nil|nil;
nil|nil|nil|1|nil|nil;nil|nil|nil|1|nil|nil;nil|nil|nil|1|nil|nil;nil|nil|nil|1|nil|nil;nil|nil|nil|1|nil|nil;nil|nil|nil|1|nil|nil;nil|nil|nil|1|nil|nil;nil|nil|nil|1|nil|nil;
nil|nil|nil|1|nil|nil;nil|nil|nil|1|nil|nil;nil|nil|nil|1|nil|nil;nil|nil|nil|1|nil|nil;nil|nil|nil|1|nil|nil;nil|nil|nil|1|nil|nil;nil|nil|nil|1|nil|nil;nil|nil|nil|1|nil|nil;
nil|nil|nil|1|nil|nil;nil|nil|nil|1|nil|nil;nil|nil|nil|1|nil|nil;nil|nil|nil|1|nil|nil;nil|nil|nil|1|nil|nil;nil|nil|nil|1|nil|nil;nil|nil|nil|1|nil|nil;nil|nil|nil|1|nil|nil;
nil|nil|nil|1|nil|nil;nil|nil|nil|1|nil|nil;nil|nil|nil|1|nil|nil;nil|nil|nil|1|nil|nil;nil|nil|nil|1|nil|nil;nil|nil|nil|1|nil|nil;nil|nil|nil|1|nil|nil;nil|nil|nil|1|nil|nil;
nil|nil|nil|1|nil|nil;nil|nil|nil|1|nil|nil;nil|nil|nil|1|nil|nil;nil|nil|nil|1|nil|nil;nil|nil|nil|1|nil|nil;nil|nil|nil|1|nil|nil;nil|nil|nil|1|nil|nil;nil|nil|nil|1|nil|nil;
# Block 3 1
1,22,3|nil|nil|0|nil|nil;1,22,9|nil|nil|0|nil|nil;1,22,11|nil|nil|0|nil|nil;1,23,11|nil|nil|0|nil|nil;1,21,5|nil|nil|0|nil|nil;1,22,5|nil|nil|0|nil|nil;1,23,5|nil|nil|0|nil|nil;1,21,5|nil|nil|0|nil|nil;
1,21,5|3,26,12|nil|1|nil|nil;1,22,3|3,26,12|nil|1|nil|nil;1,21,5|3,26,12|nil|1|nil|nil;1,21,5|3,26,12|nil|1|nil|nil;1,22,5|3,26,12|nil|1|nil|nil;1,22,9|3,26,12|nil|1|nil|nil;1,21,5|3,26,12|nil|1|nil|nil;1,21,11|3,26,12|nil|1|nil|nil;
nil|nil|nil|1|nil|nil;nil|nil|nil|1|nil|nil;nil|nil|nil|1|nil|nil;nil|nil|nil|1|nil|nil;nil|nil|nil|1|nil|nil;nil|nil|nil|1|nil|nil;nil|nil|nil|1|nil|nil;nil|nil|nil|1|nil|nil;
nil|nil|nil|1|nil|nil;nil|nil|nil|1|nil|nil;nil|nil|nil|1|nil|nil;nil|nil|nil|1|nil|nil;nil|nil|nil|1|nil|nil;nil|nil|nil|1|nil|nil;nil|nil|nil|1|nil|nil;nil|nil|nil|1|nil|nil;
nil|nil|nil|1|nil|nil;nil|nil|nil|1|nil|nil;nil|nil|nil|1|nil|nil;nil|nil|nil|1|nil|nil;nil|nil|nil|1|nil|nil;nil|nil|nil|1|nil|nil;nil|nil|nil|1|nil|nil;nil|nil|nil|1|nil|nil;
nil|nil|nil|1|nil|nil;nil|nil|nil|1|nil|nil;nil|nil|nil|1|nil|nil;nil|nil|nil|1|nil|nil;nil|nil|nil|1|nil|nil;nil|nil|nil|1|nil|nil;nil|nil|nil|1|nil|nil;nil|nil|nil|1|nil|nil;
nil|nil|nil|1|nil|nil;nil|nil|nil|1|nil|nil;nil|nil|nil|1|nil|nil;nil|nil|nil|1|nil|nil;nil|nil|nil|1|nil|nil;nil|nil|nil|1|nil|nil;nil|nil|nil|1|nil|nil;nil|nil|nil|1|nil|nil;
nil|nil|nil|1|nil|nil;nil|nil|nil|1|nil|nil;nil|nil|nil|1|nil|nil;nil|nil|nil|1|nil|nil;nil|nil|nil|1|nil|nil;nil|nil|nil|1|nil|nil;nil|nil|nil|1|nil|nil;nil|nil|nil|1|nil|nil;
# Block 3 2
1,22,5|nil|nil|0|nil|nil;1,22,9|nil|nil|0|nil|nil;1,22,5|nil|nil|0|nil|nil;1,22,11|nil|nil|0|nil|nil;1,23,11|3,26,11|nil|1|nil|nil;nil|nil|nil|1|nil|nil;nil|nil|nil|1|nil|nil;nil|nil|nil|1|nil|nil;
1,21,11|3,26,12|nil|1|nil|nil;1,23,5|3,26,12|nil|1|nil|nil;1,22,5|3,26,12|nil|1|nil|nil;1,23,11|3,26,12|nil|1|nil|nil;1,21,11|3,27,15|nil|1|nil|nil;nil|nil|nil|1|nil|nil;nil|nil|nil|1|nil|nil;nil|nil|nil|1|nil|nil;
nil|nil|nil|1|nil|nil;nil|nil|nil|1|nil|nil;nil|nil|nil|1|nil|nil;nil|nil|nil|1|nil|nil;nil|nil|nil|1|nil|nil;nil|nil|nil|1|nil|nil;nil|nil|nil|1|nil|nil;nil|nil|nil|1|nil|nil;
nil|nil|nil|1|nil|nil;nil|nil|nil|1|nil|nil;nil|nil|nil|1|nil|nil;nil|nil|nil|1|nil|nil;nil|nil|nil|1|nil|nil;nil|nil|nil|1|nil|nil;nil|nil|nil|1|nil|nil;nil|nil|nil|1|nil|nil;
nil|nil|nil|1|nil|nil;nil|nil|nil|1|nil|nil;nil|nil|nil|1|nil|nil;nil|nil|nil|1|nil|nil;nil|nil|nil|1|nil|nil;nil|nil|nil|1|nil|nil;nil|nil|nil|1|nil|nil;nil|nil|nil|1|nil|nil;
nil|nil|nil|1|nil|nil;nil|nil|nil|1|nil|nil;nil|nil|nil|1|nil|nil;nil|nil|nil|1|nil|nil;nil|nil|nil|1|nil|nil;nil|nil|nil|1|nil|nil;nil|nil|nil|1|nil|nil;nil|nil|nil|1|nil|nil;
nil|nil|nil|1|nil|nil;nil|nil|nil|1|nil|nil;nil|nil|nil|1|nil|nil;nil|nil|nil|1|nil|nil;nil|nil|nil|1|nil|nil;nil|nil|nil|1|nil|nil;nil|nil|nil|1|nil|nil;nil|nil|nil|1|nil|nil;
nil|nil|nil|1|nil|nil;nil|nil|nil|1|nil|nil;nil|nil|nil|1|nil|nil;nil|nil|nil|1|nil|nil;nil|nil|nil|1|nil|nil;nil|nil|nil|1|nil|nil;nil|nil|nil|1|nil|nil;nil|nil|nil|1|nil|nil;
# Block 3 -2
nil|nil|nil|1|nil|nil;nil|nil|nil|1|nil|nil;nil|nil|nil|1|nil|nil;nil|nil|nil|1|nil|nil;nil|nil|nil|1|nil|nil;nil|nil|nil|1|nil|nil;1,22,5|nil|nil|0|nil|nil;1,21,5|nil|nil|0|nil|nil;
nil|nil|nil|1|nil|nil;nil|nil|nil|1|nil|nil;nil|nil|nil|1|nil|nil;nil|nil|nil|1|nil|nil;nil|nil|nil|1|nil|nil;nil|nil|nil|1|nil|nil;1,21,5|nil|nil|0|nil|nil;1,21,5|nil|nil|0|nil|nil;
nil|nil|nil|1|nil|nil;nil|nil|nil|1|nil|nil;nil|nil|nil|1|nil|nil;nil|nil|nil|1|nil|nil;nil|nil|nil|1|nil|nil;nil|nil|nil|1|nil|nil;nil|nil|nil|1|nil|nil;nil|nil|nil|1|nil|nil;
nil|nil|nil|1|nil|nil;nil|nil|nil|1|nil|nil;nil|nil|nil|1|nil|nil;nil|nil|nil|1|nil|nil;nil|nil|nil|1|nil|nil;nil|nil|nil|1|nil|nil;nil|nil|nil|1|nil|nil;nil|nil|nil|1|nil|nil;
nil|nil|nil|1|nil|nil;nil|nil|nil|1|nil|nil;nil|nil|nil|1|nil|nil;nil|nil|nil|1|nil|nil;nil|nil|nil|1|nil|nil;nil|nil|nil|1|nil|nil;nil|nil|nil|1|nil|nil;nil|nil|nil|1|nil|nil;
nil|nil|nil|1|nil|nil;nil|nil|nil|1|nil|nil;nil|nil|nil|1|nil|nil;nil|nil|nil|1|nil|nil;nil|nil|nil|1|nil|nil;nil|nil|nil|1|nil|nil;nil|nil|nil|1|nil|nil;nil|nil|nil|1|nil|nil;
nil|nil|nil|1|nil|nil;nil|nil|nil|1|nil|nil;nil|nil|nil|1|nil|nil;nil|nil|nil|1|nil|nil;nil|nil|nil|1|nil|nil;nil|nil|nil|1|nil|nil;nil|nil|nil|1|nil|nil;nil|nil|nil|1|nil|nil;
nil|nil|nil|1|nil|nil;nil|nil|nil|1|nil|nil;nil|nil|nil|1|nil|nil;nil|nil|nil|1|nil|nil;nil|nil|nil|1|nil|nil;nil|nil|nil|1|nil|nil;nil|nil|nil|1|nil|nil;nil|nil|nil|1|nil|nil;
# Block 3 -1
1,21,5|nil|nil|0|nil|nil;1,22,3|nil|nil|0|nil|nil;1,21,5|nil|nil|0|nil|nil;1,22,9|nil|nil|0|nil|nil;1,22,3|3,26,11|nil|1|nil|nil;1,23,11|nil|nil|0|nil|nil;1,22,3|nil|nil|0|nil|nil;1,22,5|nil|nil|0|nil|nil;
1,23,5|nil|nil|0|nil|nil;1,22,9|nil|nil|0|nil|nil;1,22,5|nil|nil|0|nil|nil;1,22,5|nil|nil|0|nil|nil;1,22,3|3,27,13|nil|1|nil|nil;1,22,5|3,26,12|nil|1|nil|nil;1,22,5|3,26,12|nil|1|nil|nil;1,21,5|3,26,12|nil|1|nil|nil;
nil|nil|nil|1|nil|nil;nil|nil|nil|1|nil|nil;nil|nil|nil|1|nil|nil;nil|nil|nil|1|nil|nil;nil|nil|nil|1|nil|nil;nil|nil|nil|1|nil|nil;nil|nil|nil|1|nil|nil;nil|nil|nil|1|nil|nil;
nil|nil|nil|1|nil|nil;nil|nil|nil|1|nil|nil;nil|nil|nil|1|nil|nil;nil|nil|nil|1|nil|nil;nil|nil|nil|1|nil|nil;nil|nil|nil|1|nil|nil;nil|nil|nil|1|nil|nil;nil|nil|nil|1|nil|nil;
nil|nil|nil|1|nil|nil;nil|nil|nil|1|nil|nil;nil|nil|nil|1|nil|nil;nil|nil|nil|1|nil|nil;nil|nil|nil|1|nil|nil;nil|nil|nil|1|nil|nil;nil|nil|nil|1|nil|nil;nil|nil|nil|1|nil|nil;
nil|nil|nil|1|nil|nil;nil|nil|nil|1|nil|nil;nil|nil|nil|1|nil|nil;nil|nil|nil|1|nil|nil;nil|nil|nil|1|nil|nil;nil|nil|nil|1|nil|nil;nil|nil|nil|1|nil|nil;nil|nil|nil|1|nil|nil;
nil|nil|nil|1|nil|nil;nil|nil|nil|1|nil|nil;nil|nil|nil|1|nil|nil;nil|nil|nil|1|nil|nil;nil|nil|nil|1|nil|nil;nil|nil|nil|1|nil|nil;nil|nil|nil|1|nil|nil;nil|nil|nil|1|nil|nil;
nil|nil|nil|1|nil|nil;nil|nil|nil|1|nil|nil;nil|nil|nil|1|nil|nil;nil|nil|nil|1|nil|nil;nil|nil|nil|1|nil|nil;nil|nil|nil|1|nil|nil;nil|nil|nil|1|nil|nil;nil|nil|nil|1|nil|nil;
# Block -1 0
nil|nil|nil|1|nil|nil;nil|nil|nil|1|nil|nil;nil|nil|nil|1|nil|nil;nil|nil|nil|1|nil|nil;nil|nil|nil|1|nil|nil;nil|nil|nil|1|nil|nil;nil|nil|nil|1|nil|nil;nil|nil|nil|1|nil|nil;
1,21,5|3,26,12|nil|1|nil|nil;1,22,5|3,26,12|nil|1|nil|nil;1,21,5|3,26,12|nil|1|nil|nil;1,22,9|3,26,12|nil|1|nil|nil;1,22,3|3,26,12|nil|1|nil|nil;1,23,5|3,26,12|nil|1|nil|nil;1,21,11|3,26,12|nil|1|nil|nil;1,21,5|3,26,12|nil|1|nil|nil;
1,22,3|nil|nil|0|nil|nil;1,23,11|nil|nil|0|nil|nil;1,22,11|nil|nil|0|nil|nil;1,22,3|nil|nil|0|nil|nil;1,22,9|nil|nil|0|nil|nil;1,23,11|nil|nil|0|nil|nil;1,22,9|nil|nil|0|nil|nil;1,21,5|nil|nil|0|nil|nil;
2,16,3|2,22,7|nil|0|nil|nil;1,22,3|nil|nil|0|nil|nil;1,22,9|nil|nil|0|nil|nil;1,22,9|nil|nil|0|nil|nil;1,23,5|nil|nil|0|nil|nil;1,22,5|nil|nil|0|nil|nil;1,21,5|nil|nil|0|nil|nil;1,21,5|nil|nil|0|nil|nil;
2,16,3|2,22,2|nil|0|nil|nil;1,22,9|nil|nil|0|nil|nil;1,22,9|nil|nil|0|nil|nil;1,21,5|1,16,15|nil|0|1|nil;1,22,9|nil|nil|0|nil|nil;1,22,9|nil|nil|0|nil|nil;1,23,5|nil|nil|0|nil|nil;1,21,5|nil|nil|0|nil|nil;
2,16,3|2,22,2|nil|0|nil|nil;1,23,11|nil|nil|0|nil|nil;1,22,3|nil|nil|0|nil|nil;1,22,9|nil|nil|0|nil|nil;1,22,11|nil|nil|0|nil|nil;1,22,3|nil|nil|0|nil|nil;1,22,5|1,15,15|nil|1|1|nil;1,23,11|nil|nil|0|nil|nil;
2,16,3|2,23,8|nil|0|nil|nil;2,16,3|2,22,7|nil|0|nil|nil;1,22,11|nil|nil|0|nil|nil;1,22,9|nil|nil|0|nil|nil;1,22,9|nil|nil|0|nil|nil;1,22,9|nil|nil|0|nil|nil;1,21,5|nil|nil|0|nil|nil;1,22,5|nil|nil|0|nil|nil;
2,16,3|nil|nil|0|nil|nil;2,16,3|2,22,2|nil|0|nil|nil;1,21,11|nil|nil|0|nil|nil;1,21,11|nil|nil|0|nil|nil;1,22,3|nil|nil|0|nil|nil;1,21,5|nil|nil|0|nil|nil;1,22,5|nil|nil|0|nil|nil;1,21,11|nil|nil|0|nil|nil;
# Block -1 1
nil|nil|nil|1|nil|nil;nil|nil|nil|1|nil|nil;nil|nil|nil|1|nil|nil;nil|nil|nil|1|nil|nil;nil|nil|nil|1|nil|nil;nil|nil|nil|1|nil|nil;nil|nil|nil|1|nil|nil;nil|nil|nil|1|nil|nil;
1,21,11|3,26,12|nil|1|nil|nil;1,23,11|3,26,12|nil|1|nil|nil;1,22,9|3,26,12|nil|1|nil|nil;1,23,5|3,26,12|nil|1|nil|nil;1,23,11|3,26,12|nil|1|nil|nil;1,21,5|3,26,12|nil|1|nil|nil;1,21,5|3,26,12|nil|1|nil|nil;1,22,9|3,26,12|nil|1|nil|nil;
1,22,9|nil|nil|0|nil|nil;1,21,11|nil|nil|0|nil|nil;1,23,5|nil|nil|0|nil|nil;1,21,5|nil|nil|0|nil|nil;1,22,5|nil|nil|0|nil|nil;1,22,3|nil|nil|0|nil|nil;1,22,5|nil|nil|0|nil|nil;1,23,11|nil|nil|0|nil|nil;
1,22,11|nil|nil|0|nil|nil;1,22,9|nil|nil|0|nil|nil;1,22,3|nil|nil|0|nil|nil;1,22,5|nil|nil|0|nil|nil;1,23,5|nil|nil|0|nil|nil;1,21,5|nil|nil|0|nil|nil;1,23,5|nil|nil|0|nil|nil;1,22,3|nil|nil|0|nil|nil;
1,22,5|nil|nil|0|nil|nil;1,23,11|nil|nil|0|nil|nil;1,22,9|nil|nil|0|nil|nil;1,22,5|nil|nil|0|nil|nil;1,21,5|nil|nil|0|nil|nil;1,22,3|nil|nil|0|nil|nil;1,22,9|nil|nil|0|nil|nil;1,22,5|nil|nil|0|nil|nil;
1,23,5|nil|nil|0|nil|nil;1,21,5|nil|nil|0|nil|nil;1,22,3|nil|nil|0|nil|nil;1,22,5|1,15,15|nil|1|1|nil;1,21,11|nil|nil|0|nil|nil;1,22,5|nil|nil|0|nil|nil;1,23,11|nil|nil|0|nil|nil;1,22,5|nil|nil|0|nil|nil;
1,21,5|nil|nil|0|nil|nil;1,22,9|nil|nil|0|nil|nil;1,23,5|nil|nil|0|nil|nil;1,22,3|nil|nil|0|nil|nil;1,21,11|nil|nil|0|nil|nil;1,21,5|nil|nil|0|nil|nil;1,22,5|nil|nil|0|nil|nil;1,22,9|nil|nil|0|nil|nil;
1,22,5|nil|nil|0|nil|nil;1,23,11|nil|nil|0|nil|nil;1,21,5|nil|nil|0|nil|nil;1,21,5|nil|nil|0|nil|nil;1,22,5|nil|nil|0|nil|nil;1,23,5|1,15,15|nil|1|1|nil;1,23,5|nil|nil|0|nil|nil;1,23,5|nil|nil|0|nil|nil;
# Block -1 2
nil|nil|nil|1|nil|nil;nil|nil|nil|1|nil|nil;nil|nil|nil|1|nil|nil;nil|nil|nil|1|nil|nil;nil|nil|nil|1|nil|nil;nil|nil|nil|1|nil|nil;nil|nil|nil|1|nil|nil;nil|nil|nil|1|nil|nil;
1,21,5|3,26,12|nil|1|nil|nil;1,22,11|3,26,12|nil|1|nil|nil;1,22,9|3,26,12|nil|1|nil|nil;1,22,5|3,26,12|nil|1|nil|nil;1,23,5|3,25,15|nil|1|nil|nil;nil|nil|nil|1|nil|nil;nil|nil|nil|1|nil|nil;nil|nil|nil|1|nil|nil;
1,22,5|nil|nil|0|nil|nil;1,22,3|nil|nil|0|nil|nil;1,23,11|nil|nil|0|nil|nil;1,22,3|nil|nil|0|nil|nil;1,21,5|3,26,11|nil|1|nil|nil;nil|nil|nil|1|nil|nil;nil|nil|nil|1|nil|nil;nil|nil|nil|1|nil|nil;
1,21,5|nil|nil|0|nil|nil;1,23,5|nil|nil|0|nil|nil;1,22,5|nil|nil|0|nil|nil;1,21,5|nil|nil|0|nil|nil;1,21,5|3,26,11|nil|1|nil|nil;nil|nil|nil|1|nil|nil;nil|nil|nil|1|nil|nil;nil|nil|nil|1|nil|nil;
1,22,11|nil|nil|0|nil|nil;1,22,3|nil|nil|0|nil|nil;1,22,3|nil|nil|0|nil|nil;1,22,3|nil|nil|0|nil|nil;1,22,9|3,26,11|nil|1|nil|nil;nil|nil|nil|1|nil|nil;nil|nil|nil|1|nil|nil;nil|nil|nil|1|nil|nil;
1,22,11|1,16,15|nil|0|1|nil;1,23,5|nil|nil|0|nil|nil;1,22,3|nil|nil|0|nil|nil;1,22,9|nil|nil|0|nil|nil;1,22,5|3,26,11|nil|1|nil|nil;nil|nil|nil|1|nil|nil;nil|nil|nil|1|nil|nil;nil|nil|nil|1|nil|nil;
1,21,5|nil|nil|0|nil|nil;1,22,9|nil|nil|0|nil|nil;1,21,5|nil|nil|0|nil|nil;1,22,3|nil|nil|0|nil|nil;1,22,5|3,26,11|nil|1|nil|nil;nil|nil|nil|1|nil|nil;nil|nil|nil|1|nil|nil;nil|nil|nil|1|nil|nil;
1,22,9|nil|nil|0|nil|nil;1,23,11|nil|nil|0|nil|nil;1,21,11|nil|nil|0|nil|nil;1,22,3|nil|nil|0|nil|nil;1,22,9|3,26,11|nil|1|nil|nil;nil|nil|nil|1|nil|nil;nil|nil|nil|1|nil|nil;nil|nil|nil|1|nil|nil;
# Block -1 -2
nil|nil|nil|1|nil|nil;nil|nil|nil|1|nil|nil;nil|nil|nil|1|nil|nil;nil|nil|nil|1|nil|nil;nil|nil|nil|1|nil|nil;nil|nil|nil|1|nil|nil;1,21,11|nil|nil|0|nil|nil;1,22,3|nil|nil|0|nil|nil;
nil|nil|nil|1|nil|nil;nil|nil|nil|1|nil|nil;nil|nil|nil|1|nil|nil;nil|nil|nil|1|nil|nil;nil|nil|nil|1|nil|nil;nil|nil|nil|1|nil|nil;1,23,5|nil|nil|0|nil|nil;1,22,9|nil|nil|0|nil|nil;
nil|nil|nil|1|nil|nil;nil|nil|nil|1|nil|nil;nil|nil|nil|1|nil|nil;nil|nil|nil|1|nil|nil;nil|nil|nil|1|nil|nil;nil|nil|nil|1|nil|nil;1,22,9|nil|nil|0|nil|nil;1,22,11|nil|nil|0|nil|nil;
nil|nil|nil|1|nil|nil;nil|nil|nil|1|nil|nil;nil|nil|nil|1|nil|nil;nil|nil|nil|1|nil|nil;nil|nil|nil|1|nil|nil;nil|nil|nil|1|nil|nil;1,21,5|nil|nil|0|nil|nil;1,22,3|nil|nil|0|nil|nil;
nil|nil|nil|1|nil|nil;nil|nil|nil|1|nil|nil;nil|nil|nil|1|nil|nil;nil|nil|nil|1|nil|nil;nil|nil|nil|1|nil|nil;nil|nil|nil|1|nil|nil;1,22,3|nil|nil|0|nil|nil;1,22,3|nil|nil|0|nil|nil;
nil|nil|nil|1|nil|nil;nil|nil|nil|1|nil|nil;nil|nil|nil|1|nil|nil;nil|nil|nil|1|nil|nil;nil|nil|nil|1|nil|nil;nil|nil|nil|1|nil|nil;1,22,9|nil|nil|0|nil|nil;1,22,3|nil|nil|0|nil|nil;
nil|nil|nil|1|nil|nil;nil|nil|nil|1|nil|nil;nil|nil|nil|1|nil|nil;nil|nil|nil|1|nil|nil;nil|nil|nil|1|nil|nil;nil|nil|nil|1|nil|nil;1,23,11|nil|nil|0|nil|nil;1,23,5|3,0,12|nil|1|nil|nil;
nil|nil|nil|1|nil|nil;nil|nil|nil|1|nil|nil;nil|nil|nil|1|nil|nil;nil|nil|nil|1|nil|nil;nil|nil|nil|1|nil|nil;nil|nil|nil|1|nil|nil;1,21,5|nil|nil|0|nil|nil;1,21,11|3,3,13|nil|1|nil|nil;
# Block -1 -1
1,22,11|nil|nil|0|nil|nil;1,23,11|nil|nil|0|nil|nil;1,23,5|nil|nil|0|nil|nil;1,23,5|nil|nil|0|nil|nil;1,22,11|3,26,11|nil|1|nil|nil;2,16,3|2,22,10|nil|0|nil|nil;2,16,3|nil|nil|0|nil|nil;2,16,3|2,22,2|3,26,11|1|nil|nil;
1,22,3|nil|nil|0|nil|nil;1,22,9|nil|nil|0|nil|nil;1,23,11|nil|nil|0|nil|nil;1,22,11|nil|nil|0|nil|nil;1,23,11|3,26,11|nil|1|nil|nil;2,16,3|2,22,10|nil|0|nil|nil;2,16,3|nil|nil|0|nil|nil;2,16,3|2,22,2|3,27,13|1|nil|nil;
1,23,5|nil|nil|0|nil|nil;1,22,3|nil|nil|0|nil|nil;1,23,5|nil|nil|0|nil|nil;1,23,5|nil|nil|0|nil|nil;1,23,5|3,26,11|nil|1|nil|nil;2,16,3|2,22,10|nil|0|nil|nil;2,16,3|nil|nil|0|nil|nil;2,16,3|2,22,2|nil|0|nil|nil;
1,23,11|nil|nil|0|nil|nil;1,22,9|nil|nil|0|nil|nil;1,21,5|nil|nil|0|nil|nil;1,23,5|nil|nil|0|nil|nil;1,23,11|3,26,11|nil|1|nil|nil;2,16,3|2,22,10|nil|0|nil|nil;2,16,3|nil|nil|0|nil|nil;2,16,3|2,23,8|nil|0|nil|nil;
1,22,9|nil|nil|0|nil|nil;1,22,5|nil|nil|0|nil|nil;1,21,11|nil|nil|0|nil|nil;1,22,11|nil|nil|0|nil|nil;1,23,5|3,26,11|nil|1|nil|nil;2,16,3|2,22,10|nil|0|nil|nil;2,16,3|nil|nil|0|nil|nil;2,16,3|nil|nil|0|nil|nil;
1,23,5|nil|nil|0|nil|nil;1,23,5|nil|nil|0|nil|nil;1,22,3|nil|nil|0|nil|nil;1,22,9|nil|nil|0|nil|nil;1,21,5|3,26,11|nil|1|nil|nil;2,16,3|2,22,10|nil|0|nil|nil;2,16,3|nil|nil|0|nil|nil;2,16,3|nil|nil|0|nil|nil;
2,0,13|nil|nil|1|nil|nil;2,0,14|nil|nil|1|nil|nil;2,0,16|nil|nil|1|nil|nil;2,1,17|nil|nil|1|nil|nil;2,1,17|nil|nil|1|nil|nil;2,16,3|2,23,10|nil|0|nil|nil;2,16,3|nil|nil|0|nil|nil;2,16,3|nil|nil|0|nil|nil;
nil|3,3,14|nil|1|nil|nil;2,1,14|nil|nil|1|nil|nil;2,1,16|nil|nil|1|nil|nil;2,1,17|nil|nil|1|nil|nil;2,1,17|nil|nil|1|nil|nil;2,16,3|nil|nil|0|nil|nil;2,16,3|nil|nil|0|nil|nil;2,16,3|nil|nil|0|nil|nil;
# Block -2 -2
nil|nil|nil|1|nil|nil;nil|nil|nil|1|nil|nil;nil|nil|nil|1|nil|nil;nil|nil|nil|1|nil|nil;nil|nil|nil|1|nil|nil;nil|nil|nil|1|nil|nil;nil|nil|nil|1|nil|nil;nil|nil|nil|1|nil|nil;
nil|nil|nil|1|nil|nil;nil|nil|nil|1|nil|nil;nil|nil|nil|1|nil|nil;nil|nil|nil|1|nil|nil;nil|nil|nil|1|nil|nil;nil|nil|nil|1|nil|nil;nil|nil|nil|1|nil|nil;nil|nil|nil|1|nil|nil;
nil|nil|nil|1|nil|nil;nil|nil|nil|1|nil|nil;nil|nil|nil|1|nil|nil;nil|nil|nil|1|nil|nil;nil|nil|nil|1|nil|nil;nil|nil|nil|1|nil|nil;nil|nil|nil|1|nil|nil;nil|nil|nil|1|nil|nil;
nil|nil|nil|1|nil|nil;nil|nil|nil|1|nil|nil;nil|nil|nil|1|nil|nil;nil|nil|nil|1|nil|nil;nil|nil|nil|1|nil|nil;nil|nil|nil|1|nil|nil;nil|nil|nil|1|nil|nil;nil|nil|nil|1|nil|nil;
nil|nil|nil|1|nil|nil;nil|nil|nil|1|nil|nil;nil|nil|nil|1|nil|nil;nil|nil|nil|1|nil|nil;nil|nil|nil|1|nil|nil;nil|nil|nil|1|nil|nil;nil|nil|nil|1|nil|nil;nil|nil|nil|1|nil|nil;
nil|nil|nil|1|nil|nil;nil|nil|nil|1|nil|nil;nil|nil|nil|1|nil|nil;nil|nil|nil|1|nil|nil;nil|nil|nil|1|nil|nil;nil|nil|nil|1|nil|nil;1,22,11|nil|nil|0|nil|nil;1,21,5|nil|nil|0|nil|nil;
nil|nil|nil|1|nil|nil;nil|nil|nil|1|nil|nil;nil|nil|nil|1|nil|nil;nil|nil|nil|1|nil|nil;nil|nil|nil|1|nil|nil;nil|nil|nil|1|nil|nil;1,22,5|nil|nil|0|nil|nil;1,21,5|nil|nil|0|nil|nil;
nil|nil|nil|1|nil|nil;nil|nil|nil|1|nil|nil;nil|nil|nil|1|nil|nil;nil|nil|nil|1|nil|nil;nil|nil|nil|1|nil|nil;nil|nil|nil|1|nil|nil;1,21,5|nil|nil|0|nil|nil;1,22,9|nil|nil|0|nil|nil;
# Block -2 -1
nil|nil|nil|1|nil|nil;nil|nil|nil|1|nil|nil;nil|nil|nil|1|nil|nil;nil|nil|nil|1|nil|nil;nil|nil|nil|1|nil|nil;nil|nil|nil|1|nil|nil;nil|nil|nil|1|nil|nil;nil|nil|nil|1|nil|nil;
nil|nil|nil|1|nil|nil;nil|nil|nil|1|nil|nil;nil|nil|nil|1|nil|nil;nil|nil|nil|1|nil|nil;nil|nil|nil|1|nil|nil;nil|nil|nil|1|nil|nil;nil|nil|nil|1|nil|nil;nil|nil|nil|1|nil|nil;
nil|nil|nil|1|nil|nil;nil|nil|nil|1|nil|nil;nil|nil|nil|1|nil|nil;nil|nil|nil|1|nil|nil;nil|nil|nil|1|nil|nil;nil|nil|nil|1|nil|nil;nil|nil|nil|1|nil|nil;nil|nil|nil|1|nil|nil;
nil|nil|nil|1|nil|nil;nil|nil|nil|1|nil|nil;nil|nil|nil|1|nil|nil;nil|nil|nil|1|nil|nil;nil|nil|nil|1|nil|nil;nil|nil|nil|1|nil|nil;nil|nil|nil|1|nil|nil;nil|nil|nil|1|nil|nil;
nil|nil|nil|1|nil|nil;nil|nil|nil|1|nil|nil;nil|nil|nil|1|nil|nil;nil|nil|nil|1|nil|nil;nil|nil|nil|1|nil|nil;nil|nil|nil|1|nil|nil;nil|nil|nil|1|nil|nil;nil|nil|nil|1|nil|nil;
1,23,11|nil|nil|0|nil|nil;1,21,11|nil|nil|0|nil|nil;1,22,9|nil|nil|0|nil|nil;1,22,5|nil|nil|0|nil|nil;1,21,11|3,25,11|nil|1|nil|nil;2,16,3|2,22,10|nil|0|nil|nil;2,16,3|nil|nil|0|nil|nil;2,16,3|2,22,2|3,25,11|1|nil|nil;
1,22,5|nil|nil|0|nil|nil;1,22,5|nil|nil|0|nil|nil;1,22,5|nil|nil|0|nil|nil;1,21,11|nil|nil|0|nil|nil;1,22,3|3,26,11|nil|1|nil|nil;2,16,3|2,22,10|nil|0|nil|nil;2,16,3|nil|nil|0|nil|nil;2,16,3|2,22,2|3,26,11|1|nil|nil;
1,23,11|nil|nil|0|nil|nil;1,23,5|nil|nil|0|nil|nil;1,22,3|nil|nil|0|nil|nil;1,22,9|nil|nil|0|nil|nil;1,22,3|3,26,11|nil|1|nil|nil;2,16,3|2,22,10|nil|0|nil|nil;2,16,3|nil|nil|0|nil|nil;2,16,3|2,22,2|3,26,11|1|nil|nil;
# Spawns
1;0;-4
