# Settings
simulate_day;true
transition_time;true
# Tiles
# Block -2 -2
nil|nil|nil|nil|1|nil|nil;nil|nil|nil|nil|1|nil|nil;nil|nil|nil|nil|1|nil|nil;nil|nil|nil|nil|1|nil|nil;nil|nil|nil|nil|1|nil|nil;nil|nil|nil|nil|1|nil|nil;nil|nil|nil|nil|1|nil|nil;nil|nil|nil|nil|1|nil|nil;
nil|nil|nil|nil|1|nil|nil;nil|nil|nil|nil|1|nil|nil;nil|nil|nil|nil|1|nil|nil;nil|nil|nil|nil|1|nil|nil;nil|nil|nil|nil|1|nil|nil;nil|nil|nil|nil|1|nil|nil;nil|nil|nil|nil|1|nil|nil;nil|nil|nil|nil|1|nil|nil;
nil|nil|nil|nil|1|nil|nil;nil|nil|nil|nil|1|nil|nil;nil|nil|nil|nil|1|nil|nil;nil|nil|nil|nil|1|nil|nil;nil|nil|nil|nil|1|nil|nil;nil|nil|nil|nil|1|nil|nil;nil|nil|nil|nil|1|nil|nil;nil|nil|nil|nil|1|nil|nil;
nil|nil|nil|nil|1|nil|nil;nil|nil|nil|nil|1|nil|nil;nil|nil|nil|nil|1|nil|nil;nil|nil|nil|nil|1|nil|nil;nil|nil|nil|nil|1|nil|nil;nil|nil|nil|nil|1|nil|nil;nil|nil|nil|nil|1|nil|nil;nil|nil|nil|nil|1|nil|nil;
nil|nil|nil|nil|1|nil|nil;nil|nil|nil|nil|1|nil|nil;nil|nil|nil|nil|1|nil|nil;nil|nil|nil|nil|1|nil|nil;nil|nil|nil|nil|1|nil|nil;nil|nil|nil|nil|1|nil|nil;nil|nil|nil|nil|1|nil|nil;nil|nil|nil|nil|1|nil|nil;
1,21,11|nil|nil|nil|1|nil|nil;1,21,5|nil|nil|nil|1|nil|nil;1,23,5|nil|nil|1,27,16|1|nil|nil;1,21,11|nil|nil|1,27,17|1|nil|nil;1,22,3|1,28,19|nil|1,27,18|1|nil|nil;1,21,5|1,28,20|nil|nil|1|nil|nil;1,22,3|nil|nil|nil|1|nil|nil;1,23,5|nil|nil|1,28,15|1|nil|nil;
1,22,5|nil|nil|nil|1|nil|nil;1,23,5|nil|nil|1,28,15|1|nil|nil;1,22,11|nil|nil|1,28,16|1|nil|nil;1,22,3|nil|nil|1,28,17|1|nil|nil;1,22,5|1,26,19|nil|1,28,18|1|nil|nil;1,22,5|1,29,20|nil|nil|1|nil|nil;1,22,3|nil|nil|nil|1|nil|nil;1,21,5|nil|nil|nil|1|nil|nil;
1,22,5|nil|nil|nil|1|nil|nil;1,22,3|nil|nil|nil|1|nil|nil;1,22,3|nil|nil|1,29,16|1|nil|nil;1,22,3|nil|nil|1,29,17|1|nil|nil;1,22,3|1,30,19|nil|1,29,18|1|nil|nil;1,22,5|1,30,20|nil|nil|1|nil|nil;1,22,3|nil|nil|nil|1|nil|nil;1,21,5|nil|nil|nil|1|nil|nil;
# Block -2 -1
nil|nil|nil|nil|1|nil|nil;nil|nil|nil|nil|1|nil|nil;nil|nil|nil|nil|1|nil|nil;nil|nil|nil|nil|1|nil|nil;nil|nil|nil|nil|1|nil|nil;nil|nil|nil|nil|1|nil|nil;nil|nil|nil|nil|1|nil|nil;nil|nil|nil|nil|1|nil|nil;
nil|nil|nil|nil|1|nil|nil;nil|nil|nil|nil|1|nil|nil;nil|nil|nil|nil|1|nil|nil;nil|nil|nil|nil|1|nil|nil;nil|nil|nil|nil|1|nil|nil;nil|nil|nil|nil|1|nil|nil;nil|nil|nil|nil|1|nil|nil;nil|nil|nil|nil|1|nil|nil;
nil|nil|nil|nil|1|nil|nil;nil|nil|nil|nil|1|nil|nil;nil|nil|nil|nil|1|nil|nil;nil|nil|nil|nil|1|nil|nil;nil|nil|nil|nil|1|nil|nil;nil|nil|nil|nil|1|nil|nil;nil|nil|nil|nil|1|nil|nil;nil|nil|nil|nil|1|nil|nil;
nil|nil|nil|nil|1|nil|nil;nil|nil|nil|nil|1|nil|nil;nil|nil|nil|nil|1|nil|nil;nil|nil|nil|nil|1|nil|nil;nil|nil|nil|nil|1|nil|nil;nil|nil|nil|nil|1|nil|nil;nil|nil|nil|nil|1|nil|nil;nil|nil|nil|nil|1|nil|nil;
nil|nil|nil|nil|1|nil|nil;nil|nil|nil|nil|1|nil|nil;nil|nil|nil|nil|1|nil|nil;nil|nil|nil|nil|1|nil|nil;nil|nil|nil|nil|1|nil|nil;nil|nil|nil|nil|1|nil|nil;nil|nil|nil|nil|1|nil|nil;nil|nil|nil|nil|1|nil|nil;
1,22,3|nil|nil|1,28,16|1|nil|nil;1,23,5|nil|nil|1,28,17|1|nil|nil;1,22,3|1,26,19|nil|1,28,18|1|nil|nil;1,22,3|1,29,20|nil|nil|1|nil|nil;1,22,3|nil|nil|nil|1|nil|nil;1,22,5|nil|nil|nil|1|nil|nil;1,22,3|nil|nil|nil|1|nil|nil;1,22,3|nil|nil|nil|1|nil|nil;
1,21,5|nil|nil|1,29,16|1|nil|nil;1,23,5|nil|nil|1,29,17|1|nil|nil;1,22,5|1,30,19|nil|1,29,18|1|nil|nil;1,22,3|1,30,20|nil|nil|1|nil|nil;1,22,5|nil|nil|nil|1|nil|nil;1,22,3|nil|nil|nil|1|nil|nil;1,22,3|nil|nil|nil|1|nil|nil;1,22,5|nil|nil|nil|1|nil|nil;
1,22,3|nil|nil|nil|1|nil|nil;1,21,11|nil|nil|nil|1|nil|nil;1,22,5|nil|nil|nil|1|nil|nil;1,23,5|nil|nil|nil|1|nil|nil;1,21,5|nil|nil|nil|1|nil|nil;1,22,3|nil|nil|nil|1|nil|nil;1,22,3|nil|nil|nil|1|nil|nil;1,22,11|nil|nil|nil|1|nil|nil;
# Block -2 0
nil|nil|nil|nil|1|nil|nil;nil|nil|nil|nil|1|nil|nil;nil|nil|nil|nil|1|nil|nil;nil|nil|nil|nil|1|nil|nil;nil|nil|nil|nil|1|nil|nil;nil|nil|nil|nil|1|nil|nil;nil|nil|nil|nil|1|nil|nil;nil|nil|nil|nil|1|nil|nil;
nil|nil|nil|nil|1|nil|nil;nil|nil|nil|nil|1|nil|nil;nil|nil|nil|nil|1|nil|nil;nil|nil|nil|nil|1|nil|nil;nil|nil|nil|nil|1|nil|nil;nil|nil|nil|nil|1|nil|nil;nil|nil|nil|nil|1|nil|nil;nil|nil|nil|nil|1|nil|nil;
nil|nil|nil|nil|1|nil|nil;nil|nil|nil|nil|1|nil|nil;nil|nil|nil|nil|1|nil|nil;nil|nil|nil|nil|1|nil|nil;nil|nil|nil|nil|1|nil|nil;nil|nil|nil|nil|1|nil|nil;nil|nil|nil|nil|1|nil|nil;nil|nil|nil|nil|1|nil|nil;
nil|nil|nil|nil|1|nil|nil;nil|nil|nil|nil|1|nil|nil;nil|nil|nil|nil|1|nil|nil;nil|nil|nil|nil|1|nil|nil;nil|nil|nil|nil|1|nil|nil;nil|nil|nil|nil|1|nil|nil;nil|nil|nil|nil|1|nil|nil;nil|nil|nil|nil|1|nil|nil;
nil|nil|nil|nil|1|nil|nil;nil|nil|nil|nil|1|nil|nil;nil|nil|nil|nil|1|nil|nil;nil|nil|nil|nil|1|nil|nil;nil|nil|nil|nil|1|nil|nil;nil|nil|nil|nil|1|nil|nil;nil|nil|nil|nil|1|nil|nil;nil|nil|nil|nil|1|nil|nil;
1,23,5|nil|nil|nil|1|nil|nil;1,22,5|nil|nil|nil|1|nil|nil;1,22,3|nil|nil|nil|1|nil|nil;1,22,5|nil|nil|1,27,16|1|nil|nil;1,22,3|nil|nil|1,27,17|1|nil|nil;1,23,11|1,28,19|nil|1,27,18|1|nil|nil;1,23,5|1,28,20|nil|nil|1|nil|nil;nil|nil|nil|nil|1|nil|nil;
1,22,5|nil|nil|nil|1|nil|nil;1,23,11|nil|nil|nil|1|nil|nil;1,22,3|nil|nil|1,28,15|1|nil|nil;1,22,3|nil|nil|1,28,16|1|nil|nil;1,21,11|nil|nil|1,28,17|1|nil|nil;1,22,5|1,26,19|nil|1,28,18|1|nil|nil;1,22,3|1,29,20|nil|nil|1|nil|nil;nil|nil|nil|nil|1|nil|nil;
1,22,3|nil|nil|nil|1|nil|nil;1,22,3|nil|nil|nil|1|nil|nil;1,23,5|nil|nil|nil|1|nil|nil;1,22,5|nil|nil|1,29,16|1|nil|nil;1,22,5|nil|nil|1,29,17|1|nil|nil;1,22,3|1,30,19|nil|1,29,18|1|nil|nil;1,22,3|1,30,20|nil|nil|1|nil|nil;nil|nil|nil|nil|1|nil|nil;
# Block -1 -2
1,23,11|nil|nil|nil|1|nil|nil;1,22,3|nil|nil|nil|1|nil|nil;1,22,5|nil|nil|nil|1|nil|nil;1,22,3|nil|nil|nil|1|nil|nil;1,21,11|nil|nil|nil|1|nil|nil;1,22,3|nil|nil|nil|1|nil|nil;1,22,3|nil|nil|nil|1|nil|nil;1,22,3|nil|nil|nil|1|nil|nil;
1,22,3|nil|nil|1,27,16|1|nil|nil;1,22,5|nil|nil|1,27,17|1|nil|nil;1,22,11|1,28,19|nil|1,27,18|1|nil|nil;1,22,3|1,28,20|nil|nil|1|nil|nil;1,23,11|nil|nil|nil|1|nil|nil;1,22,3|nil|nil|nil|1|nil|nil;17,9,1|nil|nil|nil|1|nil|nil;17,9,2|nil|nil|nil|1|nil|nil;
1,22,3|nil|nil|1,28,16|1|nil|nil;1,22,3|nil|nil|1,28,17|1|nil|nil;1,22,3|1,26,19|nil|1,28,18|1|nil|nil;1,22,3|1,29,20|nil|nil|1|nil|nil;1,23,11|nil|nil|nil|1|nil|nil;17,9,1|nil|nil|nil|1|nil|nil;17,6,3|17,7,2|nil|nil|1|nil|nil;1,22,5|17,6,4|17,7,3|nil|1|nil|nil;
1,23,5|nil|nil|1,29,16|1|nil|nil;1,22,3|nil|nil|1,29,17|1|nil|nil;17,6,1|1,30,19|nil|1,29,18|1|nil|nil;1,22,3|1,30,20|nil|nil|1|nil|nil;1,22,5|nil|nil|nil|1|nil|nil;17,6,2|nil|nil|nil|1|nil|nil;17,6,3|nil|nil|nil|1|nil|nil;1,22,3|17,6,4|nil|nil|0|nil|nil;
1,22,5|nil|nil|nil|1|nil|nil;1,22,11|nil|nil|nil|1|nil|nil;17,9,1|nil|nil|nil|1|nil|nil;17,6,3|17,7,1|nil|nil|1|nil|nil;1,22,5|17,6,4|17,7,1|nil|1|nil|nil;1,22,5|17,7,2|nil|nil|1|nil|nil;1,23,5|17,7,3|nil|nil|1|nil|nil;1,22,3|17,7,4|nil|nil|0|nil|nil;
1,23,11|nil|nil|nil|1|nil|nil;17,9,1|nil|nil|nil|1|nil|nil;17,6,3|17,7,2|nil|nil|1|nil|nil;1,21,5|17,6,4|17,7,3|nil|1|nil|nil;1,21,5|17,7,4|nil|nil|0|nil|nil;1,22,3|nil|nil|nil|0|nil|nil;1,22,3|nil|nil|nil|0|nil|nil;1,23,5|nil|nil|nil|0|nil|nil;
1,23,5|nil|nil|nil|1|nil|nil;17,6,2|nil|nil|nil|1|nil|nil;17,6,3|nil|nil|nil|1|nil|nil;1,21,5|17,6,4|nil|nil|0|nil|nil;1,22,3|nil|nil|nil|0|nil|nil;1,22,3|nil|nil|nil|0|nil|nil;1,22,3|nil|nil|nil|0|nil|nil;1,21,5|nil|nil|nil|0|nil|nil;
17,9,1|nil|nil|nil|1|nil|nil;17,6,3|17,7,2|nil|nil|1|nil|nil;1,23,5|17,6,4|17,7,3|nil|1|nil|nil;1,21,5|17,7,4|nil|1,27,16|0|nil|nil;1,23,5|nil|nil|1,27,17|0|nil|nil;1,22,5|1,28,19|nil|1,27,18|0|nil|nil;1,22,3|1,28,20|nil|nil|0|nil|nil;1,22,5|nil|nil|nil|0|nil|nil;
# Block -1 -1
1,21,5|nil|nil|nil|1|nil|nil;17,9,1|nil|nil|nil|1|nil|nil;17,6,3|nil|nil|17,7,1|1|nil|nil;1,23,5|17,6,4|nil|17,7,1|0|nil|nil;1,21,5|nil|nil|17,7,1|0|nil|nil;1,23,5|nil|nil|17,7,1|0|nil|nil;1,22,5|nil|nil|17,7,1|0|nil|nil;1,22,5|nil|nil|17,7,1|0|nil|nil;
1,22,5|17,6,4|17,7,1|nil|1|nil|nil;1,23,5|17,7,2|nil|nil|1|nil|nil;1,23,5|17,7,3|nil|nil|1|nil|nil;1,23,5|17,7,4|nil|nil|0|nil|nil;1,21,5|nil|nil|nil|0|nil|nil;1,22,3|nil|nil|nil|0|nil|nil;1,22,3|nil|nil|nil|0|nil|nil;1,22,3|nil|nil|nil|0|nil|nil;
1,21,5|17,7,4|nil|nil|0|nil|nil;1,21,5|nil|nil|1,27,16|0|nil|nil;1,23,5|nil|nil|1,27,17|0|nil|nil;1,23,5|1,28,19|nil|1,27,18|0|nil|nil;1,21,11|1,28,20|nil|nil|0|nil|nil;1,22,3|nil|nil|nil|0|nil|nil;1,22,3|nil|nil|nil|0|nil|nil;1,22,3|nil|nil|1,24,12|0|nil|nil;
1,22,3|nil|nil|1,28,15|0|nil|nil;1,22,3|nil|nil|1,28,16|0|nil|nil;1,23,11|nil|nil|1,28,17|0|nil|nil;1,22,3|1,26,19|nil|1,28,18|0|nil|nil;1,22,3|1,29,20|nil|nil|0|nil|nil;1,22,3|nil|nil|nil|0|nil|nil;1,22,3|nil|nil|nil|0|nil|nil;1,23,5|nil|nil|1,25,12|0|nil|nil;
1,22,3|nil|nil|nil|0|nil|nil;1,21,5|nil|nil|1,29,16|0|nil|nil;1,23,5|nil|nil|1,29,17|0|nil|nil;1,22,5|1,30,19|nil|1,29,18|0|nil|nil;1,21,5|1,30,20|nil|nil|0|nil|nil;1,23,5|nil|nil|nil|0|nil|nil;1,23,5|nil|nil|nil|0|nil|nil;1,22,3|nil|nil|1,26,12|0|nil|nil;
1,23,5|nil|nil|nil|0|nil|nil;1,23,5|nil|nil|23,0,7|0|nil|nil;1,23,5|nil|nil|23,2,8|0|nil|nil;1,21,5|nil|nil|23,2,9|0|nil|nil;1,21,5|nil|nil|23,2,8|0|nil|nil;1,23,5|nil|nil|23,2,10|0|nil|nil;1,23,5|nil|nil|nil|0|nil|nil;1,21,5|nil|nil|nil|0|nil|nil;
1,22,5|nil|nil|nil|0|nil|nil;1,21,5|nil|nil|23,1,7|0|nil|nil;1,23,5|nil|nil|23,3,8|0|nil|nil;1,23,5|23,3,8|nil|nil|1|nil|nil;1,21,5|23,3,9|nil|nil|1|nil|nil;1,22,5|22,0,0|nil|23,3,10|1|nil|nil;1,23,5|22,0,1|nil|nil|1|nil|nil;1,22,5|22,3,10|nil|nil|1|nil|nil;
1,23,5|nil|nil|nil|0|nil|nil;1,22,5|nil|nil|23,3,7|0|nil|nil;1,23,5|nil|nil|23,3,8|0|nil|nil;1,23,5|23,3,9|nil|nil|1|nil|nil;1,21,5|23,4,9|nil|nil|1|nil|nil;1,23,5|22,1,0|nil|23,4,10|1|nil|nil;1,23,5|22,1,1|nil|nil|1|nil|nil;1,22,5|22,4,10|nil|nil|1|nil|nil;
# Block -1 0
1,21,11|nil|nil|17,9,0|0|nil|nil;1,22,5|nil|nil|nil|1|nil|nil;1,23,11|nil|nil|nil|1|nil|nil;1,22,3|nil|nil|nil|1|nil|nil;1,22,3|nil|nil|nil|1|nil|nil;1,22,3|nil|nil|nil|1|nil|nil;1,22,3|nil|nil|nil|1|nil|nil;nil|nil|nil|nil|1|nil|nil;
1,23,5|nil|nil|17,7,0|0|nil|nil;1,21,5|nil|nil|17,7,1|0|nil|nil;1,21,5|nil|nil|17,7,1|0|nil|nil;1,22,5|nil|nil|17,9,0|0|nil|nil;1,22,3|nil|nil|nil|1|nil|nil;1,23,5|nil|nil|nil|1|nil|nil;1,21,5|nil|nil|nil|1|nil|nil;nil|nil|nil|nil|1|nil|nil;
1,22,3|nil|nil|1,24,13|0|nil|nil;1,22,5|1,25,19|nil|1,24,14|0|nil|nil;1,22,3|1,25,20|nil|nil|0|nil|nil;1,21,5|nil|nil|17,7,0|0|nil|nil;1,22,5|nil|nil|17,9,0|0|nil|nil;1,21,11|nil|nil|nil|1|nil|nil;1,22,3|nil|nil|nil|1|nil|nil;nil|nil|nil|nil|1|nil|nil;
1,22,3|nil|nil|1,25,13|0|nil|nil;1,23,5|1,26,19|1,25,14|nil|1|nil|nil;1,22,3|1,26,20|nil|nil|0|nil|nil;1,22,5|nil|nil|nil|0|nil|nil;1,21,5|nil|nil|17,6,0|0|nil|nil;1,23,5|nil|nil|nil|1|nil|nil;1,23,5|nil|nil|nil|1|nil|nil;nil|nil|nil|nil|1|nil|nil;
1,22,3|nil|nil|1,26,13|0|nil|nil;1,22,3|1,27,19|nil|1,26,14|0|nil|nil;1,22,5|1,27,20|nil|nil|0|nil|nil;1,21,5|nil|nil|nil|0|nil|nil;1,23,5|nil|nil|17,6,0|0|nil|nil;1,22,3|nil|nil|nil|1|nil|nil;1,22,11|nil|nil|nil|1|nil|nil;nil|nil|nil|nil|1|nil|nil;
1,21,5|nil|nil|nil|0|nil|nil;1,22,5|nil|nil|nil|0|nil|nil;2,16,3|2,22,0|nil|nil|0|nil|nil;2,16,3|2,22,1|nil|nil|0|nil|nil;1,23,5|nil|nil|17,7,0|0|nil|nil;1,21,5|nil|nil|17,9,0|0|nil|nil;1,22,3|nil|nil|nil|1|nil|nil;nil|nil|nil|nil|1|nil|nil;
2,16,3|2,22,0|nil|nil|0|nil|nil;2,16,3|2,23,3|nil|nil|0|nil|nil;2,16,3|2,23,4|nil|nil|0|nil|nil;2,16,3|2,23,2|nil|nil|0|nil|nil;2,16,3|2,22,1|nil|nil|0|nil|nil;1,22,5|nil|nil|17,6,0|0|nil|nil;1,21,5|nil|nil|nil|1|nil|nil;nil|nil|nil|nil|1|nil|nil;
2,16,3|2,23,4|nil|nil|0|nil|nil;2,16,3|nil|nil|nil|0|nil|nil;2,16,3|nil|nil|nil|0|nil|nil;2,16,3|nil|nil|nil|0|nil|nil;2,16,3|2,22,2|nil|nil|0|nil|nil;1,21,5|nil|nil|17,6,0|0|nil|nil;1,22,3|nil|nil|nil|1|nil|nil;nil|nil|nil|nil|1|nil|nil;
# Block 0 -2
17,6,2|nil|nil|nil|1|nil|nil;17,6,3|nil|nil|nil|1|nil|nil;1,21,5|17,6,4|nil|1,28,15|0|nil|nil;1,22,5|nil|nil|1,28,16|0|nil|nil;1,22,5|nil|nil|1,28,17|0|nil|nil;1,23,11|1,26,19|nil|1,28,18|0|nil|nil;1,22,3|1,29,20|nil|nil|0|nil|nil;1,22,3|nil|nil|nil|0|nil|nil;
17,8,1|nil|nil|nil|1|nil|nil;17,6,3|17,5,2|nil|nil|1|nil|nil;1,22,5|17,6,4|17,5,3|nil|1|nil|nil;1,23,5|17,5,4|nil|1,29,16|0|nil|nil;1,22,5|nil|nil|1,29,17|0|nil|nil;1,22,3|1,30,19|nil|1,29,18|0|nil|nil;1,22,3|1,30,20|nil|nil|0|nil|nil;1,22,3|nil|nil|nil|0|nil|nil;
1,22,5|1,28,20|nil|nil|1|nil|nil;17,6,2|nil|nil|nil|1|nil|nil;17,6,3|nil|nil|nil|1|nil|nil;1,23,5|17,6,4|nil|nil|0|nil|nil;1,23,5|nil|nil|nil|0|nil|nil;1,22,5|nil|nil|nil|0|nil|nil;1,22,3|nil|nil|1,24,12|0|nil|nil;1,23,11|nil|nil|1,24,13|0|nil|nil;
1,22,3|1,29,20|nil|nil|1|nil|nil;17,6,2|nil|nil|nil|1|nil|nil;17,6,3|nil|nil|1,24,12|0|nil|nil;1,23,5|17,5,8|nil|1,24,13|0|nil|nil;1,22,3|1,25,19|nil|1,24,14|0|nil|nil;1,22,3|1,25,20|nil|nil|0|nil|nil;1,22,5|nil|nil|1,25,12|0|nil|nil;1,22,3|nil|nil|1,25,13|0|nil|nil;
1,21,5|1,30,20|nil|nil|1|nil|nil;17,6,2|nil|nil|nil|1|nil|nil;17,6,3|nil|nil|1,25,12|0|nil|nil;1,22,5|17,6,4|nil|1,25,13|0|nil|nil;1,22,5|1,26,19|1,25,14|nil|1|nil|nil;1,23,5|1,26,20|nil|nil|0|nil|nil;1,22,3|nil|nil|1,26,12|0|nil|nil;1,22,3|nil|nil|1,26,13|0|nil|nil;
1,22,3|nil|nil|nil|1|nil|nil;17,6,2|nil|nil|nil|1|nil|nil;17,6,3|nil|nil|1,26,12|0|nil|nil;1,21,5|17,6,4|nil|1,26,13|0|nil|nil;1,22,3|1,27,19|nil|1,26,14|0|nil|nil;1,22,3|1,27,20|nil|nil|0|nil|nil;1,22,3|nil|nil|nil|0|nil|nil;1,22,5|nil|nil|nil|0|nil|nil;
1,22,5|nil|nil|nil|1|nil|nil;17,6,2|nil|nil|nil|1|nil|nil;17,6,3|nil|nil|nil|1|nil|nil;1,23,5|17,6,4|nil|nil|0|nil|nil;1,22,5|nil|nil|nil|0|nil|nil;1,22,3|nil|nil|nil|0|nil|nil;1,22,3|nil|nil|nil|0|nil|nil;1,21,5|nil|nil|nil|0|nil|nil;
1,22,3|nil|nil|nil|1|nil|nil;17,6,2|nil|nil|nil|1|nil|nil;17,6,3|nil|nil|nil|1|nil|nil;1,21,5|17,6,4|nil|nil|0|nil|nil;1,21,5|nil|nil|nil|0|nil|nil;1,22,3|nil|nil|nil|0|nil|nil;1,23,5|nil|nil|nil|0|nil|nil;1,22,3|nil|nil|nil|0|nil|nil;
# Block 0 -1
1,22,5|nil|nil|23,4,11|0|nil|nil;1,22,5|nil|nil|23,4,12|0|nil|nil;1,21,5|nil|nil|23,4,8|0|nil|nil;1,22,5|23,4,9|nil|nil|1|nil|nil;1,21,5|23,4,9|nil|nil|1|nil|nil;1,23,5|22,1,0|nil|23,4,10|1|nil|nil;1,21,5|20,1,14|nil|nil|1|nil|nil;1,23,5|22,6,15|20,1,15|nil|0|home,1|nil;
1,22,5|nil|nil|nil|0|nil|nil;1,21,5|nil|nil|23,5,7|0|nil|nil;1,23,5|nil|nil|23,5,8|0|nil|nil;1,23,5|23,5,9|nil|nil|1|nil|nil;1,22,5|23,4,9|nil|nil|1|nil|nil;1,23,5|22,1,0|nil|23,4,10|1|nil|nil;1,23,5|22,1,1|nil|nil|1|nil|nil;1,21,5|22,4,10|nil|nil|1|nil|nil;
1,22,5|1,25,19|nil|1,24,14|0|nil|nil;1,22,5|1,25,20|nil|23,7,7|0|nil|nil;1,23,5|nil|nil|23,5,8|0|nil|nil;1,21,5|23,5,8|nil|nil|1|nil|nil;1,22,5|23,5,9|nil|nil|1|nil|nil;1,21,5|22,2,0|nil|23,5,10|1|nil|nil;1,22,5|22,2,1|nil|nil|1|nil|nil;1,21,5|22,5,10|nil|nil|1|nil|nil;
1,21,5|1,26,19|1,25,14|nil|1|nil|nil;1,22,5|1,26,20|nil|23,8,7|0|nil|nil;1,21,5|nil|nil|23,6,8|0|nil|nil;1,23,5|nil|nil|23,6,9|0|nil|nil;1,21,5|nil|nil|23,6,8|0|nil|nil;1,21,5|nil|nil|23,6,10|0|nil|nil;1,21,5|nil|nil|nil|0|nil|nil;1,21,5|nil|nil|nil|0|nil|nil;
1,21,5|1,27,19|nil|1,26,14|0|nil|nil;1,21,5|1,27,20|nil|nil|0|nil|nil;1,22,5|nil|nil|nil|0|nil|nil;1,21,5|nil|nil|nil|0|nil|nil;1,22,5|nil|nil|nil|0|nil|nil;1,22,3|nil|nil|nil|0|nil|nil;1,23,5|nil|nil|nil|0|nil|nil;1,23,5|nil|nil|nil|0|nil|nil;
1,23,5|nil|nil|nil|0|nil|nil;1,23,5|nil|nil|1,24,12|0|nil|nil;1,21,11|nil|nil|1,24,13|0|nil|nil;1,22,5|1,25,19|nil|1,24,14|0|nil|nil;1,21,5|1,25,20|nil|nil|0|nil|nil;1,22,3|nil|nil|nil|0|nil|nil;1,22,3|nil|nil|nil|0|nil|nil;1,21,5|nil|nil|nil|0|nil|nil;
1,21,5|nil|nil|nil|0|nil|nil;1,23,5|nil|nil|1,25,12|0|nil|nil;1,23,5|nil|nil|1,25,13|0|nil|nil;1,22,3|1,26,19|1,25,14|nil|1|nil|nil;1,21,5|1,26,20|nil|nil|0|nil|nil;1,22,3|nil|nil|nil|0|nil|nil;1,23,5|nil|nil|nil|0|nil|nil;1,22,5|nil|nil|nil|0|nil|nil;
1,21,5|nil|nil|nil|0|nil|nil;1,22,5|nil|nil|1,26,12|0|nil|nil;1,23,5|nil|nil|1,26,13|0|nil|nil;1,23,11|1,27,19|nil|1,26,14|0|nil|nil;1,22,3|1,27,20|nil|nil|0|nil|nil;1,22,5|nil|nil|nil|0|nil|nil;1,22,3|nil|nil|nil|0|nil|nil;1,22,5|nil|nil|nil|0|nil|nil;
# Block 0 0
2,16,3|nil|nil|nil|0|nil|nil;2,16,3|nil|nil|nil|0|nil|nil;2,16,3|nil|nil|nil|0|nil|nil;2,16,3|nil|nil|nil|0|nil|nil;2,16,3|2,22,2|nil|nil|0|nil|nil;1,22,5|nil|nil|17,7,0|0|nil|nil;1,23,5|nil|nil|17,7,1|0|village,5|nil;nil|nil|nil|nil|1|nil|nil;
2,16,3|nil|nil|nil|0|nil|nil;2,16,3|nil|nil|nil|0|nil|nil;2,16,3|nil|nil|nil|0|nil|nil;2,16,3|nil|nil|nil|0|nil|nil;2,16,3|2,23,2|nil|nil|0|nil|nil;2,16,3|2,23,3|nil|nil|0|nil|nil;2,16,3|2,23,3|nil|nil|0|village,5|nil;nil|nil|nil|nil|1|nil|nil;
2,16,3|2,21,4|nil|nil|0|nil|nil;2,16,3|nil|nil|nil|0|nil|nil;2,16,3|nil|nil|nil|0|nil|nil;2,16,3|nil|nil|nil|0|nil|nil;2,16,3|nil|nil|nil|0|nil|nil;2,16,3|nil|nil|nil|0|nil|nil;2,16,3|nil|nil|nil|0|village,5|nil;nil|nil|nil|nil|1|nil|nil;
2,16,3|2,22,4|nil|nil|0|nil|nil;2,16,3|nil|nil|nil|0|nil|nil;2,16,3|nil|nil|nil|0|nil|nil;2,16,3|2,21,2|nil|nil|0|nil|nil;2,16,3|2,21,3|nil|nil|0|nil|nil;2,16,3|2,21,3|nil|nil|0|nil|nil;2,16,3|2,21,3|nil|nil|0|village,5|nil;nil|nil|nil|nil|1|nil|nil;
2,16,3|2,22,4|nil|nil|0|nil|nil;2,16,3|nil|nil|nil|0|nil|nil;2,16,3|nil|nil|nil|0|nil|nil;2,16,3|2,22,2|nil|nil|0|nil|nil;1,21,5|nil|nil|nil|0|nil|nil;1,23,5|nil|nil|nil|0|nil|nil;1,21,5|nil|nil|nil|0|village,5|nil;nil|nil|nil|nil|1|nil|nil;
2,16,3|2,22,4|nil|nil|0|nil|nil;2,16,3|nil|nil|nil|0|nil|nil;2,16,3|nil|nil|nil|0|nil|nil;2,16,3|2,22,2|nil|nil|0|nil|nil;1,22,5|nil|nil|nil|0|nil|nil;1,22,3|nil|nil|17,5,0|0|nil|nil;1,22,5|nil|nil|17,5,1|0|village,5|nil;nil|nil|nil|nil|1|nil|nil;
2,16,3|2,22,4|nil|nil|0|nil|nil;2,16,3|nil|nil|nil|0|nil|nil;2,16,3|nil|nil|nil|0|nil|nil;2,16,3|2,22,2|nil|nil|0|nil|nil;1,23,5|nil|nil|nil|0|nil|nil;1,22,5|nil|nil|17,6,0|0|nil|nil;1,22,3|nil|nil|nil|1|nil|nil;nil|nil|nil|nil|1|nil|nil;
2,16,3|2,23,0|nil|nil|0|nil|nil;2,16,3|2,21,4|nil|nil|0|nil|nil;2,16,3|2,21,2|nil|nil|0|nil|nil;2,16,3|2,23,1|nil|nil|0|nil|nil;1,23,5|nil|nil|nil|0|nil|nil;1,22,3|nil|nil|17,6,0|0|nil|nil;1,21,11|nil|nil|nil|1|nil|nil;nil|nil|nil|nil|1|nil|nil;
# Block 1 -2
1,22,3|nil|nil|nil|1|nil|nil;17,8,1|nil|nil|nil|1|nil|nil;17,6,3|17,5,2|nil|nil|1|nil|nil;1,23,5|17,6,4|17,5,3|nil|1|nil|nil;1,22,5|17,5,4|nil|nil|0|nil|nil;1,21,5|nil|nil|nil|0|nil|nil;1,21,5|nil|nil|nil|0|nil|nil;1,21,5|nil|nil|nil|0|nil|nil;
1,22,3|nil|nil|nil|1|nil|nil;1,22,3|nil|nil|nil|1|nil|nil;17,8,1|nil|nil|nil|1|nil|nil;17,6,3|17,5,2|nil|nil|1|nil|nil;1,21,5|17,6,4|17,5,3|nil|1|nil|nil;1,22,5|17,5,4|nil|nil|0|nil|nil;1,22,3|nil|nil|nil|0|nil|nil;1,22,3|nil|nil|1,27,16|0|nil|nil;
1,23,11|1,28,19|nil|1,27,18|1|nil|nil;1,22,5|1,28,20|nil|nil|1|nil|nil;1,21,5|nil|nil|nil|1|nil|nil;17,6,3|17,6,3|17,6,2|nil|1|nil|nil;17,6,3|nil|nil|nil|1|nil|nil;1,22,5|17,6,4|nil|nil|0|nil|nil;1,22,3|nil|nil|1,28,15|0|nil|nil;1,22,3|nil|nil|1,28,16|0|nil|nil;
1,22,3|1,26,19|nil|1,28,18|1|nil|nil;1,22,3|1,29,20|nil|nil|1|nil|nil;1,23,11|nil|nil|nil|1|nil|nil;17,6,2|17,8,1|nil|nil|1|nil|nil;17,6,3|17,5,2|nil|nil|1|nil|nil;1,21,5|17,6,4|17,5,3|nil|1|nil|nil;1,23,11|17,5,4|nil|nil|0|nil|nil;1,22,5|nil|nil|1,29,16|0|nil|nil;
1,22,3|1,30,19|nil|1,29,18|1|nil|nil;1,21,5|1,30,20|nil|nil|1|nil|nil;1,22,5|nil|nil|nil|1|nil|nil;1,21,5|nil|nil|nil|1|nil|nil;17,6,3|17,6,2|nil|nil|1|nil|nil;17,6,3|nil|nil|nil|1|nil|nil;1,22,5|17,6,4|nil|nil|0|nil|nil;1,22,3|nil|nil|nil|0|nil|nil;
1,21,11|nil|nil|nil|1|nil|nil;1,22,3|nil|nil|nil|1|nil|nil;1,21,5|nil|nil|nil|1|nil|nil;1,22,5|nil|nil|nil|1|nil|nil;17,6,2|17,8,1|nil|nil|1|nil|nil;17,6,3|17,5,2|nil|nil|1|nil|nil;1,21,5|17,6,4|17,5,3|nil|1|nil|nil;1,21,5|17,5,4|nil|1,24,12|0|nil|nil;
1,22,3|nil|nil|nil|1|nil|nil;1,23,11|nil|nil|nil|1|nil|nil;1,22,3|nil|nil|nil|1|nil|nil;1,22,3|nil|nil|nil|1|nil|nil;1,21,11|nil|nil|nil|1|nil|nil;17,8,1|nil|nil|nil|1|nil|nil;17,6,3|17,5,2|nil|nil|1|nil|nil;1,23,5|17,6,4|17,5,3|1,25,12|0|nil|nil;
1,21,5|nil|nil|nil|1|nil|nil;1,23,5|nil|nil|1,27,16|1|nil|nil;1,21,11|nil|nil|1,27,17|1|nil|nil;1,22,3|1,28,19|nil|1,27,18|1|nil|nil;1,22,5|1,28,20|nil|nil|1|nil|nil;1,21,5|nil|nil|nil|1|nil|nil;17,6,2|nil|nil|nil|1|nil|nil;17,6,3|nil|nil|1,26,12|0|nil|nil;
# Block 1 -1
1,22,5|nil|nil|nil|0|nil|nil;1,21,5|nil|nil|nil|0|nil|nil;1,23,5|nil|nil|nil|0|nil|nil;1,23,5|nil|nil|nil|0|nil|nil;1,23,5|nil|nil|nil|0|nil|nil;1,21,5|nil|nil|nil|0|nil|nil;1,23,5|nil|nil|nil|0|nil|nil;1,22,5|nil|nil|nil|0|nil|nil;
1,22,3|nil|nil|1,27,17|0|nil|nil;1,22,3|1,28,19|nil|1,27,18|0|nil|nil;1,22,3|1,28,20|nil|nil|0|nil|nil;1,21,5|nil|nil|nil|0|nil|nil;1,21,5|nil|nil|nil|0|nil|nil;1,22,3|nil|nil|nil|0|nil|nil;1,22,3|nil|nil|nil|0|nil|nil;1,23,5|nil|nil|nil|0|nil|nil;
1,22,5|nil|nil|1,28,17|0|nil|nil;1,21,5|1,26,19|nil|1,28,18|1|nil|nil;1,23,5|1,29,20|nil|nil|0|nil|nil;1,23,5|nil|nil|nil|0|nil|nil;1,22,3|nil|nil|nil|0|nil|nil;1,22,3|nil|nil|nil|0|nil|nil;1,22,3|nil|nil|nil|0|nil|nil;1,23,5|nil|nil|nil|0|nil|nil;
1,22,3|nil|nil|1,29,17|0|nil|nil;1,22,5|1,30,19|nil|1,29,18|0|nil|nil;1,22,3|1,30,20|nil|nil|0|nil|nil;1,22,3|nil|nil|nil|0|nil|nil;1,22,3|nil|nil|nil|0|nil|nil;1,22,3|nil|nil|1,24,12|0|nil|nil;1,22,5|nil|nil|1,24,13|0|nil|nil;1,22,5|1,25,19|nil|1,24,14|0|nil|nil;
1,22,5|nil|nil|nil|0|nil|nil;1,23,5|nil|nil|nil|0|nil|nil;1,21,5|nil|nil|nil|0|nil|nil;1,22,3|nil|nil|nil|0|nil|nil;1,22,3|nil|nil|nil|0|nil|nil;1,21,5|nil|nil|1,25,12|0|nil|nil;1,23,5|nil|nil|1,25,13|0|nil|nil;1,22,5|1,26,19|1,25,14|nil|1|nil|nil;
1,21,11|nil|nil|1,24,13|0|nil|nil;1,22,3|1,25,19|nil|1,24,14|0|nil|nil;1,22,3|1,25,20|nil|nil|0|nil|nil;1,22,3|nil|nil|nil|0|nil|nil;1,22,3|nil|nil|nil|0|nil|nil;1,21,5|nil|nil|1,26,12|0|nil|nil;1,22,3|nil|nil|1,26,13|0|nil|nil;1,22,5|1,27,19|nil|1,26,14|0|nil|nil;
1,22,11|17,5,4|nil|1,25,13|0|nil|nil;1,22,3|1,26,19|1,25,14|nil|1|nil|nil;1,22,3|1,26,20|nil|nil|0|nil|nil;1,22,3|nil|nil|nil|0|nil|nil;1,22,3|nil|nil|nil|0|nil|nil;1,22,3|nil|nil|nil|0|nil|nil;1,21,5|nil|nil|nil|0|nil|nil;1,22,5|nil|nil|nil|0|nil|nil;
1,21,5|17,6,4|nil|1,26,13|0|nil|nil;1,22,5|1,27,19|nil|1,26,14|0|nil|nil;1,22,3|1,27,20|nil|nil|0|nil|nil;1,22,3|nil|nil|nil|0|nil|nil;1,21,5|nil|nil|nil|0|nil|nil;1,21,5|nil|nil|nil|0|nil|nil;1,21,5|nil|nil|nil|0|nil|nil;1,22,5|nil|nil|nil|0|nil|nil;
# Block 1 0
1,22,5|nil|nil|nil|0|nil|nil;2,16,3|2,23,0|nil|nil|0|nil|nil;2,16,3|2,23,1|nil|nil|0|nil|nil;1,23,5|nil|nil|nil|0|nil|nil;1,21,5|nil|nil|nil|0|nil|nil;1,22,3|nil|nil|17,6,0|0|nil|nil;1,21,5|nil|nil|nil|1|nil|nil;nil|nil|nil|nil|1|nil|nil;
1,21,5|nil|nil|nil|0|nil|nil;1,23,5|nil|nil|nil|0|nil|nil;1,22,5|nil|nil|nil|0|nil|nil;1,23,5|nil|nil|nil|0|nil|nil;1,21,5|nil|nil|17,5,0|0|nil|nil;1,22,5|nil|nil|17,8,0|0|nil|nil;1,22,3|nil|nil|nil|1|nil|nil;nil|nil|nil|nil|1|nil|nil;
1,23,5|nil|nil|nil|0|nil|nil;1,22,5|nil|nil|nil|0|nil|nil;1,22,5|nil|nil|nil|0|nil|nil;1,23,5|nil|nil|nil|0|nil|nil;1,21,5|nil|nil|17,6,0|0|nil|nil;1,23,11|nil|nil|nil|1|nil|nil;1,22,3|nil|nil|nil|1|nil|nil;nil|nil|nil|nil|1|nil|nil;
1,23,5|1,25,20|nil|nil|0|nil|nil;1,23,5|nil|nil|nil|0|nil|nil;1,22,3|nil|nil|nil|0|nil|nil;1,23,5|nil|nil|17,5,0|0|nil|nil;1,23,5|nil|nil|17,8,0|0|nil|nil;1,22,11|nil|nil|nil|1|nil|nil;1,23,5|nil|nil|nil|1|nil|nil;nil|nil|nil|nil|1|nil|nil;
1,22,11|1,26,20|nil|nil|0|nil|nil;1,22,3|nil|nil|nil|0|nil|nil;1,21,5|nil|nil|nil|0|nil|nil;1,21,5|nil|nil|17,6,0|0|nil|nil;1,23,11|nil|nil|nil|1|nil|nil;1,22,3|nil|nil|nil|1|nil|nil;1,21,11|nil|nil|nil|1|nil|nil;nil|nil|nil|nil|1|nil|nil;
1,23,5|1,27,20|nil|nil|0|nil|nil;1,21,11|nil|nil|17,5,0|0|nil|nil;1,22,5|nil|nil|17,5,1|0|nil|nil;1,22,5|nil|nil|17,8,0|0|nil|nil;1,22,11|nil|nil|nil|1|nil|nil;1,21,5|nil|nil|nil|1|nil|nil;1,22,3|nil|nil|nil|1|nil|nil;nil|nil|nil|nil|1|nil|nil;
1,22,5|nil|nil|17,5,0|0|nil|nil;1,23,5|nil|nil|17,8,0|0|nil|nil;1,22,3|nil|nil|nil|1|nil|nil;1,22,3|nil|nil|nil|1|nil|nil;1,22,5|nil|nil|nil|1|nil|nil;1,22,3|nil|nil|nil|1|nil|nil;1,22,3|nil|nil|nil|1|nil|nil;nil|nil|nil|nil|1|nil|nil;
1,22,5|nil|nil|17,6,0|0|nil|nil;1,22,3|nil|nil|nil|1|nil|nil;1,21,11|nil|nil|nil|1|nil|nil;1,23,5|nil|nil|nil|1|nil|nil;1,21,11|nil|nil|nil|1|nil|nil;1,22,3|nil|nil|nil|1|nil|nil;1,21,11|nil|nil|nil|1|nil|nil;nil|nil|nil|nil|1|nil|nil;
# Block 2 -2
1,22,3|nil|nil|1,28,15|1|nil|nil;1,22,3|nil|nil|1,28,16|1|nil|nil;1,22,3|nil|nil|1,28,17|1|nil|nil;1,22,3|1,26,19|nil|1,28,18|1|nil|nil;1,22,11|1,29,20|nil|nil|1|nil|nil;1,22,3|nil|nil|nil|1|nil|nil;17,8,1|nil|nil|nil|1|nil|nil;17,6,3|nil|nil|17,5,1|1|nil|nil;
1,21,11|nil|nil|nil|1|nil|nil;1,22,11|nil|nil|1,29,16|1|nil|nil;1,22,11|nil|nil|1,29,17|1|nil|nil;1,22,3|1,30,19|nil|1,29,18|1|nil|nil;1,22,3|1,30,20|nil|nil|1|nil|nil;1,23,5|nil|nil|nil|1|nil|nil;1,22,3|nil|nil|nil|1|nil|nil;1,22,3|nil|nil|nil|1|nil|nil;
1,23,5|nil|nil|nil|1|nil|nil;1,22,3|nil|nil|nil|1|nil|nil;1,22,3|nil|nil|nil|1|nil|nil;1,23,5|nil|nil|nil|1|nil|nil;1,22,5|nil|nil|nil|1|nil|nil;1,22,3|nil|nil|nil|1|nil|nil;1,23,11|nil|nil|nil|1|nil|nil;1,22,3|nil|nil|nil|1|nil|nil;
nil|nil|nil|nil|1|nil|nil;nil|nil|nil|nil|1|nil|nil;nil|nil|nil|nil|1|nil|nil;nil|nil|nil|nil|1|nil|nil;nil|nil|nil|nil|1|nil|nil;nil|nil|nil|nil|1|nil|nil;nil|nil|nil|nil|1|nil|nil;nil|nil|nil|nil|1|nil|nil;
nil|nil|nil|nil|1|nil|nil;nil|nil|nil|nil|1|nil|nil;nil|nil|nil|nil|1|nil|nil;nil|nil|nil|nil|1|nil|nil;nil|nil|nil|nil|1|nil|nil;nil|nil|nil|nil|1|nil|nil;nil|nil|nil|nil|1|nil|nil;nil|nil|nil|nil|1|nil|nil;
nil|nil|nil|nil|1|nil|nil;nil|nil|nil|nil|1|nil|nil;nil|nil|nil|nil|1|nil|nil;nil|nil|nil|nil|1|nil|nil;nil|nil|nil|nil|1|nil|nil;nil|nil|nil|nil|1|nil|nil;nil|nil|nil|nil|1|nil|nil;nil|nil|nil|nil|1|nil|nil;
nil|nil|nil|nil|1|nil|nil;nil|nil|nil|nil|1|nil|nil;nil|nil|nil|nil|1|nil|nil;nil|nil|nil|nil|1|nil|nil;nil|nil|nil|nil|1|nil|nil;nil|nil|nil|nil|1|nil|nil;nil|nil|nil|nil|1|nil|nil;nil|nil|nil|nil|1|nil|nil;
nil|nil|nil|nil|1|nil|nil;nil|nil|nil|nil|1|nil|nil;nil|nil|nil|nil|1|nil|nil;nil|nil|nil|nil|1|nil|nil;nil|nil|nil|nil|1|nil|nil;nil|nil|nil|nil|1|nil|nil;nil|nil|nil|nil|1|nil|nil;nil|nil|nil|nil|1|nil|nil;
# Block 2 -1
1,22,3|17,6,4|nil|17,5,1|0|nil|nil;1,23,11|nil|nil|17,5,1|0|nil|nil;1,23,5|nil|nil|17,5,1|0|nil|nil;1,22,3|nil|nil|17,5,1|0|nil|nil;1,21,5|nil|nil|17,5,1|0|nil|nil;1,23,11|nil|nil|17,5,1|0|nil|nil;1,23,5|nil|nil|17,5,1|0|nil|nil;1,22,3|nil|nil|17,5,1|0|nil|nil;
1,23,11|nil|nil|nil|1|nil|nil;1,23,5|nil|nil|nil|1|nil|nil;1,22,3|nil|nil|nil|1|nil|nil;1,22,3|nil|nil|nil|1|nil|nil;1,23,5|nil|nil|nil|1|nil|nil;1,22,3|nil|nil|nil|1|nil|nil;1,22,3|nil|nil|nil|1|nil|nil;1,22,3|nil|nil|nil|1|nil|nil;
1,23,5|nil|nil|nil|1|nil|nil;1,22,11|nil|nil|nil|1|nil|nil;1,22,3|nil|nil|nil|1|nil|nil;1,22,3|nil|nil|nil|1|nil|nil;1,23,11|nil|nil|1,27,16|1|nil|nil;1,22,3|nil|nil|1,27,17|1|nil|nil;1,22,5|1,28,19|nil|1,27,18|1|nil|nil;1,21,5|1,28,20|nil|nil|1|nil|nil;
nil|nil|nil|nil|1|nil|nil;nil|nil|nil|nil|1|nil|nil;nil|nil|nil|nil|1|nil|nil;nil|nil|nil|nil|1|nil|nil;nil|nil|nil|nil|1|nil|nil;nil|nil|nil|nil|1|nil|nil;nil|nil|nil|nil|1|nil|nil;nil|nil|nil|nil|1|nil|nil;
nil|nil|nil|nil|1|nil|nil;nil|nil|nil|nil|1|nil|nil;nil|nil|nil|nil|1|nil|nil;nil|nil|nil|nil|1|nil|nil;nil|nil|nil|nil|1|nil|nil;nil|nil|nil|nil|1|nil|nil;nil|nil|nil|nil|1|nil|nil;nil|nil|nil|nil|1|nil|nil;
nil|nil|nil|nil|1|nil|nil;nil|nil|nil|nil|1|nil|nil;nil|nil|nil|nil|1|nil|nil;nil|nil|nil|nil|1|nil|nil;nil|nil|nil|nil|1|nil|nil;nil|nil|nil|nil|1|nil|nil;nil|nil|nil|nil|1|nil|nil;nil|nil|nil|nil|1|nil|nil;
nil|nil|nil|nil|1|nil|nil;nil|nil|nil|nil|1|nil|nil;nil|nil|nil|nil|1|nil|nil;nil|nil|nil|nil|1|nil|nil;nil|nil|nil|nil|1|nil|nil;nil|nil|nil|nil|1|nil|nil;nil|nil|nil|nil|1|nil|nil;nil|nil|nil|nil|1|nil|nil;
nil|nil|nil|nil|1|nil|nil;nil|nil|nil|nil|1|nil|nil;nil|nil|nil|nil|1|nil|nil;nil|nil|nil|nil|1|nil|nil;nil|nil|nil|nil|1|nil|nil;nil|nil|nil|nil|1|nil|nil;nil|nil|nil|nil|1|nil|nil;nil|nil|nil|nil|1|nil|nil;
# Block 2 0
1,23,11|nil|nil|17,8,0|0|nil|nil;1,22,3|nil|nil|nil|1|nil|nil;1,21,5|nil|nil|nil|1|nil|nil;1,22,3|nil|nil|1,27,16|1|nil|nil;1,23,5|nil|nil|1,27,17|1|nil|nil;1,23,5|1,28,19|nil|1,27,18|1|nil|nil;1,21,5|1,28,20|nil|nil|1|nil|nil;nil|nil|nil|nil|1|nil|nil;
1,23,5|nil|nil|nil|1|nil|nil;1,22,3|nil|nil|nil|1|nil|nil;1,21,5|nil|nil|1,28,15|1|nil|nil;1,22,3|nil|nil|1,28,16|1|nil|nil;1,22,3|nil|nil|1,28,17|1|nil|nil;1,22,3|1,26,19|nil|1,28,18|1|nil|nil;1,21,5|1,29,20|nil|nil|1|nil|nil;nil|nil|nil|nil|1|nil|nil;
1,22,3|nil|nil|nil|1|nil|nil;1,22,5|nil|nil|nil|1|nil|nil;1,22,3|nil|nil|nil|1|nil|nil;1,22,11|nil|nil|1,29,16|1|nil|nil;1,22,5|nil|nil|1,29,17|1|nil|nil;1,22,3|1,30,19|nil|1,29,18|1|nil|nil;1,22,5|1,30,20|nil|nil|1|nil|nil;nil|nil|nil|nil|1|nil|nil;
nil|nil|nil|nil|1|nil|nil;nil|nil|nil|nil|1|nil|nil;nil|nil|nil|nil|1|nil|nil;nil|nil|nil|nil|1|nil|nil;nil|nil|nil|nil|1|nil|nil;nil|nil|nil|nil|1|nil|nil;nil|nil|nil|nil|1|nil|nil;nil|nil|nil|nil|1|nil|nil;
nil|nil|nil|nil|1|nil|nil;nil|nil|nil|nil|1|nil|nil;nil|nil|nil|nil|1|nil|nil;nil|nil|nil|nil|1|nil|nil;nil|nil|nil|nil|1|nil|nil;nil|nil|nil|nil|1|nil|nil;nil|nil|nil|nil|1|nil|nil;nil|nil|nil|nil|1|nil|nil;
nil|nil|nil|nil|1|nil|nil;nil|nil|nil|nil|1|nil|nil;nil|nil|nil|nil|1|nil|nil;nil|nil|nil|nil|1|nil|nil;nil|nil|nil|nil|1|nil|nil;nil|nil|nil|nil|1|nil|nil;nil|nil|nil|nil|1|nil|nil;nil|nil|nil|nil|1|nil|nil;
nil|nil|nil|nil|1|nil|nil;nil|nil|nil|nil|1|nil|nil;nil|nil|nil|nil|1|nil|nil;nil|nil|nil|nil|1|nil|nil;nil|nil|nil|nil|1|nil|nil;nil|nil|nil|nil|1|nil|nil;nil|nil|nil|nil|1|nil|nil;nil|nil|nil|nil|1|nil|nil;
nil|nil|nil|nil|1|nil|nil;nil|nil|nil|nil|1|nil|nil;nil|nil|nil|nil|1|nil|nil;nil|nil|nil|nil|1|nil|nil;nil|nil|nil|nil|1|nil|nil;nil|nil|nil|nil|1|nil|nil;nil|nil|nil|nil|1|nil|nil;nil|nil|nil|nil|1|nil|nil;
# Spawns
1;0;-1
2;2;6
