# Settings
# Tiles
# Block 0 0
1,4,31|1,16,15|nil|nil|0|farm01,2|nil;1,5,31|nil|nil|nil|0|nil|nil;1,5,31|nil|nil|nil|0|nil|nil;1,4,31|nil|nil|nil|0|nil|nil;1,5,31|nil|nil|nil|0|nil|nil;1,5,31|nil|nil|nil|0|nil|nil;1,4,31|nil|nil|nil|0|nil|nil;1,4,29|nil|nil|nil|0|nil|nil;
1,4,29|nil|nil|nil|0|nil|nil;1,4,29|nil|nil|nil|0|nil|nil;1,4,31|nil|nil|nil|0|nil|nil;1,4,29|nil|nil|nil|0|nil|nil;1,4,29|nil|nil|nil|0|nil|nil;1,4,29|nil|nil|nil|0|nil|nil;1,5,31|nil|nil|nil|0|nil|nil;1,4,29|nil|nil|nil|0|nil|nil;
1,4,31|nil|nil|nil|0|nil|nil;1,4,29|nil|nil|nil|0|nil|nil;1,4,29|nil|nil|nil|0|nil|nil;1,5,31|nil|nil|nil|0|nil|nil;1,4,29|nil|nil|nil|0|nil|nil;1,4,29|nil|nil|nil|0|nil|nil;1,4,29|nil|nil|nil|0|nil|nil;1,4,29|nil|nil|nil|0|nil|nil;
1,5,31|nil|nil|nil|0|nil|nil;1,4,29|nil|nil|nil|0|nil|nil;1,4,31|nil|nil|nil|0|nil|nil;1,4,29|nil|nil|nil|0|nil|nil;1,4,29|nil|nil|nil|0|nil|nil;1,5,31|nil|nil|nil|0|nil|nil;1,4,29|nil|nil|nil|0|nil|nil;1,5,31|nil|nil|nil|0|nil|nil;
1,4,29|nil|nil|nil|0|nil|nil;1,4,29|nil|nil|nil|0|nil|nil;1,4,29|nil|nil|nil|0|nil|nil;1,4,31|nil|nil|nil|0|nil|nil;1,4,29|nil|nil|nil|0|nil|nil;1,5,31|nil|nil|nil|0|nil|nil;1,4,29|nil|nil|nil|0|nil|nil;1,4,29|nil|nil|nil|0|nil|nil;
1,4,29|nil|nil|nil|0|nil|nil;1,4,29|nil|nil|nil|0|nil|nil;1,4,29|nil|nil|nil|0|nil|nil;1,3,31|nil|nil|nil|0|nil|nil;1,4,29|nil|nil|nil|0|nil|nil;1,4,29|nil|nil|nil|0|nil|nil;1,4,29|nil|nil|nil|0|nil|nil;1,3,31|nil|nil|nil|0|nil|nil;
1,4,29|nil|nil|nil|0|nil|nil;1,4,29|nil|nil|nil|0|nil|nil;1,5,31|nil|nil|nil|0|nil|nil;1,4,29|nil|nil|nil|0|nil|nil;1,4,29|nil|nil|nil|0|nil|nil;1,5,31|nil|nil|nil|0|nil|nil;1,4,29|nil|nil|nil|0|nil|nil;1,5,31|nil|nil|nil|0|nil|nil;
1,4,29|nil|nil|nil|0|nil|nil;1,5,31|nil|nil|nil|0|nil|nil;1,5,31|nil|nil|nil|0|nil|nil;1,4,29|nil|nil|nil|0|nil|nil;1,4,29|nil|nil|nil|0|nil|nil;1,4,31|nil|nil|nil|0|nil|nil;1,4,31|nil|nil|nil|0|nil|nil;1,4,29|nil|nil|nil|0|nil|nil;
# Block 0 1
1,4,29|nil|nil|nil|0|nil|nil;nil|nil|nil|nil|1|nil|nil;nil|nil|nil|nil|1|nil|nil;nil|nil|nil|nil|1|nil|nil;nil|nil|nil|nil|1|nil|nil;nil|nil|nil|nil|1|nil|nil;nil|nil|nil|nil|1|nil|nil;nil|nil|nil|nil|1|nil|nil;
1,5,31|nil|nil|nil|0|nil|nil;nil|nil|nil|nil|1|nil|nil;nil|nil|nil|nil|1|nil|nil;nil|nil|nil|nil|1|nil|nil;nil|nil|nil|nil|1|nil|nil;nil|nil|nil|nil|1|nil|nil;nil|nil|nil|nil|1|nil|nil;nil|nil|nil|nil|1|nil|nil;
1,4,29|nil|nil|nil|0|nil|nil;nil|nil|nil|nil|1|nil|nil;nil|nil|nil|nil|1|nil|nil;nil|nil|nil|nil|1|nil|nil;nil|nil|nil|nil|1|nil|nil;nil|nil|nil|nil|1|nil|nil;nil|nil|nil|nil|1|nil|nil;nil|nil|nil|nil|1|nil|nil;
1,5,31|nil|nil|nil|0|nil|nil;nil|nil|nil|nil|1|nil|nil;nil|nil|nil|nil|1|nil|nil;nil|nil|nil|nil|1|nil|nil;nil|nil|nil|nil|1|nil|nil;nil|nil|nil|nil|1|nil|nil;nil|nil|nil|nil|1|nil|nil;nil|nil|nil|nil|1|nil|nil;
1,4,29|nil|nil|nil|0|nil|nil;nil|nil|nil|nil|1|nil|nil;nil|nil|nil|nil|1|nil|nil;nil|nil|nil|nil|1|nil|nil;nil|nil|nil|nil|1|nil|nil;nil|nil|nil|nil|1|nil|nil;nil|nil|nil|nil|1|nil|nil;nil|nil|nil|nil|1|nil|nil;
1,4,29|nil|nil|nil|0|nil|nil;nil|nil|nil|nil|1|nil|nil;nil|nil|nil|nil|1|nil|nil;nil|nil|nil|nil|1|nil|nil;nil|nil|nil|nil|1|nil|nil;nil|nil|nil|nil|1|nil|nil;nil|nil|nil|nil|1|nil|nil;nil|nil|nil|nil|1|nil|nil;
1,5,31|nil|nil|nil|0|nil|nil;nil|nil|nil|nil|1|nil|nil;nil|nil|nil|nil|1|nil|nil;nil|nil|nil|nil|1|nil|nil;nil|nil|nil|nil|1|nil|nil;nil|nil|nil|nil|1|nil|nil;nil|nil|nil|nil|1|nil|nil;nil|nil|nil|nil|1|nil|nil;
1,4,29|nil|nil|nil|0|nil|nil;nil|nil|nil|nil|1|nil|nil;nil|nil|nil|nil|1|nil|nil;nil|nil|nil|nil|1|nil|nil;nil|nil|nil|nil|1|nil|nil;nil|nil|nil|nil|1|nil|nil;nil|nil|nil|nil|1|nil|nil;nil|nil|nil|nil|1|nil|nil;
# Block 0 -2
nil|nil|nil|nil|1|nil|nil;nil|nil|nil|nil|1|nil|nil;nil|nil|nil|nil|1|nil|nil;nil|nil|nil|nil|1|nil|nil;1,3,31|nil|nil|nil|0|nil|nil;1,4,29|nil|nil|nil|0|nil|nil;1,4,29|nil|nil|nil|0|nil|nil;1,4,29|nil|nil|nil|0|nil|nil;
nil|nil|nil|nil|1|nil|nil;nil|nil|nil|nil|1|nil|nil;nil|nil|nil|nil|1|nil|nil;nil|nil|nil|nil|1|nil|nil;1,4,29|nil|nil|nil|0|nil|nil;1,4,29|nil|nil|nil|0|nil|nil;1,4,29|nil|nil|nil|0|nil|nil;1,4,29|nil|nil|nil|0|nil|nil;
nil|nil|nil|nil|1|nil|nil;nil|nil|nil|nil|1|nil|nil;nil|nil|nil|nil|1|nil|nil;nil|nil|nil|nil|1|nil|nil;1,4,29|nil|nil|nil|0|nil|nil;1,3,31|nil|nil|nil|0|nil|nil;1,4,29|nil|nil|nil|0|nil|nil;1,5,31|nil|nil|nil|0|nil|nil;
nil|nil|nil|nil|1|nil|nil;nil|nil|nil|nil|1|nil|nil;nil|nil|nil|nil|1|nil|nil;nil|nil|nil|nil|1|nil|nil;1,5,31|nil|nil|nil|0|nil|nil;1,4,29|nil|nil|nil|0|nil|nil;1,5,31|nil|nil|nil|0|nil|nil;1,5,31|nil|nil|nil|0|nil|nil;
nil|nil|nil|nil|1|nil|nil;nil|nil|nil|nil|1|nil|nil;nil|nil|nil|nil|1|nil|nil;nil|nil|nil|nil|1|nil|nil;1,4,29|nil|nil|nil|0|nil|nil;1,4,29|nil|nil|nil|0|nil|nil;1,4,29|nil|nil|nil|0|nil|nil;1,4,29|nil|nil|nil|0|nil|nil;
nil|nil|nil|nil|1|nil|nil;nil|nil|nil|nil|1|nil|nil;nil|nil|nil|nil|1|nil|nil;nil|nil|nil|nil|1|nil|nil;1,4,29|nil|nil|nil|0|nil|nil;1,4,31|nil|nil|nil|0|nil|nil;1,4,29|nil|nil|nil|0|nil|nil;1,5,31|nil|nil|nil|0|nil|nil;
nil|nil|nil|nil|1|nil|nil;nil|nil|nil|nil|1|nil|nil;nil|nil|nil|nil|1|nil|nil;nil|nil|nil|nil|1|nil|nil;1,4,29|nil|nil|nil|0|nil|nil;1,4,29|nil|nil|nil|0|nil|nil;1,4,29|nil|nil|nil|0|nil|nil;1,5,31|nil|nil|nil|0|nil|nil;
nil|nil|nil|nil|1|nil|nil;nil|nil|nil|nil|1|nil|nil;nil|nil|nil|nil|1|nil|nil;nil|nil|nil|nil|1|nil|nil;1,5,31|nil|nil|nil|0|nil|nil;1,4,29|nil|nil|nil|0|nil|nil;1,5,31|nil|nil|nil|0|nil|nil;1,5,31|nil|nil|nil|0|nil|nil;
# Block 0 -1
1,4,29|nil|nil|nil|0|nil|nil;1,4,31|nil|nil|nil|0|nil|nil;1,4,29|nil|nil|nil|0|nil|nil;1,5,31|nil|nil|nil|0|nil|nil;1,4,29|nil|nil|nil|0|nil|nil;1,4,29|nil|nil|nil|0|nil|nil;1,4,29|nil|nil|nil|0|nil|nil;1,4,29|nil|nil|nil|0|nil|nil;
1,4,29|nil|nil|nil|0|nil|nil;1,5,31|nil|nil|nil|0|nil|nil;1,5,31|nil|nil|nil|0|nil|nil;1,4,29|nil|nil|nil|0|nil|nil;1,4,29|nil|nil|nil|0|nil|nil;1,4,29|nil|nil|nil|0|nil|nil;1,4,29|nil|nil|nil|0|nil|nil;1,4,29|nil|nil|nil|0|nil|nil;
1,5,31|nil|nil|nil|0|nil|nil;1,5,31|nil|nil|nil|0|nil|nil;1,5,31|nil|nil|nil|0|nil|nil;1,4,29|nil|nil|nil|0|nil|nil;1,4,29|nil|nil|nil|0|nil|nil;1,4,29|nil|nil|nil|0|nil|nil;1,5,31|nil|nil|nil|0|nil|nil;1,4,31|nil|nil|nil|0|nil|nil;
1,5,31|nil|nil|nil|0|nil|nil;1,4,29|nil|nil|nil|0|nil|nil;1,4,31|nil|nil|nil|0|nil|nil;1,4,29|nil|nil|nil|0|nil|nil;1,5,31|nil|nil|nil|0|nil|nil;1,4,29|nil|nil|nil|0|nil|nil;1,4,29|nil|nil|nil|0|nil|nil;1,4,29|nil|nil|nil|0|nil|nil;
1,4,29|nil|nil|nil|0|nil|nil;1,5,31|nil|nil|nil|0|nil|nil;1,4,29|nil|nil|nil|0|nil|nil;1,4,29|nil|nil|nil|0|nil|nil;1,4,29|nil|nil|nil|0|nil|nil;1,4,29|nil|nil|nil|0|nil|nil;1,4,29|nil|nil|nil|0|nil|nil;1,4,29|nil|nil|nil|0|nil|nil;
1,4,29|nil|nil|nil|0|nil|nil;1,4,29|nil|nil|nil|0|nil|nil;1,4,29|nil|nil|nil|0|nil|nil;1,4,29|nil|nil|nil|0|nil|nil;1,4,31|nil|nil|nil|0|nil|nil;1,5,31|nil|nil|nil|0|nil|nil;1,4,29|nil|nil|nil|0|nil|nil;1,4,29|nil|nil|nil|0|nil|nil;
1,5,31|nil|nil|nil|0|nil|nil;1,4,29|nil|nil|nil|0|nil|nil;1,5,31|nil|nil|nil|0|nil|nil;1,4,29|nil|nil|nil|0|nil|nil;1,4,29|nil|nil|nil|0|nil|nil;1,4,29|nil|nil|nil|0|nil|nil;1,4,29|nil|nil|nil|0|nil|nil;1,5,31|nil|nil|nil|0|nil|nil;
1,4,29|nil|nil|nil|0|nil|nil;1,4,29|nil|nil|nil|0|nil|nil;1,3,31|nil|nil|nil|0|nil|nil;1,4,29|nil|nil|nil|0|nil|nil;1,4,29|nil|nil|nil|0|nil|nil;1,4,29|nil|nil|nil|0|nil|nil;1,4,29|nil|nil|nil|0|nil|nil;1,4,29|nil|nil|nil|0|nil|nil;
# Block 1 0
1,4,29|nil|nil|nil|0|nil|nil;1,4,29|nil|nil|nil|0|nil|nil;1,4,29|nil|nil|nil|0|nil|nil;1,4,29|nil|nil|nil|0|nil|nil;1,4,29|nil|nil|nil|0|nil|nil;1,4,29|nil|nil|nil|0|nil|nil;1,4,29|nil|nil|nil|0|nil|nil;1,4,29|nil|nil|nil|0|nil|nil;
1,4,29|nil|nil|nil|0|nil|nil;1,4,29|nil|nil|nil|0|nil|nil;1,4,29|nil|nil|nil|0|nil|nil;1,4,29|nil|nil|nil|0|nil|nil;1,4,29|nil|nil|nil|0|nil|nil;1,4,29|nil|nil|nil|0|nil|nil;1,5,31|nil|nil|nil|0|nil|nil;1,4,29|nil|nil|nil|0|nil|nil;
1,4,29|nil|nil|nil|0|nil|nil;1,4,29|nil|nil|nil|0|nil|nil;1,4,29|nil|nil|nil|0|nil|nil;1,5,31|nil|nil|nil|0|nil|nil;1,5,31|nil|nil|nil|0|nil|nil;1,5,31|nil|nil|nil|0|nil|nil;1,4,29|nil|nil|nil|0|nil|nil;1,4,29|nil|nil|nil|0|nil|nil;
1,5,31|nil|nil|nil|0|nil|nil;1,4,29|nil|nil|nil|0|nil|nil;1,4,29|nil|nil|nil|0|nil|nil;1,4,29|nil|nil|nil|0|nil|nil;1,5,31|nil|nil|nil|0|nil|nil;1,4,29|nil|nil|nil|0|nil|nil;1,4,29|nil|nil|nil|0|nil|nil;1,4,29|nil|nil|nil|0|nil|nil;
1,4,29|nil|nil|nil|0|nil|nil;1,4,29|nil|nil|nil|0|nil|nil;1,4,29|nil|nil|nil|0|nil|nil;1,4,29|nil|nil|nil|0|nil|nil;1,4,29|nil|nil|nil|0|nil|nil;1,4,29|nil|nil|nil|0|nil|nil;1,5,31|nil|nil|nil|0|nil|nil;1,4,29|nil|nil|nil|0|nil|nil;
1,4,29|nil|nil|nil|0|nil|nil;1,5,31|nil|nil|nil|0|nil|nil;1,4,29|nil|nil|nil|0|nil|nil;1,5,31|nil|nil|nil|0|nil|nil;1,4,29|nil|nil|nil|0|nil|nil;1,4,29|nil|nil|nil|0|nil|nil;1,5,31|nil|nil|nil|0|nil|nil;1,4,29|nil|nil|nil|0|nil|nil;
1,4,29|nil|nil|nil|0|nil|nil;1,5,31|nil|nil|nil|0|nil|nil;1,4,29|nil|nil|nil|0|nil|nil;1,4,31|nil|nil|nil|0|nil|nil;1,5,31|nil|nil|nil|0|nil|nil;1,4,29|nil|nil|nil|0|nil|nil;1,5,31|nil|nil|nil|0|nil|nil;1,4,29|nil|nil|nil|0|nil|nil;
1,4,29|nil|nil|nil|0|nil|nil;1,5,31|nil|nil|nil|0|nil|nil;1,4,31|nil|nil|nil|0|nil|nil;1,4,29|nil|nil|nil|0|nil|nil;1,4,29|nil|nil|nil|0|nil|nil;1,4,29|nil|nil|nil|0|nil|nil;1,4,29|nil|nil|nil|0|nil|nil;1,4,29|nil|nil|nil|0|nil|nil;
# Block 1 1
1,4,29|nil|nil|nil|0|nil|nil;nil|nil|nil|nil|1|nil|nil;nil|nil|nil|nil|1|nil|nil;nil|nil|nil|nil|1|nil|nil;nil|nil|nil|nil|1|nil|nil;nil|nil|nil|nil|1|nil|nil;nil|nil|nil|nil|1|nil|nil;nil|nil|nil|nil|1|nil|nil;
1,4,31|nil|nil|nil|0|nil|nil;nil|nil|nil|nil|1|nil|nil;nil|nil|nil|nil|1|nil|nil;nil|nil|nil|nil|1|nil|nil;nil|nil|nil|nil|1|nil|nil;nil|nil|nil|nil|1|nil|nil;nil|nil|nil|nil|1|nil|nil;nil|nil|nil|nil|1|nil|nil;
1,4,29|nil|nil|nil|0|nil|nil;nil|nil|nil|nil|1|nil|nil;nil|nil|nil|nil|1|nil|nil;nil|nil|nil|nil|1|nil|nil;nil|nil|nil|nil|1|nil|nil;nil|nil|nil|nil|1|nil|nil;nil|nil|nil|nil|1|nil|nil;nil|nil|nil|nil|1|nil|nil;
1,4,31|nil|nil|nil|0|nil|nil;nil|nil|nil|nil|1|nil|nil;nil|nil|nil|nil|1|nil|nil;nil|nil|nil|nil|1|nil|nil;nil|nil|nil|nil|1|nil|nil;nil|nil|nil|nil|1|nil|nil;nil|nil|nil|nil|1|nil|nil;nil|nil|nil|nil|1|nil|nil;
1,4,29|nil|nil|nil|0|nil|nil;nil|nil|nil|nil|1|nil|nil;nil|nil|nil|nil|1|nil|nil;nil|nil|nil|nil|1|nil|nil;nil|nil|nil|nil|1|nil|nil;nil|nil|nil|nil|1|nil|nil;nil|nil|nil|nil|1|nil|nil;nil|nil|nil|nil|1|nil|nil;
1,4,29|nil|nil|nil|0|nil|nil;nil|nil|nil|nil|1|nil|nil;nil|nil|nil|nil|1|nil|nil;nil|nil|nil|nil|1|nil|nil;nil|nil|nil|nil|1|nil|nil;nil|nil|nil|nil|1|nil|nil;nil|nil|nil|nil|1|nil|nil;nil|nil|nil|nil|1|nil|nil;
1,4,29|nil|nil|nil|0|nil|nil;nil|nil|nil|nil|1|nil|nil;nil|nil|nil|nil|1|nil|nil;nil|nil|nil|nil|1|nil|nil;nil|nil|nil|nil|1|nil|nil;nil|nil|nil|nil|1|nil|nil;nil|nil|nil|nil|1|nil|nil;nil|nil|nil|nil|1|nil|nil;
1,4,29|nil|nil|nil|0|nil|nil;nil|nil|nil|nil|1|nil|nil;nil|nil|nil|nil|1|nil|nil;nil|nil|nil|nil|1|nil|nil;nil|nil|nil|nil|1|nil|nil;nil|nil|nil|nil|1|nil|nil;nil|nil|nil|nil|1|nil|nil;nil|nil|nil|nil|1|nil|nil;
# Block 1 -1
1,4,29|nil|nil|nil|0|nil|nil;1,4,29|nil|nil|nil|0|nil|nil;1,4,29|nil|nil|nil|0|nil|nil;1,4,29|nil|nil|nil|0|nil|nil;1,4,29|nil|nil|nil|0|nil|nil;1,4,31|nil|nil|nil|0|nil|nil;1,4,29|nil|nil|nil|0|nil|nil;1,4,31|nil|nil|nil|0|nil|nil;
1,5,31|nil|nil|nil|0|nil|nil;1,4,29|nil|nil|nil|0|nil|nil;1,4,31|nil|nil|nil|0|nil|nil;1,4,29|nil|nil|nil|0|nil|nil;1,4,29|nil|nil|nil|0|nil|nil;1,4,29|nil|nil|nil|0|nil|nil;1,4,29|nil|nil|nil|0|nil|nil;1,4,29|nil|nil|nil|0|nil|nil;
1,4,29|nil|nil|nil|0|nil|nil;1,4,29|nil|nil|nil|0|nil|nil;1,4,29|nil|nil|nil|0|nil|nil;1,4,29|nil|nil|nil|0|nil|nil;1,4,29|nil|nil|nil|0|nil|nil;1,4,29|nil|nil|nil|0|nil|nil;1,4,29|nil|nil|nil|0|nil|nil;1,4,29|nil|nil|nil|0|nil|nil;
1,4,29|nil|nil|nil|0|nil|nil;1,4,29|nil|nil|nil|0|nil|nil;1,4,29|nil|nil|nil|0|nil|nil;1,4,29|nil|nil|nil|0|nil|nil;1,4,29|nil|nil|nil|0|nil|nil;1,4,29|nil|nil|nil|0|nil|nil;1,5,31|nil|nil|nil|0|nil|nil;1,4,29|nil|nil|nil|0|nil|nil;
1,4,29|nil|nil|nil|0|nil|nil;1,4,29|nil|nil|nil|0|nil|nil;1,4,29|nil|nil|nil|0|nil|nil;1,5,31|nil|nil|nil|0|nil|nil;1,4,29|nil|nil|nil|0|nil|nil;1,5,31|nil|nil|nil|0|nil|nil;1,4,29|nil|nil|nil|0|nil|nil;1,4,29|nil|nil|nil|0|nil|nil;
1,4,29|nil|nil|nil|0|nil|nil;1,4,29|nil|nil|nil|0|nil|nil;1,4,29|nil|nil|nil|0|nil|nil;1,4,29|nil|nil|nil|0|nil|nil;1,4,29|nil|nil|nil|0|nil|nil;1,4,29|nil|nil|nil|0|nil|nil;1,4,29|nil|nil|nil|0|nil|nil;1,4,29|nil|nil|nil|0|nil|nil;
1,4,31|nil|nil|nil|0|nil|nil;1,5,31|nil|nil|nil|0|nil|nil;1,4,29|nil|nil|nil|0|nil|nil;1,4,29|nil|nil|nil|0|nil|nil;1,4,29|nil|nil|nil|0|nil|nil;1,4,29|nil|nil|nil|0|nil|nil;1,4,29|nil|nil|nil|0|nil|nil;1,4,29|nil|nil|nil|0|nil|nil;
1,4,29|nil|nil|nil|0|nil|nil;1,5,31|nil|nil|nil|0|nil|nil;1,4,29|nil|nil|nil|0|nil|nil;1,4,29|nil|nil|nil|0|nil|nil;1,4,29|nil|nil|nil|0|nil|nil;1,4,29|nil|nil|nil|0|nil|nil;1,4,29|nil|nil|nil|0|nil|nil;1,4,29|nil|nil|nil|0|nil|nil;
# Block 1 -2
nil|nil|nil|nil|1|nil|nil;nil|nil|nil|nil|1|nil|nil;nil|nil|nil|nil|1|nil|nil;nil|nil|nil|nil|1|nil|nil;1,4,29|nil|nil|nil|0|nil|nil;1,4,29|nil|nil|nil|0|nil|nil;1,4,29|nil|nil|nil|0|nil|nil;1,4,29|nil|nil|nil|0|nil|nil;
nil|nil|nil|nil|1|nil|nil;nil|nil|nil|nil|1|nil|nil;nil|nil|nil|nil|1|nil|nil;nil|nil|nil|nil|1|nil|nil;1,4,29|nil|nil|nil|0|nil|nil;1,4,31|nil|nil|nil|0|nil|nil;1,4,31|nil|nil|nil|0|nil|nil;1,4,31|nil|nil|nil|0|nil|nil;
nil|nil|nil|nil|1|nil|nil;nil|nil|nil|nil|1|nil|nil;nil|nil|nil|nil|1|nil|nil;nil|nil|nil|nil|1|nil|nil;1,4,29|nil|nil|nil|0|nil|nil;1,4,29|nil|nil|nil|0|nil|nil;1,4,29|nil|nil|nil|0|nil|nil;1,4,29|nil|nil|nil|0|nil|nil;
nil|nil|nil|nil|1|nil|nil;nil|nil|nil|nil|1|nil|nil;nil|nil|nil|nil|1|nil|nil;nil|nil|nil|nil|1|nil|nil;1,4,29|nil|nil|nil|0|nil|nil;1,4,29|nil|nil|nil|0|nil|nil;1,5,31|nil|nil|nil|0|nil|nil;1,4,29|nil|nil|nil|0|nil|nil;
nil|nil|nil|nil|1|nil|nil;nil|nil|nil|nil|1|nil|nil;nil|nil|nil|nil|1|nil|nil;nil|nil|nil|nil|1|nil|nil;1,4,29|nil|nil|nil|0|nil|nil;1,4,29|nil|nil|nil|0|nil|nil;1,4,29|nil|nil|nil|0|nil|nil;1,4,29|nil|nil|nil|0|nil|nil;
nil|nil|nil|nil|1|nil|nil;nil|nil|nil|nil|1|nil|nil;nil|nil|nil|nil|1|nil|nil;nil|nil|nil|nil|1|nil|nil;1,3,31|nil|nil|nil|0|nil|nil;1,4,29|nil|nil|nil|0|nil|nil;1,4,29|nil|nil|nil|0|nil|nil;1,4,29|nil|nil|nil|0|nil|nil;
nil|nil|nil|nil|1|nil|nil;nil|nil|nil|nil|1|nil|nil;nil|nil|nil|nil|1|nil|nil;nil|nil|nil|nil|1|nil|nil;1,5,31|nil|nil|nil|0|nil|nil;1,4,29|nil|nil|nil|0|nil|nil;1,5,31|nil|nil|nil|0|nil|nil;1,4,29|nil|nil|nil|0|nil|nil;
nil|nil|nil|nil|1|nil|nil;nil|nil|nil|nil|1|nil|nil;nil|nil|nil|nil|1|nil|nil;nil|nil|nil|nil|1|nil|nil;1,4,31|nil|nil|nil|0|nil|nil;1,5,31|nil|nil|nil|0|nil|nil;1,4,29|nil|nil|nil|0|nil|nil;1,4,29|nil|nil|nil|0|nil|nil;
# Block 2 0
1,4,29|nil|nil|nil|0|nil|nil;1,4,29|nil|nil|nil|0|nil|nil;1,4,29|nil|nil|nil|0|nil|nil;1,4,29|nil|nil|nil|0|nil|nil;1,4,29|nil|nil|nil|0|nil|nil;1,4,29|nil|nil|nil|0|nil|nil;1,5,31|nil|nil|nil|0|nil|nil;1,4,31|nil|nil|nil|0|nil|nil;
1,5,31|nil|nil|nil|0|nil|nil;1,5,31|nil|nil|nil|0|nil|nil;1,4,31|nil|nil|nil|0|nil|nil;1,4,29|nil|nil|nil|0|nil|nil;1,5,31|nil|nil|nil|0|nil|nil;1,5,31|nil|nil|nil|0|nil|nil;1,4,29|nil|nil|nil|0|nil|nil;1,4,29|nil|nil|nil|0|nil|nil;
1,4,29|nil|nil|nil|0|nil|nil;1,4,29|nil|nil|nil|0|nil|nil;1,5,31|nil|nil|nil|0|nil|nil;1,4,29|nil|nil|nil|0|nil|nil;1,4,29|nil|nil|nil|0|nil|nil;1,4,29|nil|nil|nil|0|nil|nil;1,4,29|nil|nil|nil|0|nil|nil;1,4,29|nil|nil|nil|0|nil|nil;
1,4,29|nil|nil|nil|0|nil|nil;1,5,31|nil|nil|nil|0|nil|nil;1,4,29|nil|nil|nil|0|nil|nil;1,4,29|nil|nil|nil|0|nil|nil;1,4,29|nil|nil|nil|0|nil|nil;1,4,29|nil|nil|nil|0|nil|nil;1,4,29|nil|nil|nil|0|nil|nil;1,4,29|nil|nil|nil|0|nil|nil;
nil|nil|nil|nil|1|nil|nil;nil|nil|nil|nil|1|nil|nil;nil|nil|nil|nil|1|nil|nil;nil|nil|nil|nil|1|nil|nil;nil|nil|nil|nil|1|nil|nil;nil|nil|nil|nil|1|nil|nil;nil|nil|nil|nil|1|nil|nil;nil|nil|nil|nil|1|nil|nil;
nil|nil|nil|nil|1|nil|nil;nil|nil|nil|nil|1|nil|nil;nil|nil|nil|nil|1|nil|nil;nil|nil|nil|nil|1|nil|nil;nil|nil|nil|nil|1|nil|nil;nil|nil|nil|nil|1|nil|nil;nil|nil|nil|nil|1|nil|nil;nil|nil|nil|nil|1|nil|nil;
nil|nil|nil|nil|1|nil|nil;nil|nil|nil|nil|1|nil|nil;nil|nil|nil|nil|1|nil|nil;nil|nil|nil|nil|1|nil|nil;nil|nil|nil|nil|1|nil|nil;nil|nil|nil|nil|1|nil|nil;nil|nil|nil|nil|1|nil|nil;nil|nil|nil|nil|1|nil|nil;
nil|nil|nil|nil|1|nil|nil;nil|nil|nil|nil|1|nil|nil;nil|nil|nil|nil|1|nil|nil;nil|nil|nil|nil|1|nil|nil;nil|nil|nil|nil|1|nil|nil;nil|nil|nil|nil|1|nil|nil;nil|nil|nil|nil|1|nil|nil;nil|nil|nil|nil|1|nil|nil;
# Block 2 1
1,5,31|nil|nil|nil|0|nil|nil;nil|nil|nil|nil|1|nil|nil;nil|nil|nil|nil|1|nil|nil;nil|nil|nil|nil|1|nil|nil;nil|nil|nil|nil|1|nil|nil;nil|nil|nil|nil|1|nil|nil;nil|nil|nil|nil|1|nil|nil;nil|nil|nil|nil|1|nil|nil;
1,4,29|nil|nil|nil|0|nil|nil;nil|nil|nil|nil|1|nil|nil;nil|nil|nil|nil|1|nil|nil;nil|nil|nil|nil|1|nil|nil;nil|nil|nil|nil|1|nil|nil;nil|nil|nil|nil|1|nil|nil;nil|nil|nil|nil|1|nil|nil;nil|nil|nil|nil|1|nil|nil;
1,4,29|nil|nil|nil|0|nil|nil;nil|nil|nil|nil|1|nil|nil;nil|nil|nil|nil|1|nil|nil;nil|nil|nil|nil|1|nil|nil;nil|nil|nil|nil|1|nil|nil;nil|nil|nil|nil|1|nil|nil;nil|nil|nil|nil|1|nil|nil;nil|nil|nil|nil|1|nil|nil;
1,3,31|nil|nil|nil|0|nil|nil;nil|nil|nil|nil|1|nil|nil;nil|nil|nil|nil|1|nil|nil;nil|nil|nil|nil|1|nil|nil;nil|nil|nil|nil|1|nil|nil;nil|nil|nil|nil|1|nil|nil;nil|nil|nil|nil|1|nil|nil;nil|nil|nil|nil|1|nil|nil;
nil|nil|nil|nil|1|nil|nil;nil|nil|nil|nil|1|nil|nil;nil|nil|nil|nil|1|nil|nil;nil|nil|nil|nil|1|nil|nil;nil|nil|nil|nil|1|nil|nil;nil|nil|nil|nil|1|nil|nil;nil|nil|nil|nil|1|nil|nil;nil|nil|nil|nil|1|nil|nil;
nil|nil|nil|nil|1|nil|nil;nil|nil|nil|nil|1|nil|nil;nil|nil|nil|nil|1|nil|nil;nil|nil|nil|nil|1|nil|nil;nil|nil|nil|nil|1|nil|nil;nil|nil|nil|nil|1|nil|nil;nil|nil|nil|nil|1|nil|nil;nil|nil|nil|nil|1|nil|nil;
nil|nil|nil|nil|1|nil|nil;nil|nil|nil|nil|1|nil|nil;nil|nil|nil|nil|1|nil|nil;nil|nil|nil|nil|1|nil|nil;nil|nil|nil|nil|1|nil|nil;nil|nil|nil|nil|1|nil|nil;nil|nil|nil|nil|1|nil|nil;nil|nil|nil|nil|1|nil|nil;
nil|nil|nil|nil|1|nil|nil;nil|nil|nil|nil|1|nil|nil;nil|nil|nil|nil|1|nil|nil;nil|nil|nil|nil|1|nil|nil;nil|nil|nil|nil|1|nil|nil;nil|nil|nil|nil|1|nil|nil;nil|nil|nil|nil|1|nil|nil;nil|nil|nil|nil|1|nil|nil;
# Block 2 -1
1,4,29|nil|nil|nil|0|nil|nil;1,4,29|nil|nil|nil|0|nil|nil;1,4,29|nil|nil|nil|0|nil|nil;1,4,29|nil|nil|nil|0|nil|nil;1,4,29|nil|nil|nil|0|nil|nil;1,4,29|nil|nil|nil|0|nil|nil;1,4,29|nil|nil|nil|0|nil|nil;1,5,31|nil|nil|nil|0|nil|nil;
1,4,29|nil|nil|nil|0|nil|nil;1,4,29|nil|nil|nil|0|nil|nil;1,4,29|nil|nil|nil|0|nil|nil;1,4,29|nil|nil|nil|0|nil|nil;1,3,31|nil|nil|nil|0|nil|nil;1,4,29|nil|nil|nil|0|nil|nil;1,4,29|nil|nil|nil|0|nil|nil;1,4,29|nil|nil|nil|0|nil|nil;
1,4,29|nil|nil|nil|0|nil|nil;1,4,29|nil|nil|nil|0|nil|nil;1,4,29|nil|nil|nil|0|nil|nil;1,4,29|nil|nil|nil|0|nil|nil;1,5,31|nil|nil|nil|0|nil|nil;1,4,29|nil|nil|nil|0|nil|nil;1,5,31|nil|nil|nil|0|nil|nil;1,4,29|nil|nil|nil|0|nil|nil;
1,4,29|nil|nil|nil|0|nil|nil;1,4,29|nil|nil|nil|0|nil|nil;1,4,29|nil|nil|nil|0|nil|nil;1,4,29|nil|nil|nil|0|nil|nil;1,4,29|nil|nil|nil|0|nil|nil;1,4,29|nil|nil|nil|0|nil|nil;1,4,29|nil|nil|nil|0|nil|nil;1,4,29|nil|nil|nil|0|nil|nil;
nil|nil|nil|nil|1|nil|nil;nil|nil|nil|nil|1|nil|nil;nil|nil|nil|nil|1|nil|nil;nil|nil|nil|nil|1|nil|nil;nil|nil|nil|nil|1|nil|nil;nil|nil|nil|nil|1|nil|nil;nil|nil|nil|nil|1|nil|nil;nil|nil|nil|nil|1|nil|nil;
nil|nil|nil|nil|1|nil|nil;nil|nil|nil|nil|1|nil|nil;nil|nil|nil|nil|1|nil|nil;nil|nil|nil|nil|1|nil|nil;nil|nil|nil|nil|1|nil|nil;nil|nil|nil|nil|1|nil|nil;nil|nil|nil|nil|1|nil|nil;nil|nil|nil|nil|1|nil|nil;
nil|nil|nil|nil|1|nil|nil;nil|nil|nil|nil|1|nil|nil;nil|nil|nil|nil|1|nil|nil;nil|nil|nil|nil|1|nil|nil;nil|nil|nil|nil|1|nil|nil;nil|nil|nil|nil|1|nil|nil;nil|nil|nil|nil|1|nil|nil;nil|nil|nil|nil|1|nil|nil;
nil|nil|nil|nil|1|nil|nil;nil|nil|nil|nil|1|nil|nil;nil|nil|nil|nil|1|nil|nil;nil|nil|nil|nil|1|nil|nil;nil|nil|nil|nil|1|nil|nil;nil|nil|nil|nil|1|nil|nil;nil|nil|nil|nil|1|nil|nil;nil|nil|nil|nil|1|nil|nil;
# Block 2 -2
nil|nil|nil|nil|1|nil|nil;nil|nil|nil|nil|1|nil|nil;nil|nil|nil|nil|1|nil|nil;nil|nil|nil|nil|1|nil|nil;1,4,29|nil|nil|nil|0|nil|nil;1,4,29|nil|nil|nil|0|nil|nil;1,4,29|nil|nil|nil|0|nil|nil;1,4,29|nil|nil|nil|0|nil|nil;
nil|nil|nil|nil|1|nil|nil;nil|nil|nil|nil|1|nil|nil;nil|nil|nil|nil|1|nil|nil;nil|nil|nil|nil|1|nil|nil;1,4,29|nil|nil|nil|0|nil|nil;1,5,31|nil|nil|nil|0|nil|nil;1,4,29|nil|nil|nil|0|nil|nil;1,4,29|nil|nil|nil|0|nil|nil;
nil|nil|nil|nil|1|nil|nil;nil|nil|nil|nil|1|nil|nil;nil|nil|nil|nil|1|nil|nil;nil|nil|nil|nil|1|nil|nil;1,5,31|nil|nil|nil|0|nil|nil;1,4,29|nil|nil|nil|0|nil|nil;1,4,29|nil|nil|nil|0|nil|nil;1,5,31|nil|nil|nil|0|nil|nil;
nil|nil|nil|nil|1|nil|nil;nil|nil|nil|nil|1|nil|nil;nil|nil|nil|nil|1|nil|nil;nil|nil|nil|nil|1|nil|nil;1,4,29|nil|nil|nil|0|nil|nil;1,4,29|nil|nil|nil|0|nil|nil;1,4,29|nil|nil|nil|0|nil|nil;1,5,31|nil|nil|nil|0|nil|nil;
nil|nil|nil|nil|1|nil|nil;nil|nil|nil|nil|1|nil|nil;nil|nil|nil|nil|1|nil|nil;nil|nil|nil|nil|1|nil|nil;nil|nil|nil|nil|1|nil|nil;nil|nil|nil|nil|1|nil|nil;nil|nil|nil|nil|1|nil|nil;nil|nil|nil|nil|1|nil|nil;
nil|nil|nil|nil|1|nil|nil;nil|nil|nil|nil|1|nil|nil;nil|nil|nil|nil|1|nil|nil;nil|nil|nil|nil|1|nil|nil;nil|nil|nil|nil|1|nil|nil;nil|nil|nil|nil|1|nil|nil;nil|nil|nil|nil|1|nil|nil;nil|nil|nil|nil|1|nil|nil;
nil|nil|nil|nil|1|nil|nil;nil|nil|nil|nil|1|nil|nil;nil|nil|nil|nil|1|nil|nil;nil|nil|nil|nil|1|nil|nil;nil|nil|nil|nil|1|nil|nil;nil|nil|nil|nil|1|nil|nil;nil|nil|nil|nil|1|nil|nil;nil|nil|nil|nil|1|nil|nil;
nil|nil|nil|nil|1|nil|nil;nil|nil|nil|nil|1|nil|nil;nil|nil|nil|nil|1|nil|nil;nil|nil|nil|nil|1|nil|nil;nil|nil|nil|nil|1|nil|nil;nil|nil|nil|nil|1|nil|nil;nil|nil|nil|nil|1|nil|nil;nil|nil|nil|nil|1|nil|nil;
# Block -2 0
nil|nil|nil|nil|1|nil|nil;nil|nil|nil|nil|1|nil|nil;nil|nil|nil|nil|1|nil|nil;nil|nil|nil|nil|1|nil|nil;nil|nil|nil|nil|1|nil|nil;nil|nil|nil|nil|1|nil|nil;nil|nil|nil|nil|1|nil|nil;nil|nil|nil|nil|1|nil|nil;
1,4,29|nil|nil|nil|0|nil|nil;1,4,29|nil|nil|nil|0|nil|nil;1,4,29|nil|nil|nil|0|nil|nil;1,4,29|nil|nil|nil|0|nil|nil;1,5,31|nil|nil|nil|0|nil|nil;1,5,31|nil|nil|nil|0|nil|nil;1,4,29|nil|nil|nil|0|nil|nil;1,5,31|nil|nil|nil|0|nil|nil;
1,4,29|nil|nil|nil|0|nil|nil;1,5,31|nil|nil|nil|0|nil|nil;1,5,31|nil|nil|nil|0|nil|nil;1,4,29|nil|nil|nil|0|nil|nil;1,4,29|nil|nil|nil|0|nil|nil;1,4,29|nil|nil|nil|0|nil|nil;1,4,29|nil|nil|nil|0|nil|nil;1,4,29|nil|nil|nil|0|nil|nil;
1,4,29|nil|nil|nil|0|nil|nil;1,4,29|nil|nil|nil|0|nil|nil;1,5,31|nil|nil|nil|0|nil|nil;1,4,29|nil|nil|nil|0|nil|nil;1,4,29|nil|nil|nil|0|nil|nil;1,4,29|nil|nil|nil|0|nil|nil;1,4,29|nil|nil|nil|0|nil|nil;1,5,31|nil|nil|nil|0|nil|nil;
1,4,29|nil|nil|nil|0|nil|nil;1,4,29|nil|nil|nil|0|nil|nil;1,4,29|nil|nil|nil|0|nil|nil;1,4,29|nil|nil|nil|0|nil|nil;1,4,29|nil|nil|nil|0|nil|nil;1,4,29|nil|nil|nil|0|nil|nil;1,4,29|nil|nil|nil|0|nil|nil;1,4,31|nil|nil|nil|0|nil|nil;
1,5,31|nil|nil|nil|0|nil|nil;1,4,29|nil|nil|nil|0|nil|nil;1,4,29|nil|nil|nil|0|nil|nil;1,5,31|nil|nil|nil|0|nil|nil;1,4,29|nil|nil|nil|0|nil|nil;1,5,31|nil|nil|nil|0|nil|nil;1,4,29|nil|nil|nil|0|nil|nil;1,4,29|nil|nil|nil|0|nil|nil;
1,4,29|nil|nil|nil|0|nil|nil;1,4,29|nil|nil|nil|0|nil|nil;1,4,29|nil|nil|nil|0|nil|nil;1,4,29|nil|nil|nil|0|nil|nil;1,4,29|nil|nil|nil|0|nil|nil;1,4,29|nil|nil|nil|0|nil|nil;1,4,29|nil|nil|nil|0|nil|nil;1,5,31|nil|nil|nil|0|nil|nil;
1,4,29|nil|nil|nil|0|nil|nil;1,5,31|nil|nil|nil|0|nil|nil;1,4,29|nil|nil|nil|0|nil|nil;1,3,31|nil|nil|nil|0|nil|nil;1,4,29|nil|nil|nil|0|nil|nil;1,4,29|nil|nil|nil|0|nil|nil;1,5,31|nil|nil|nil|0|nil|nil;1,4,29|nil|nil|nil|0|nil|nil;
# Block -2 1
nil|nil|nil|nil|1|nil|nil;nil|nil|nil|nil|1|nil|nil;nil|nil|nil|nil|1|nil|nil;nil|nil|nil|nil|1|nil|nil;nil|nil|nil|nil|1|nil|nil;nil|nil|nil|nil|1|nil|nil;nil|nil|nil|nil|1|nil|nil;nil|nil|nil|nil|1|nil|nil;
1,4,29|nil|nil|nil|0|nil|nil;nil|nil|nil|nil|1|nil|nil;nil|nil|nil|nil|1|nil|nil;nil|nil|nil|nil|1|nil|nil;nil|nil|nil|nil|1|nil|nil;nil|nil|nil|nil|1|nil|nil;nil|nil|nil|nil|1|nil|nil;nil|nil|nil|nil|1|nil|nil;
1,4,29|nil|nil|nil|0|nil|nil;nil|nil|nil|nil|1|nil|nil;nil|nil|nil|nil|1|nil|nil;nil|nil|nil|nil|1|nil|nil;nil|nil|nil|nil|1|nil|nil;nil|nil|nil|nil|1|nil|nil;nil|nil|nil|nil|1|nil|nil;nil|nil|nil|nil|1|nil|nil;
1,4,29|nil|nil|nil|0|nil|nil;nil|nil|nil|nil|1|nil|nil;nil|nil|nil|nil|1|nil|nil;nil|nil|nil|nil|1|nil|nil;nil|nil|nil|nil|1|nil|nil;nil|nil|nil|nil|1|nil|nil;nil|nil|nil|nil|1|nil|nil;nil|nil|nil|nil|1|nil|nil;
1,4,29|nil|nil|nil|0|nil|nil;nil|nil|nil|nil|1|nil|nil;nil|nil|nil|nil|1|nil|nil;nil|nil|nil|nil|1|nil|nil;nil|nil|nil|nil|1|nil|nil;nil|nil|nil|nil|1|nil|nil;nil|nil|nil|nil|1|nil|nil;nil|nil|nil|nil|1|nil|nil;
1,4,29|nil|nil|nil|0|nil|nil;nil|nil|nil|nil|1|nil|nil;nil|nil|nil|nil|1|nil|nil;nil|nil|nil|nil|1|nil|nil;nil|nil|nil|nil|1|nil|nil;nil|nil|nil|nil|1|nil|nil;nil|nil|nil|nil|1|nil|nil;nil|nil|nil|nil|1|nil|nil;
1,4,29|nil|nil|nil|0|nil|nil;nil|nil|nil|nil|1|nil|nil;nil|nil|nil|nil|1|nil|nil;nil|nil|nil|nil|1|nil|nil;nil|nil|nil|nil|1|nil|nil;nil|nil|nil|nil|1|nil|nil;nil|nil|nil|nil|1|nil|nil;nil|nil|nil|nil|1|nil|nil;
1,4,31|nil|nil|nil|0|nil|nil;nil|nil|nil|nil|1|nil|nil;nil|nil|nil|nil|1|nil|nil;nil|nil|nil|nil|1|nil|nil;nil|nil|nil|nil|1|nil|nil;nil|nil|nil|nil|1|nil|nil;nil|nil|nil|nil|1|nil|nil;nil|nil|nil|nil|1|nil|nil;
# Block -2 -2
nil|nil|nil|nil|1|nil|nil;nil|nil|nil|nil|1|nil|nil;nil|nil|nil|nil|1|nil|nil;nil|nil|nil|nil|1|nil|nil;nil|nil|nil|nil|1|nil|nil;nil|nil|nil|nil|1|nil|nil;nil|nil|nil|nil|1|nil|nil;nil|nil|nil|nil|1|nil|nil;
nil|nil|nil|nil|1|nil|nil;nil|nil|nil|nil|1|nil|nil;nil|nil|nil|nil|1|nil|nil;nil|nil|nil|nil|1|nil|nil;1,4,29|nil|nil|nil|0|nil|nil;1,4,29|nil|nil|nil|0|nil|nil;1,3,31|nil|nil|nil|0|nil|nil;1,5,31|nil|nil|nil|0|nil|nil;
nil|nil|nil|nil|1|nil|nil;nil|nil|nil|nil|1|nil|nil;nil|nil|nil|nil|1|nil|nil;nil|nil|nil|nil|1|nil|nil;1,4,29|nil|nil|nil|0|nil|nil;1,4,31|nil|nil|nil|0|nil|nil;1,3,31|nil|nil|nil|0|nil|nil;1,4,29|nil|nil|nil|0|nil|nil;
nil|nil|nil|nil|1|nil|nil;nil|nil|nil|nil|1|nil|nil;nil|nil|nil|nil|1|nil|nil;nil|nil|nil|nil|1|nil|nil;1,4,29|nil|nil|nil|0|nil|nil;1,4,29|nil|nil|nil|0|nil|nil;1,4,29|nil|nil|nil|0|nil|nil;1,5,31|nil|nil|nil|0|nil|nil;
nil|nil|nil|nil|1|nil|nil;nil|nil|nil|nil|1|nil|nil;nil|nil|nil|nil|1|nil|nil;nil|nil|nil|nil|1|nil|nil;1,4,29|nil|nil|nil|0|nil|nil;1,5,31|nil|nil|nil|0|nil|nil;1,5,31|nil|nil|nil|0|nil|nil;1,5,31|nil|nil|nil|0|nil|nil;
nil|nil|nil|nil|1|nil|nil;nil|nil|nil|nil|1|nil|nil;nil|nil|nil|nil|1|nil|nil;nil|nil|nil|nil|1|nil|nil;1,5,31|nil|nil|nil|0|nil|nil;1,5,31|nil|nil|nil|0|nil|nil;1,4,29|nil|nil|nil|0|nil|nil;1,4,29|nil|nil|nil|0|nil|nil;
nil|nil|nil|nil|1|nil|nil;nil|nil|nil|nil|1|nil|nil;nil|nil|nil|nil|1|nil|nil;nil|nil|nil|nil|1|nil|nil;1,4,29|nil|nil|nil|0|nil|nil;1,4,29|nil|nil|nil|0|nil|nil;1,5,31|nil|nil|nil|0|nil|nil;1,5,31|nil|nil|nil|0|nil|nil;
nil|nil|nil|nil|1|nil|nil;nil|nil|nil|nil|1|nil|nil;nil|nil|nil|nil|1|nil|nil;nil|nil|nil|nil|1|nil|nil;1,5,31|nil|nil|nil|0|nil|nil;1,5,31|nil|nil|nil|0|nil|nil;1,4,29|nil|nil|nil|0|nil|nil;1,4,29|nil|nil|nil|0|nil|nil;
# Block -2 -1
nil|nil|nil|nil|1|nil|nil;nil|nil|nil|nil|1|nil|nil;nil|nil|nil|nil|1|nil|nil;nil|nil|nil|nil|1|nil|nil;nil|nil|nil|nil|1|nil|nil;nil|nil|nil|nil|1|nil|nil;nil|nil|nil|nil|1|nil|nil;nil|nil|nil|nil|1|nil|nil;
1,4,29|nil|nil|nil|0|nil|nil;1,5,31|nil|nil|nil|0|nil|nil;1,4,31|nil|nil|nil|0|nil|nil;1,4,29|nil|nil|nil|0|nil|nil;1,4,29|nil|nil|nil|0|nil|nil;1,4,29|nil|nil|nil|0|nil|nil;1,3,31|nil|nil|nil|0|nil|nil;1,5,31|nil|nil|nil|0|nil|nil;
1,4,29|nil|nil|nil|0|nil|nil;1,5,31|nil|nil|nil|0|nil|nil;1,4,29|nil|nil|nil|0|nil|nil;1,4,29|nil|nil|nil|0|nil|nil;1,3,31|nil|nil|nil|0|nil|nil;1,4,29|nil|nil|nil|0|nil|nil;1,4,29|nil|nil|nil|0|nil|nil;1,5,31|nil|nil|nil|0|nil|nil;
1,5,31|nil|nil|nil|0|nil|nil;1,4,29|nil|nil|nil|0|nil|nil;1,3,31|nil|nil|nil|0|nil|nil;1,4,29|nil|nil|nil|0|nil|nil;1,4,29|nil|nil|nil|0|nil|nil;1,5,31|nil|nil|nil|0|nil|nil;1,4,29|nil|nil|nil|0|nil|nil;1,4,29|nil|nil|nil|0|nil|nil;
1,4,29|nil|nil|nil|0|nil|nil;1,4,31|nil|nil|nil|0|nil|nil;1,4,29|nil|nil|nil|0|nil|nil;1,4,29|nil|nil|nil|0|nil|nil;1,4,29|nil|nil|nil|0|nil|nil;1,4,29|nil|nil|nil|0|nil|nil;1,4,29|nil|nil|nil|0|nil|nil;1,4,29|nil|nil|nil|0|nil|nil;
1,5,31|nil|nil|nil|0|nil|nil;1,4,29|nil|nil|nil|0|nil|nil;1,5,31|nil|nil|nil|0|nil|nil;1,5,31|nil|nil|nil|0|nil|nil;1,4,31|nil|nil|nil|0|nil|nil;1,5,31|nil|nil|nil|0|nil|nil;1,4,29|nil|nil|nil|0|nil|nil;1,5,31|nil|nil|nil|0|nil|nil;
1,4,29|nil|nil|nil|0|nil|nil;1,4,29|nil|nil|nil|0|nil|nil;1,4,29|nil|nil|nil|0|nil|nil;1,4,29|nil|nil|nil|0|nil|nil;1,5,31|nil|nil|nil|0|nil|nil;1,4,29|nil|nil|nil|0|nil|nil;1,4,29|nil|nil|nil|0|nil|nil;1,4,29|nil|nil|nil|0|nil|nil;
1,4,29|nil|22,14,0|nil|1|nil|nil;1,4,29|nil|22,14,1|nil|1|nil|nil;1,4,29|nil|22,9,0|nil|1|nil|nil;1,5,31|nil|22,9,1|nil|1|nil|nil;1,4,29|nil|22,0,1|nil|1|nil|nil;1,4,29|nil|22,3,10|nil|1|nil|nil;1,4,29|nil|nil|nil|0|nil|nil;1,4,29|nil|nil|nil|0|nil|nil;
# Block -1 0
1,5,31|nil|nil|nil|0|nil|nil;1,4,29|nil|nil|nil|0|nil|nil;1,4,29|nil|nil|nil|0|nil|nil;1,4,29|nil|nil|nil|0|nil|nil;1,4,29|nil|nil|nil|0|nil|nil;1,4,29|nil|nil|nil|0|nil|nil;1,4,29|nil|nil|nil|0|nil|nil;1,4,29|nil|nil|nil|0|nil|nil;
1,4,29|nil|nil|nil|0|nil|nil;1,4,29|nil|nil|nil|0|nil|nil;1,4,29|nil|nil|nil|0|nil|nil;1,5,31|nil|nil|nil|0|nil|nil;1,4,29|nil|nil|nil|0|nil|nil;1,5,31|nil|nil|nil|0|nil|nil;1,4,29|nil|nil|nil|0|nil|nil;1,4,29|nil|nil|nil|0|nil|nil;
1,4,29|nil|nil|nil|0|nil|nil;1,5,31|nil|nil|nil|0|nil|nil;1,4,29|nil|nil|nil|0|nil|nil;1,4,29|nil|nil|nil|0|nil|nil;1,4,29|nil|nil|nil|0|nil|nil;1,4,29|nil|nil|nil|0|nil|nil;1,5,31|nil|nil|nil|0|nil|nil;1,5,31|nil|nil|nil|0|nil|nil;
1,4,29|nil|nil|nil|0|nil|nil;1,4,29|nil|nil|nil|0|nil|nil;1,5,31|nil|nil|nil|0|nil|nil;1,5,31|nil|nil|nil|0|nil|nil;1,4,29|nil|nil|nil|0|nil|nil;1,4,31|nil|nil|nil|0|nil|nil;1,5,31|nil|nil|nil|0|nil|nil;1,4,29|nil|nil|nil|0|nil|nil;
1,4,31|nil|nil|nil|0|nil|nil;1,5,31|nil|nil|nil|0|nil|nil;1,4,29|nil|nil|nil|0|nil|nil;1,4,29|nil|nil|nil|0|nil|nil;1,5,31|nil|nil|nil|0|nil|nil;1,4,29|nil|nil|nil|0|nil|nil;1,4,29|nil|nil|nil|0|nil|nil;1,4,29|nil|nil|nil|0|nil|nil;
1,4,31|nil|nil|nil|0|nil|nil;1,4,29|nil|nil|nil|0|nil|nil;1,4,29|nil|nil|nil|0|nil|nil;1,4,29|nil|nil|nil|0|nil|nil;1,4,29|nil|nil|nil|0|nil|nil;1,4,29|nil|nil|nil|0|nil|nil;1,5,31|nil|nil|nil|0|nil|nil;1,4,29|nil|nil|nil|0|nil|nil;
1,4,29|nil|nil|nil|0|nil|nil;1,5,31|nil|nil|nil|0|nil|nil;1,4,29|nil|nil|nil|0|nil|nil;1,4,29|nil|nil|nil|0|nil|nil;1,4,29|nil|nil|nil|0|nil|nil;1,5,31|nil|nil|nil|0|nil|nil;1,4,29|nil|nil|nil|0|nil|nil;1,4,29|nil|nil|nil|0|nil|nil;
1,5,31|nil|nil|nil|0|nil|nil;1,4,29|nil|nil|nil|0|nil|nil;1,4,29|nil|nil|nil|0|nil|nil;1,4,29|nil|nil|nil|0|nil|nil;1,5,31|nil|nil|nil|0|nil|nil;1,4,29|nil|nil|nil|0|nil|nil;1,4,29|nil|nil|nil|0|nil|nil;1,4,29|nil|nil|nil|0|nil|nil;
# Block -1 1
1,4,29|nil|nil|nil|0|nil|nil;nil|nil|nil|nil|1|nil|nil;nil|nil|nil|nil|1|nil|nil;nil|nil|nil|nil|1|nil|nil;nil|nil|nil|nil|1|nil|nil;nil|nil|nil|nil|1|nil|nil;nil|nil|nil|nil|1|nil|nil;nil|nil|nil|nil|1|nil|nil;
1,5,31|nil|nil|nil|0|nil|nil;nil|nil|nil|nil|1|nil|nil;nil|nil|nil|nil|1|nil|nil;nil|nil|nil|nil|1|nil|nil;nil|nil|nil|nil|1|nil|nil;nil|nil|nil|nil|1|nil|nil;nil|nil|nil|nil|1|nil|nil;nil|nil|nil|nil|1|nil|nil;
1,4,29|nil|nil|nil|0|nil|nil;nil|nil|nil|nil|1|nil|nil;nil|nil|nil|nil|1|nil|nil;nil|nil|nil|nil|1|nil|nil;nil|nil|nil|nil|1|nil|nil;nil|nil|nil|nil|1|nil|nil;nil|nil|nil|nil|1|nil|nil;nil|nil|nil|nil|1|nil|nil;
1,5,31|nil|nil|nil|0|nil|nil;nil|nil|nil|nil|1|nil|nil;nil|nil|nil|nil|1|nil|nil;nil|nil|nil|nil|1|nil|nil;nil|nil|nil|nil|1|nil|nil;nil|nil|nil|nil|1|nil|nil;nil|nil|nil|nil|1|nil|nil;nil|nil|nil|nil|1|nil|nil;
1,4,29|nil|nil|nil|0|nil|nil;nil|nil|nil|nil|1|nil|nil;nil|nil|nil|nil|1|nil|nil;nil|nil|nil|nil|1|nil|nil;nil|nil|nil|nil|1|nil|nil;nil|nil|nil|nil|1|nil|nil;nil|nil|nil|nil|1|nil|nil;nil|nil|nil|nil|1|nil|nil;
1,4,29|nil|nil|nil|0|nil|nil;nil|nil|nil|nil|1|nil|nil;nil|nil|nil|nil|1|nil|nil;nil|nil|nil|nil|1|nil|nil;nil|nil|nil|nil|1|nil|nil;nil|nil|nil|nil|1|nil|nil;nil|nil|nil|nil|1|nil|nil;nil|nil|nil|nil|1|nil|nil;
1,5,31|nil|nil|nil|0|nil|nil;nil|nil|nil|nil|1|nil|nil;nil|nil|nil|nil|1|nil|nil;nil|nil|nil|nil|1|nil|nil;nil|nil|nil|nil|1|nil|nil;nil|nil|nil|nil|1|nil|nil;nil|nil|nil|nil|1|nil|nil;nil|nil|nil|nil|1|nil|nil;
1,4,29|nil|nil|nil|0|nil|nil;nil|nil|nil|nil|1|nil|nil;nil|nil|nil|nil|1|nil|nil;nil|nil|nil|nil|1|nil|nil;nil|nil|nil|nil|1|nil|nil;nil|nil|nil|nil|1|nil|nil;nil|nil|nil|nil|1|nil|nil;nil|nil|nil|nil|1|nil|nil;
# Block -1 -2
nil|nil|nil|nil|1|nil|nil;nil|nil|nil|nil|1|nil|nil;nil|nil|nil|nil|1|nil|nil;nil|nil|nil|nil|1|nil|nil;1,3,31|nil|nil|nil|0|nil|nil;1,4,29|nil|nil|nil|0|nil|nil;1,5,31|nil|nil|nil|0|nil|nil;1,4,29|nil|nil|nil|0|nil|nil;
nil|nil|nil|nil|1|nil|nil;nil|nil|nil|nil|1|nil|nil;nil|nil|nil|nil|1|nil|nil;nil|nil|nil|nil|1|nil|nil;1,4,29|nil|nil|nil|0|nil|nil;1,4,29|nil|nil|nil|0|nil|nil;1,4,29|nil|nil|nil|0|nil|nil;1,4,29|nil|nil|nil|0|nil|nil;
nil|nil|nil|nil|1|nil|nil;nil|nil|nil|nil|1|nil|nil;nil|nil|nil|nil|1|nil|nil;nil|nil|nil|nil|1|nil|nil;1,5,31|nil|nil|nil|0|nil|nil;1,4,29|nil|nil|nil|0|nil|nil;1,4,29|nil|nil|nil|0|nil|nil;1,4,29|nil|nil|nil|0|nil|nil;
nil|nil|nil|nil|1|nil|nil;nil|nil|nil|nil|1|nil|nil;nil|nil|nil|nil|1|nil|nil;nil|nil|nil|nil|1|nil|nil;1,4,29|nil|nil|nil|0|nil|nil;1,4,31|nil|nil|nil|0|nil|nil;1,3,31|nil|nil|nil|0|nil|nil;1,3,31|nil|nil|nil|0|nil|nil;
nil|nil|nil|nil|1|nil|nil;nil|nil|nil|nil|1|nil|nil;nil|nil|nil|nil|1|nil|nil;nil|nil|nil|nil|1|nil|nil;1,4,29|nil|nil|nil|0|nil|nil;1,4,29|nil|nil|nil|0|nil|nil;1,5,31|nil|nil|nil|0|nil|nil;1,5,31|nil|nil|nil|0|nil|nil;
nil|nil|nil|nil|1|nil|nil;nil|nil|nil|nil|1|nil|nil;nil|nil|nil|nil|1|nil|nil;nil|nil|nil|nil|1|nil|nil;1,4,29|nil|nil|nil|0|nil|nil;1,4,29|nil|nil|nil|0|nil|nil;1,5,31|nil|nil|nil|0|nil|nil;1,4,29|nil|nil|nil|0|nil|nil;
nil|nil|nil|nil|1|nil|nil;nil|nil|nil|nil|1|nil|nil;nil|nil|nil|nil|1|nil|nil;nil|nil|nil|nil|1|nil|nil;1,4,29|nil|nil|nil|0|nil|nil;1,4,29|nil|nil|nil|0|nil|nil;1,4,29|nil|nil|nil|0|nil|nil;1,5,31|nil|nil|nil|0|nil|nil;
nil|nil|nil|nil|1|nil|nil;nil|nil|nil|nil|1|nil|nil;nil|nil|nil|nil|1|nil|nil;nil|nil|nil|nil|1|nil|nil;1,5,31|nil|nil|nil|0|nil|nil;1,4,29|nil|nil|nil|0|nil|nil;1,4,29|nil|nil|nil|0|nil|nil;1,4,29|nil|nil|nil|0|nil|nil;
# Block -1 -1
nil|nil|22,7,0|nil|1|nil|nil;nil|nil|22,7,1|nil|1|nil|nil;22,1,0|22,12,1|nil|nil|1|nil|nil;22,1,1|22,12,2|nil|nil|1|nil|nil;22,1,1|22,12,3|nil|nil|1|nil|nil;nil|nil|22,4,10|nil|1|nil|nil;1,4,29|nil|nil|nil|0|nil|nil;1,4,29|nil|nil|nil|0|nil|nil;
22,1,1|nil|nil|nil|1|nil|nil;22,1,1|nil|nil|21,10,0|1|nil|nil;22,1,1|nil|nil|21,10,1|1|nil|nil;22,1,1|22,1,2|nil|21,10,2|1|nil|nil;20,0,10|nil|nil|nil|1|nil|nil;22,6,15|20,0,11|nil|nil|0|nil|nil;1,4,29|nil|nil|nil|0|nil|nil;1,5,31|nil|nil|nil|0|nil|nil;
nil|nil|22,7,0|nil|1|nil|nil;nil|nil|22,7,1|nil|1|nil|nil;22,1,0|22,13,1|nil|nil|1|nil|nil;22,1,1|22,13,2|nil|nil|1|nil|nil;22,1,1|22,13,3|nil|nil|1|nil|nil;nil|nil|22,4,10|nil|1|nil|nil;1,5,31|nil|nil|nil|0|nil|nil;1,4,29|nil|nil|nil|0|nil|nil;
1,4,29|nil|22,15,0|nil|1|nil|nil;1,4,29|nil|22,15,1|nil|1|nil|nil;1,4,29|nil|22,11,0|nil|1|nil|nil;1,4,29|nil|22,11,1|nil|1|nil|nil;1,4,29|22,13,1|nil|nil|1|nil|nil;1,4,29|nil|22,5,10|nil|1|nil|nil;1,4,29|nil|nil|nil|0|nil|nil;1,5,31|nil|nil|nil|0|nil|nil;
1,4,29|nil|nil|nil|0|nil|nil;1,5,31|nil|nil|nil|0|nil|nil;1,5,31|nil|nil|nil|0|nil|nil;1,4,29|nil|nil|nil|0|nil|nil;1,4,29|nil|nil|nil|0|nil|nil;1,5,31|nil|nil|nil|0|nil|nil;1,4,29|nil|nil|nil|0|nil|nil;1,4,29|nil|nil|nil|0|nil|nil;
1,4,29|nil|nil|nil|0|nil|nil;1,4,29|nil|nil|nil|0|nil|nil;1,4,29|nil|nil|nil|0|nil|nil;1,4,29|nil|nil|nil|0|nil|nil;1,4,29|nil|nil|nil|0|nil|nil;1,4,29|nil|nil|nil|0|nil|nil;1,5,31|nil|nil|nil|0|nil|nil;1,4,29|nil|nil|nil|0|nil|nil;
1,4,29|nil|nil|nil|0|nil|nil;1,5,31|nil|nil|nil|0|nil|nil;1,5,31|nil|nil|nil|0|nil|nil;1,4,29|nil|nil|nil|0|nil|nil;1,4,31|nil|nil|nil|0|nil|nil;1,4,29|nil|nil|nil|0|nil|nil;1,4,29|nil|nil|nil|0|nil|nil;1,4,29|nil|nil|nil|0|nil|nil;
1,5,31|nil|nil|nil|0|nil|nil;1,5,31|nil|nil|nil|0|nil|nil;1,4,29|nil|nil|nil|0|nil|nil;1,3,31|nil|nil|nil|0|nil|nil;1,4,29|nil|nil|nil|0|nil|nil;1,4,29|nil|nil|nil|0|nil|nil;1,4,29|nil|nil|nil|0|nil|nil;1,4,29|nil|nil|nil|0|nil|nil;
# Spawns
1;0;0
