# Settings
transition_time;true
simulate_day;true
# Tiles
# Block 0 0
1,16,3|nil|nil|nil|0|nil|nil;1,16,3|nil|nil|nil|0|nil|nil;1,17,5|nil|nil|nil|0|nil|nil;1,17,5|nil|nil|nil|0|nil|nil;1,16,3|1,23,2|nil|nil|0|nil|nil;1,16,3|1,22,1|nil|nil|0|nil|nil;1,22,3|nil|nil|nil|1|nil|nil;1,22,5|nil|nil|nil|1|nil|nil;
1,16,3|nil|nil|nil|0|nil|nil;1,16,3|nil|nil|nil|0|nil|nil;1,16,3|nil|nil|nil|0|nil|nil;1,16,3|nil|nil|nil|0|nil|nil;1,17,5|nil|nil|nil|0|nil|nil;1,16,3|1,23,2|nil|nil|0|nil|nil;1,16,3|1,23,3|nil|nil|0|nil|nil;2,16,3|1,23,3|nil|nil|0|nil|nil;
1,16,3|1,8,23|nil|nil|0|nil|nil;1,16,3|nil|nil|nil|0|nil|nil;1,16,3|nil|nil|nil|0|nil|nil;1,16,3|nil|nil|nil|0|nil|nil;1,16,3|nil|nil|nil|0|nil|nil;1,16,3|nil|nil|nil|0|nil|nil;2,16,3|nil|nil|nil|0|nil|nil;2,16,3|nil|nil|nil|0|nil|nil;
1,17,5|1,9,23|nil|nil|0|nil|nil;1,16,3|nil|nil|nil|0|nil|nil;1,16,3|nil|nil|nil|0|nil|nil;1,16,3|nil|nil|nil|0|nil|nil;1,16,3|nil|nil|nil|0|nil|nil;1,16,3|nil|nil|nil|0|nil|nil;1,16,3|nil|nil|nil|0|nil|nil;2,16,3|nil|nil|nil|0|nil|nil;
1,16,3|1,9,23|nil|nil|0|nil|nil;1,16,3|nil|nil|nil|0|nil|nil;1,16,3|nil|nil|nil|0|nil|nil;1,16,3|nil|nil|nil|0|nil|nil;1,16,3|nil|nil|nil|0|nil|nil;1,17,5|nil|nil|nil|0|nil|nil;1,16,5|nil|nil|nil|0|nil|nil;2,16,3|nil|nil|nil|0|nil|nil;
1,16,3|1,10,23|nil|nil|0|nil|nil;1,16,3|nil|nil|nil|0|nil|nil;1,16,3|nil|nil|nil|0|nil|nil;1,16,3|nil|nil|nil|0|nil|nil;1,16,3|nil|nil|nil|0|nil|nil;1,16,3|1,21,2|nil|nil|0|nil|nil;1,17,5|1,21,3|nil|nil|0|nil|nil;2,16,3|1,21,3|nil|nil|0|nil|nil;
1,16,3|nil|nil|nil|0|nil|nil;1,16,3|nil|nil|nil|0|nil|nil;1,16,3|nil|nil|nil|0|nil|nil;1,17,5|nil|nil|nil|0|nil|nil;1,16,3|nil|nil|nil|0|nil|nil;1,16,5|1,22,2|nil|nil|0|nil|nil;1,22,5|nil|nil|nil|0|nil|nil;1,22,3|nil|nil|nil|0|nil|nil;
1,16,5|nil|nil|nil|0|nil|nil;1,16,3|nil|nil|nil|0|nil|nil;1,17,5|1,21,2|nil|nil|0|nil|nil;1,17,5|1,21,3|nil|nil|0|nil|nil;1,15,5|1,21,3|nil|nil|0|nil|nil;1,16,3|1,23,1|nil|nil|0|nil|nil;1,21,5|nil|nil|nil|0|nil|nil;1,22,3|nil|nil|nil|0|nil|nil;
# Block 0 1
1,22,3|nil|nil|nil|1|nil|nil;1,23,5|nil|nil|nil|1|nil|nil;2,16,3|1,22,4|nil|nil|0|nil|nil;2,16,3|nil|nil|nil|0|nil|nil;2,16,3|nil|nil|nil|0|nil|nil;2,16,3|nil|nil|nil|0|nil|nil;2,16,3|nil|nil|nil|0|nil|nil;2,16,3|nil|nil|nil|0|nil|nil;
2,16,3|1,23,3|nil|nil|0|nil|nil;2,16,3|1,23,3|nil|nil|0|nil|nil;2,16,3|1,23,4|nil|nil|0|nil|nil;2,16,3|nil|nil|nil|0|nil|nil;2,16,3|nil|nil|nil|0|nil|nil;2,16,3|nil|nil|nil|0|nil|nil;2,16,3|nil|nil|nil|0|nil|nil;2,16,3|nil|nil|nil|0|nil|nil;
2,16,3|nil|nil|nil|0|nil|nil;1,17,5|nil|nil|nil|0|nil|nil;2,16,3|nil|nil|nil|0|nil|nil;2,16,3|nil|nil|nil|0|nil|nil;2,16,3|11,1,0|nil|nil|0|nil|nil;2,16,3|11,1,1|nil|nil|0|nil|nil;2,16,3|11,1,1|nil|nil|0|nil|6,right;2,16,3|11,1,1|nil|nil|0|nil|nil;
2,16,3|nil|nil|nil|0|nil|nil;2,16,3|nil|nil|nil|0|nil|nil;2,16,3|nil|nil|nil|0|nil|nil;2,16,3|nil|nil|nil|0|nil|nil;2,16,3|11,2,0|nil|nil|0|nil|nil;2,16,3|11,6,0|nil|nil|1|nil|nil;2,16,3|11,6,1|nil|nil|1|nil|nil;2,16,3|11,6,2|nil|nil|1|nil|nil;
2,16,3|nil|nil|nil|0|nil|nil;2,16,3|nil|nil|nil|0|nil|nil;2,16,3|nil|nil|nil|0|nil|nil;2,16,3|nil|nil|nil|0|nil|nil;2,16,3|11,2,0|nil|nil|0|nil|nil;2,16,3|11,7,0|11,17,4|nil|1|nil|nil;2,16,3|11,7,1|11,17,5|nil|1|nil|nil;2,16,3|11,7,2|nil|nil|1|nil|nil;
2,16,3|1,21,3|nil|nil|0|nil|nil;2,16,3|1,21,4|nil|nil|0|nil|nil;2,16,3|nil|nil|nil|0|nil|nil;2,16,3|nil|nil|nil|0|nil|nil;2,16,3|11,2,0|nil|nil|0|nil|nil;2,16,3|11,8,0|nil|nil|1|nil|nil;2,16,3|11,8,1|nil|nil|1|nil|nil;2,16,3|11,8,2|nil|nil|1|nil|nil;
1,21,5|nil|nil|nil|0|nil|nil;2,16,3|1,22,4|nil|nil|0|nil|nil;1,17,5|nil|nil|nil|0|nil|nil;2,16,3|nil|nil|nil|0|nil|nil;2,16,3|11,3,0|nil|nil|0|nil|nil;2,16,3|11,3,1|nil|nil|0|nil|nil;2,16,3|11,3,1|nil|nil|0|nil|nil;2,16,3|11,3,1|nil|nil|0|nil|nil;
1,22,3|nil|nil|nil|0|nil|nil;2,16,3|1,23,0|nil|nil|0|nil|nil;2,16,3|1,21,4|nil|nil|0|nil|nil;2,16,3|nil|nil|nil|0|nil|nil;2,16,3|nil|nil|nil|0|nil|nil;2,16,3|nil|nil|nil|0|nil|nil;2,16,3|nil|nil|nil|0|nil|nil;2,16,3|nil|nil|nil|0|nil|nil;
# Block 0 2
2,17,5|nil|nil|nil|0|nil|nil;2,16,3|nil|nil|nil|0|nil|nil;2,16,3|nil|nil|nil|0|nil|nil;2,16,3|nil|nil|nil|0|nil|nil;2,16,3|1,22,2|nil|nil|0|nil|nil;2,23,5|nil|nil|nil|0|nil|nil;2,22,3|nil|nil|nil|0|nil|nil;2,23,5|nil|nil|nil|0|nil|nil;
2,16,3|nil|nil|nil|0|nil|nil;2,16,3|nil|nil|nil|0|nil|nil;2,16,3|nil|nil|nil|0|nil|nil;2,16,3|nil|nil|nil|0|nil|nil;2,16,3|1,22,2|nil|nil|0|nil|nil;2,22,3|nil|nil|nil|0|nil|nil;2,22,3|nil|nil|nil|0|nil|nil;2,22,3|nil|nil|nil|0|nil|nil;
2,16,3|11,1,2|nil|nil|0|nil|nil;2,16,3|nil|nil|nil|0|nil|nil;2,16,3|nil|nil|nil|0|nil|nil;2,16,3|nil|nil|nil|0|nil|nil;2,16,3|1,23,2|nil|nil|0|nil|nil;2,16,3|1,22,1|nil|nil|0|nil|nil;2,22,3|nil|nil|nil|0|nil|nil;2,22,3|nil|nil|nil|0|nil|nil;
2,16,3|11,2,2|nil|nil|0|nil|nil;2,16,3|nil|nil|nil|0|nil|nil;2,16,3|nil|nil|nil|0|nil|nil;1,17,5|nil|nil|nil|0|nil|nil;2,16,3|nil|nil|nil|0|nil|nil;2,16,3|1,22,2|nil|nil|0|nil|nil;2,22,3|nil|nil|nil|0|nil|nil;2,22,3|nil|nil|nil|0|nil|nil;
2,16,3|11,2,2|nil|nil|0|nil|nil;2,16,3|nil|nil|nil|0|nil|nil;2,16,3|nil|nil|nil|0|nil|nil;1,17,5|nil|nil|nil|0|nil|nil;2,16,3|nil|nil|nil|0|nil|nil;2,16,3|1,22,2|nil|nil|0|nil|nil;2,22,3|nil|nil|nil|0|nil|nil;2,22,3|nil|nil|nil|0|nil|nil;
2,16,3|11,2,2|nil|nil|0|nil|nil;2,16,3|nil|nil|nil|0|nil|nil;2,16,3|nil|nil|nil|0|nil|nil;2,16,3|nil|nil|nil|0|nil|nil;2,16,3|nil|nil|nil|0|nil|nil;2,16,3|1,22,2|nil|nil|0|nil|nil;2,22,5|nil|nil|nil|0|nil|nil;2,22,5|nil|nil|nil|0|nil|nil;
2,16,3|11,3,2|nil|nil|0|nil|nil;2,16,3|nil|nil|nil|0|nil|nil;2,16,3|nil|nil|nil|0|nil|nil;2,16,3|nil|nil|nil|0|nil|nil;2,16,3|1,21,2|nil|nil|0|nil|nil;2,16,3|1,23,1|nil|nil|0|nil|nil;2,22,3|nil|nil|nil|0|nil|nil;2,22,3|nil|nil|nil|0|nil|nil;
2,16,3|nil|nil|nil|0|nil|nil;2,16,3|nil|nil|nil|0|nil|nil;2,16,3|nil|nil|nil|0|nil|nil;2,16,3|nil|nil|nil|0|nil|nil;2,16,3|1,22,2|nil|nil|0|nil|nil;2,22,3|nil|nil|nil|0|nil|nil;2,21,5|nil|nil|nil|0|nil|nil;2,22,3|nil|nil|nil|0|nil|nil;
# Block 0 -2
nil|nil|nil|nil|1|nil|nil;nil|nil|nil|nil|1|nil|nil;nil|nil|nil|nil|1|nil|nil;nil|nil|nil|nil|1|nil|nil;1,22,3|nil|nil|nil|0|nil|nil;1,22,3|nil|nil|nil|0|nil|nil;1,22,3|nil|nil|nil|0|nil|nil;1,22,3|nil|nil|nil|0|nil|nil;
nil|nil|nil|nil|1|nil|nil;nil|nil|nil|nil|1|nil|nil;nil|nil|nil|nil|1|nil|nil;nil|nil|nil|nil|1|nil|nil;1,22,5|nil|nil|nil|0|nil|nil;1,22,3|nil|nil|nil|0|nil|nil;1,21,5|nil|nil|nil|0|nil|nil;1,23,5|nil|nil|nil|0|nil|nil;
nil|nil|nil|nil|1|nil|nil;nil|nil|nil|nil|1|nil|nil;nil|nil|nil|nil|1|nil|nil;nil|nil|nil|nil|1|nil|nil;1,22,3|nil|nil|nil|0|nil|nil;1,23,5|nil|nil|nil|0|nil|nil;1,22,3|nil|nil|nil|0|nil|nil;1,22,3|nil|nil|nil|0|nil|nil;
nil|nil|nil|nil|1|nil|nil;nil|nil|nil|nil|1|nil|nil;nil|nil|nil|nil|1|nil|nil;nil|nil|nil|nil|1|nil|nil;1,21,5|nil|nil|nil|0|nil|nil;1,23,5|nil|nil|nil|0|nil|nil;1,23,5|nil|nil|nil|0|nil|nil;1,16,3|1,22,0|nil|nil|0|nil|nil;
nil|nil|nil|nil|1|nil|nil;nil|nil|nil|nil|1|nil|nil;nil|nil|nil|nil|1|nil|nil;nil|nil|nil|nil|1|nil|nil;1,22,3|nil|nil|nil|0|nil|nil;1,17,5|1,22,0|nil|nil|0|nil|nil;1,16,3|1,23,3|nil|nil|0|nil|nil;1,16,3|1,23,4|nil|nil|0|nil|nil;
nil|nil|nil|nil|1|nil|nil;nil|nil|nil|nil|1|nil|nil;nil|nil|nil|nil|1|nil|nil;nil|nil|nil|nil|1|nil|nil;1,17,5|1,23,3|nil|nil|0|nil|nil;1,16,3|1,23,4|nil|nil|0|nil|nil;1,16,3|nil|nil|nil|0|nil|nil;1,17,5|nil|nil|nil|0|nil|nil;
nil|nil|nil|nil|1|nil|nil;nil|nil|nil|nil|1|nil|nil;nil|nil|nil|nil|1|nil|nil;nil|nil|nil|nil|1|nil|nil;1,16,3|nil|nil|nil|0|nil|nil;1,16,3|nil|nil|nil|0|nil|nil;1,16,3|nil|nil|23,2,7|0|nil|nil;1,16,3|nil|nil|23,2,8|0|nil|nil;
nil|nil|nil|nil|1|nil|nil;nil|nil|nil|nil|1|nil|nil;nil|nil|nil|nil|1|nil|nil;nil|nil|nil|nil|1|nil|nil;1,16,3|1,21,3|nil|nil|0|nil|nil;1,17,5|1,21,3|nil|nil|0|nil|nil;1,16,3|1,21,3|nil|23,3,7|0|nil|nil;1,16,3|1,21,3|nil|23,3,8|0|nil|nil;
# Block 0 -1
1,22,5|nil|nil|nil|0|nil|nil;1,23,5|nil|nil|nil|0|nil|nil;1,21,5|nil|nil|nil|0|nil|nil;1,16,3|1,22,0|nil|nil|0|nil|nil;1,17,5|1,23,4|nil|nil|0|nil|nil;1,17,5|nil|nil|nil|0|nil|nil;1,17,5|nil|nil|nil|0|nil|nil;1,16,5|nil|nil|nil|0|nil|nil;
1,22,3|nil|nil|nil|0|nil|nil;1,22,3|nil|nil|nil|0|nil|nil;1,22,3|nil|nil|nil|0|nil|nil;1,16,3|1,22,4|nil|nil|0|nil|nil;1,16,3|nil|nil|nil|0|nil|nil;1,16,3|nil|nil|nil|0|nil|nil;1,16,3|nil|nil|nil|0|nil|nil;1,16,3|nil|nil|nil|0|nil|nil;
1,17,5|1,22,0|nil|nil|0|nil|nil;1,17,5|1,23,3|nil|nil|0|nil|nil;1,16,3|1,23,3|nil|nil|0|nil|nil;1,16,5|1,23,4|nil|nil|0|nil|nil;1,16,3|nil|nil|nil|0|nil|nil;1,17,5|nil|nil|nil|0|nil|nil;1,16,3|1,8,21|nil|nil|0|nil|nil;1,16,3|1,8,22|nil|nil|0|nil|nil;
1,16,3|1,23,4|nil|nil|0|nil|nil;1,16,3|nil|nil|nil|0|nil|nil;1,16,3|nil|nil|nil|0|nil|nil;1,16,3|nil|nil|nil|0|nil|nil;1,16,3|nil|nil|nil|0|nil|nil;1,16,3|nil|nil|11,21,7|0|nil|nil;1,16,3|1,9,21|nil|11,21,8|0|nil|nil;1,17,5|1,12,22|11,21,9|nil|1|nil|nil;
1,16,3|nil|nil|nil|0|nil|nil;1,17,5|nil|nil|nil|0|nil|nil;1,16,3|nil|nil|nil|0|nil|nil;1,16,3|nil|nil|nil|0|nil|nil;1,16,3|nil|nil|nil|0|nil|nil;1,17,5|nil|nil|11,22,7|0|nil|nil;1,17,5|1,9,21|nil|11,22,8|0|nil|nil;1,16,3|1,9,22|11,22,9|nil|1|nil|nil;
1,16,5|nil|nil|nil|0|nil|nil;1,16,3|nil|nil|nil|0|nil|nil;1,17,5|nil|nil|nil|0|nil|nil;1,16,3|nil|nil|nil|0|nil|nil;1,16,3|nil|nil|nil|0|nil|nil;1,17,5|nil|nil|nil|0|nil|nil;1,17,5|1,10,21|nil|nil|0|nil|nil;1,16,3|1,10,22|nil|nil|0|nil|nil;
1,16,3|nil|nil|23,2,9|0|nil|nil;1,16,3|1,21,2|nil|23,2,10|0|nil|nil;1,16,3|1,21,3|nil|nil|0|nil|nil;1,16,5|1,21,3|nil|nil|0|nil|nil;1,8,20|1,21,4|nil|nil|0|nil|nil;1,16,3|nil|nil|nil|0|nil|nil;1,16,3|nil|nil|nil|0|nil|nil;1,16,3|nil|nil|nil|0|nil|nil;
1,16,3|1,21,3|nil|23,3,9|1|nil|nil;1,16,5|1,23,1|22,3,4|23,3,10|1|nil|nil;1,22,3|22,3,5|nil|nil|1|nil|nil;1,22,3|22,3,6|nil|nil|1|nil|nil;1,16,3|1,22,4|nil|nil|0|nil|nil;1,16,3|nil|nil|nil|0|nil|nil;1,16,3|nil|nil|nil|0|nil|nil;1,17,5|nil|nil|nil|0|nil|nil;
# Block 1 0
1,16,3|nil|nil|nil|0|nil|nil;1,16,3|1,21,2|nil|nil|0|nil|nil;1,17,5|1,23,1|nil|nil|0|nil|nil;1,23,5|nil|nil|nil|0|nil|nil;1,22,3|nil|nil|nil|0|nil|nil;1,22,3|nil|nil|nil|0|nil|nil;1,22,3|nil|nil|nil|0|nil|nil;1,22,3|nil|nil|nil|0|nil|nil;
1,16,3|nil|nil|nil|0|nil|nil;1,16,3|1,22,2|nil|nil|0|nil|nil;1,22,3|nil|nil|nil|0|nil|nil;1,22,3|nil|nil|nil|0|nil|nil;1,22,3|nil|nil|nil|0|nil|nil;1,22,3|nil|nil|nil|0|nil|nil;1,22,3|nil|nil|nil|0|nil|nil;1,22,5|nil|nil|nil|0|nil|nil;
1,16,3|1,21,2|nil|nil|0|nil|nil;1,16,5|1,23,1|nil|nil|0|nil|nil;1,22,3|nil|nil|nil|0|nil|nil;1,22,5|nil|nil|nil|0|nil|nil;1,22,5|nil|nil|nil|0|nil|nil;1,23,5|nil|nil|nil|0|nil|nil;1,22,3|nil|nil|nil|0|nil|nil;1,23,5|nil|nil|nil|0|nil|nil;
1,17,5|1,22,2|nil|nil|0|nil|nil;1,22,3|nil|nil|nil|0|nil|nil;1,22,3|nil|nil|nil|0|nil|nil;1,22,3|nil|nil|nil|0|nil|nil;1,22,3|nil|nil|nil|0|nil|nil;1,22,5|nil|nil|nil|0|nil|nil;1,22,3|nil|nil|nil|0|nil|nil;1,22,3|nil|nil|nil|0|nil|nil;
1,16,3|1,23,2|nil|nil|0|nil|nil;1,16,3|1,22,1|nil|nil|0|nil|nil;1,22,3|nil|nil|nil|0|nil|nil;1,22,3|nil|nil|nil|0|nil|nil;1,23,5|nil|nil|nil|0|nil|nil;1,22,3|nil|nil|nil|0|nil|nil;1,16,5|1,22,0|nil|nil|0|nil|nil;1,17,5|1,22,1|nil|nil|0|nil|nil;
1,16,3|nil|nil|nil|0|nil|nil;1,15,5|1,23,2|nil|nil|0|nil|nil;1,16,3|1,22,1|nil|nil|0|nil|nil;1,22,5|nil|nil|nil|0|nil|nil;1,22,3|nil|nil|nil|0|nil|nil;1,23,5|nil|nil|nil|0|nil|nil;1,16,3|1,22,4|nil|nil|0|nil|nil;1,15,5|1,22,2|nil|nil|0|nil|nil;
1,16,3|nil|nil|nil|0|nil|nil;1,17,5|nil|nil|nil|0|nil|nil;1,16,3|1,22,2|nil|nil|0|nil|nil;1,22,3|nil|nil|nil|0|nil|nil;1,22,3|nil|nil|nil|0|nil|nil;1,22,3|nil|nil|nil|0|nil|nil;1,16,3|1,22,4|nil|nil|0|nil|nil;1,16,3|1,23,2|nil|nil|0|nil|nil;
1,17,5|1,21,4|nil|nil|0|nil|nil;1,16,3|nil|nil|nil|0|nil|nil;1,16,3|1,23,2|nil|nil|0|nil|nil;1,16,3|1,22,1|nil|nil|0|nil|nil;1,21,5|nil|nil|nil|0|nil|nil;1,17,5|1,22,0|nil|nil|0|nil|nil;1,17,5|1,23,4|nil|nil|0|nil|nil;1,17,5|nil|nil|nil|0|nil|nil;
# Block 1 1
1,22,3|nil|nil|nil|0|nil|nil;1,21,5|nil|nil|nil|0|nil|nil;2,16,3|1,23,0|nil|nil|0|nil|nil;2,16,3|1,21,4|nil|nil|0|nil|nil;2,16,3|nil|nil|nil|0|nil|nil;1,16,5|nil|nil|nil|0|nil|nil;2,16,3|nil|nil|nil|0|nil|nil;2,16,3|nil|nil|nil|0|nil|nil;
1,22,3|nil|nil|nil|0|nil|nil;1,23,5|nil|nil|nil|0|nil|nil;1,22,5|nil|nil|nil|0|nil|nil;2,16,3|1,22,4|nil|nil|0|nil|nil;2,16,3|nil|nil|nil|0|nil|nil;2,16,3|nil|nil|nil|0|nil|nil;2,16,3|nil|nil|nil|0|nil|nil;1,17,5|nil|nil|nil|0|nil|nil;
1,22,5|nil|nil|nil|1|nil|nil;1,22,3|nil|nil|nil|0|nil|nil;1,22,3|nil|nil|nil|0|nil|nil;2,16,3|1,23,0|nil|nil|0|nil|nil;2,16,3|1,21,4|nil|nil|0|nil|nil;2,16,3|nil|nil|nil|0|nil|nil;2,16,3|nil|nil|nil|0|nil|nil;2,16,3|nil|nil|nil|0|nil|nil;
1,22,5|nil|nil|nil|0|nil|nil;1,22,3|nil|nil|nil|0|nil|nil;1,22,3|nil|nil|nil|0|nil|nil;1,21,5|nil|nil|nil|0|nil|nil;2,16,3|1,23,0|nil|nil|0|nil|nil;2,16,3|1,21,3|nil|nil|0|nil|nil;2,16,3|1,21,3|nil|nil|0|nil|nil;2,16,3|1,21,3|nil|nil|0|nil|nil;
1,22,3|nil|nil|nil|0|nil|nil;1,22,5|nil|nil|nil|0|nil|nil;1,23,5|nil|nil|nil|0|nil|nil;1,22,3|nil|nil|nil|0|nil|nil;2,22,5|nil|nil|nil|0|nil|nil;2,22,3|nil|nil|nil|0|nil|nil;2,22,3|nil|nil|nil|0|nil|nil;2,22,3|nil|nil|nil|0|nil|nil;
1,22,3|nil|nil|nil|0|nil|nil;1,22,3|nil|nil|nil|0|nil|nil;1,22,3|nil|nil|nil|0|nil|nil;1,22,5|nil|nil|nil|0|nil|nil;2,22,3|nil|nil|nil|0|nil|nil;2,22,3|nil|nil|nil|0|nil|nil;2,21,5|nil|nil|nil|0|nil|nil;2,22,3|nil|nil|nil|0|nil|nil;
1,16,3|1,22,1|nil|nil|0|nil|nil;1,23,5|nil|nil|nil|0|nil|nil;1,21,5|nil|nil|nil|0|nil|nil;1,22,3|nil|nil|nil|0|nil|nil;2,21,5|nil|nil|nil|0|nil|nil;2,22,3|nil|nil|nil|0|nil|nil;2,22,3|nil|nil|nil|0|nil|nil;2,22,3|nil|nil|nil|0|nil|nil;
1,16,3|1,22,2|nil|nil|0|nil|nil;1,22,5|nil|nil|nil|0|nil|nil;1,21,5|nil|nil|nil|0|nil|nil;1,21,5|nil|nil|nil|0|nil|nil;2,22,3|nil|nil|nil|0|nil|nil;2,22,3|nil|nil|nil|0|nil|nil;2,22,3|nil|nil|nil|0|nil|nil;2,22,3|nil|nil|nil|0|nil|nil;
# Block 1 2
2,16,3|nil|nil|nil|0|nil|nil;2,16,3|nil|nil|nil|0|nil|nil;2,16,3|nil|nil|nil|0|nil|nil;2,16,3|1,21,2|nil|nil|0|nil|nil;2,16,3|1,23,1|nil|nil|0|nil|nil;2,22,3|nil|nil|nil|0|nil|nil;2,22,3|nil|nil|nil|0|nil|nil;2,21,5|nil|nil|nil|0|nil|nil;
2,16,3|nil|nil|nil|0|nil|nil;2,16,3|nil|nil|nil|0|nil|nil;2,16,3|1,21,2|nil|nil|0|nil|nil;2,16,3|1,23,1|nil|nil|0|nil|nil;2,22,3|nil|nil|nil|0|nil|nil;2,22,3|nil|nil|nil|0|nil|nil;2,21,5|nil|nil|nil|0|nil|nil;2,22,3|nil|nil|nil|0|nil|nil;
2,16,3|1,21,2|nil|nil|0|nil|nil;2,16,3|1,21,3|nil|nil|0|nil|nil;2,16,3|1,23,1|nil|nil|0|nil|nil;2,22,3|nil|nil|nil|0|nil|nil;2,22,3|nil|nil|nil|0|nil|nil;2,22,3|nil|nil|nil|0|nil|nil;2,22,3|nil|nil|nil|0|nil|nil;2,21,5|nil|nil|nil|0|nil|nil;
2,16,3|1,23,1|nil|nil|0|nil|nil;2,21,5|nil|nil|nil|0|nil|nil;2,22,3|nil|nil|nil|0|nil|nil;2,22,3|nil|nil|nil|0|nil|nil;2,23,5|nil|nil|nil|0|nil|nil;2,21,5|nil|nil|nil|0|nil|nil;2,22,3|nil|nil|nil|0|nil|nil;2,22,3|nil|nil|nil|0|nil|nil;
2,22,3|nil|nil|nil|0|nil|nil;2,22,3|nil|nil|nil|0|nil|nil;2,23,5|nil|nil|nil|0|nil|nil;2,22,3|nil|nil|nil|0|nil|nil;2,22,3|nil|nil|nil|0|nil|nil;2,22,3|nil|nil|nil|0|nil|nil;2,21,5|nil|nil|nil|0|nil|nil;2,21,5|nil|nil|nil|0|nil|nil;
2,22,3|nil|nil|nil|0|nil|nil;2,22,3|nil|nil|nil|0|nil|nil;2,22,3|nil|nil|nil|0|nil|nil;2,22,5|nil|nil|nil|0|nil|nil;2,23,5|nil|nil|nil|0|nil|nil;2,22,3|nil|nil|nil|0|nil|nil;2,22,5|nil|nil|nil|0|nil|nil;2,22,3|nil|nil|nil|0|nil|nil;
2,22,3|nil|nil|nil|0|nil|nil;2,22,3|nil|nil|nil|0|nil|nil;2,22,3|nil|nil|nil|0|nil|nil;2,21,5|nil|nil|nil|0|nil|nil;2,23,5|nil|nil|nil|0|nil|nil;2,22,3|nil|nil|nil|0|nil|nil;2,22,3|nil|nil|nil|0|nil|nil;2,22,3|nil|nil|nil|0|nil|nil;
2,22,3|nil|nil|nil|0|nil|nil;2,23,5|nil|nil|nil|0|nil|nil;2,22,3|nil|nil|nil|0|nil|nil;2,22,3|nil|nil|nil|0|nil|nil;2,21,5|nil|nil|nil|0|nil|nil;2,21,5|nil|nil|nil|0|nil|nil;2,23,5|nil|nil|nil|0|nil|nil;2,22,3|nil|nil|nil|0|nil|nil;
# Block 1 -1
1,22,3|nil|nil|23,4,9|1|nil|nil;1,22,3|22,1,5|21,12,6|23,4,10|1|nil|nil;1,23,5|22,1,5|21,12,7|nil|1|nil|nil;1,22,5|22,4,6|nil|nil|1|nil|nil;1,16,3|1,23,10|nil|nil|0|nil|nil;1,16,3|nil|nil|nil|0|nil|nil;1,17,5|nil|nil|nil|0|nil|nil;1,16,3|nil|nil|nil|0|nil|nil;
1,22,5|nil|nil|23,4,9|1|nil|nil;1,21,5|22,1,5|nil|23,4,10|1|nil|nil;1,22,3|20,0,10|nil|nil|1|nil|nil;1,22,3|22,6,15|20,0,11|nil|0|store_tool,1|nil;1,16,3|nil|nil|nil|0|nil|nil;1,16,3|nil|nil|nil|0|nil|nil;1,17,5|nil|nil|nil|0|nil|nil;1,16,3|nil|nil|nil|0|nil|nil;
1,22,3|nil|nil|23,4,9|1|nil|nil;1,22,3|22,1,5|nil|23,4,10|1|nil|nil;1,22,3|22,1,5|26,3,1|nil|1|nil|nil;1,21,5|22,4,6|nil|nil|1|nil|nil;1,17,5|1,21,4|nil|nil|0|nil|nil;1,16,3|nil|nil|nil|0|nil|nil;1,16,3|nil|nil|nil|0|nil|nil;1,16,5|nil|nil|nil|0|nil|nil;
1,22,3|nil|nil|23,5,9|1|nil|nil;1,22,5|22,5,4|nil|23,5,10|1|nil|nil;1,22,3|22,5,5|nil|nil|1|nil|nil;1,21,5|22,5,6|nil|nil|1|nil|nil;1,16,3|1,22,4|nil|nil|0|nil|nil;1,16,3|nil|nil|nil|0|nil|nil;1,16,3|nil|nil|nil|0|nil|nil;1,16,5|nil|nil|nil|0|nil|nil;
1,23,5|nil|nil|23,6,9|0|nil|nil;1,22,5|nil|nil|23,6,10|0|nil|nil;1,16,3|1,22,0|nil|nil|0|nil|nil;1,17,5|1,23,3|nil|nil|0|nil|nil;1,16,3|1,23,4|nil|nil|0|nil|nil;1,16,3|nil|nil|nil|0|nil|nil;1,17,5|nil|nil|nil|0|nil|nil;1,16,3|nil|nil|nil|0|nil|nil;
1,16,3|1,23,3|nil|nil|0|nil|nil;1,16,3|1,23,3|nil|nil|0|nil|nil;1,16,3|1,23,4|nil|nil|0|nil|nil;1,17,5|nil|nil|nil|0|nil|nil;1,16,3|nil|nil|nil|0|nil|nil;1,17,5|nil|nil|nil|0|nil|nil;1,17,5|nil|nil|nil|0|nil|nil;1,17,5|nil|nil|nil|0|nil|nil;
1,17,5|nil|nil|nil|0|nil|nil;1,16,3|nil|nil|nil|0|nil|nil;1,16,5|nil|nil|nil|0|nil|nil;1,17,5|1,21,2|nil|nil|0|nil|nil;1,16,3|1,21,3|nil|nil|0|nil|nil;1,16,3|1,21,4|nil|nil|0|nil|nil;1,17,5|nil|nil|nil|0|nil|nil;1,16,3|nil|nil|nil|0|nil|nil;
1,16,3|nil|nil|23,2,1|0|nil|nil;1,16,3|1,21,2|nil|23,2,2|0|nil|nil;1,17,5|1,21,3|nil|23,2,3|0|nil|nil;1,16,5|1,23,1|nil|nil|0|nil|nil;1,22,3|nil|nil|nil|0|nil|nil;1,17,5|1,23,0|nil|nil|0|nil|nil;1,15,5|1,21,3|nil|nil|0|nil|nil;1,16,3|1,21,3|nil|nil|0|nil|nil;
# Block 1 -2
nil|nil|nil|nil|1|nil|nil;nil|nil|nil|nil|1|nil|nil;nil|nil|nil|nil|1|nil|nil;nil|nil|nil|nil|1|nil|nil;1,22,3|nil|nil|nil|0|nil|nil;1,22,5|nil|nil|23,1,9|0|nil|nil;1,21,5|nil|nil|23,1,10|0|nil|nil;1,22,3|nil|nil|23,3,9|0|nil|nil;
nil|nil|nil|nil|1|nil|nil;nil|nil|nil|nil|1|nil|nil;nil|nil|nil|nil|1|nil|nil;nil|nil|nil|nil|1|nil|nil;1,21,5|nil|nil|nil|0|nil|nil;1,22,3|nil|nil|23,3,12|0|nil|nil;1,22,3|nil|nil|23,4,8|0|nil|nil;1,22,3|nil|nil|23,4,9|0|nil|nil;
nil|nil|nil|nil|1|nil|nil;nil|nil|nil|nil|1|nil|nil;nil|nil|nil|nil|1|nil|nil;nil|nil|nil|nil|1|nil|nil;1,22,3|nil|nil|nil|0|nil|nil;1,23,5|nil|nil|23,7,9|0|nil|nil;1,21,5|nil|nil|23,7,10|0|nil|nil;1,22,3|nil|nil|23,5,9|0|nil|nil;
nil|nil|nil|nil|1|nil|nil;nil|nil|nil|nil|1|nil|nil;nil|nil|nil|nil|1|nil|nil;nil|nil|nil|nil|1|nil|nil;1,22,3|nil|nil|nil|0|nil|nil;1,21,5|nil|nil|nil|0|nil|nil;1,23,5|nil|nil|23,5,7|0|nil|nil;1,22,5|nil|nil|23,5,8|0|nil|nil;
nil|nil|nil|nil|1|nil|nil;nil|nil|nil|nil|1|nil|nil;nil|nil|nil|nil|1|nil|nil;nil|nil|nil|nil|1|nil|nil;1,22,3|nil|nil|nil|0|nil|nil;1,22,3|nil|nil|nil|0|nil|nil;1,22,3|nil|nil|23,6,7|0|nil|nil;1,22,3|nil|nil|23,6,8|0|nil|nil;
nil|nil|nil|nil|1|nil|nil;nil|nil|nil|nil|1|nil|nil;nil|nil|nil|nil|1|nil|nil;nil|nil|nil|nil|1|nil|nil;1,23,5|nil|nil|nil|0|nil|nil;1,22,3|nil|nil|nil|0|nil|nil;1,16,5|1,22,0|nil|nil|0|nil|nil;1,16,3|1,23,3|nil|nil|0|nil|nil;
nil|nil|nil|nil|1|nil|nil;nil|nil|nil|nil|1|nil|nil;nil|nil|nil|nil|1|nil|nil;nil|nil|nil|nil|1|nil|nil;1,22,3|nil|nil|nil|0|nil|nil;1,15,5|1,22,0|nil|nil|0|nil|nil;1,17,5|1,23,4|nil|nil|0|nil|nil;1,16,3|nil|nil|nil|0|nil|nil;
nil|nil|nil|nil|1|nil|nil;nil|nil|nil|nil|1|nil|nil;nil|nil|nil|nil|1|nil|nil;nil|nil|nil|nil|1|nil|nil;1,22,3|nil|nil|nil|0|nil|nil;1,16,3|1,22,4|nil|nil|0|nil|nil;1,16,3|nil|nil|23,2,0|0|nil|nil;1,16,3|nil|nil|23,2,1|0|nil|nil;
# Block 2 0
1,16,3|1,22,4|nil|nil|0|nil|nil;1,16,3|nil|nil|nil|0|nil|nil;1,16,3|nil|nil|nil|0|nil|nil;1,16,3|1,22,2|nil|nil|0|nil|nil;1,16,3|1,22,0|nil|nil|0|nil|nil;1,16,3|1,23,4|nil|nil|0|nil|nil;1,16,3|nil|nil|nil|0|nil|nil;1,16,3|1,21,2|nil|nil|0|nil|nil;
1,17,5|1,22,4|nil|nil|0|nil|nil;1,16,3|nil|nil|nil|0|nil|nil;1,15,5|nil|nil|nil|0|nil|nil;1,16,3|1,23,2|nil|nil|0|nil|nil;1,16,3|1,23,4|nil|nil|0|nil|nil;1,16,3|nil|nil|nil|0|nil|nil;1,17,5|1,21,2|nil|nil|0|nil|nil;1,16,3|1,23,1|nil|nil|0|nil|nil;
1,17,5|1,22,4|nil|nil|0|nil|nil;1,16,3|nil|nil|nil|0|nil|nil;1,17,5|nil|nil|nil|0|nil|nil;1,16,3|nil|nil|nil|0|nil|nil;1,16,3|nil|nil|nil|0|nil|nil;1,16,3|1,21,2|nil|nil|0|nil|nil;1,16,3|1,23,1|nil|nil|0|nil|nil;1,22,3|nil|nil|nil|0|nil|nil;
1,16,3|1,22,4|nil|nil|0|nil|nil;1,16,3|nil|nil|nil|0|nil|nil;1,16,5|nil|nil|nil|0|nil|nil;1,17,5|nil|nil|nil|0|nil|nil;1,16,5|1,21,2|nil|nil|0|nil|nil;1,16,3|1,23,1|nil|nil|0|nil|nil;1,22,3|nil|nil|nil|0|nil|nil;1,22,3|nil|nil|nil|0|nil|nil;
1,17,5|1,23,4|nil|nil|0|nil|nil;1,16,3|nil|nil|nil|0|nil|nil;1,16,3|nil|nil|nil|0|nil|nil;1,16,5|1,21,2|nil|nil|0|nil|nil;1,16,5|1,23,1|nil|nil|0|nil|nil;1,22,3|nil|nil|nil|0|nil|nil;1,22,3|nil|nil|nil|0|nil|nil;1,22,5|nil|nil|nil|0|nil|nil;
1,16,3|nil|nil|nil|0|nil|nil;1,16,5|nil|nil|nil|0|nil|nil;1,16,3|nil|nil|nil|0|nil|nil;1,16,3|1,22,2|nil|nil|0|nil|nil;1,22,5|nil|nil|nil|0|nil|nil;1,23,5|nil|nil|nil|0|nil|nil;1,22,5|nil|nil|nil|0|nil|nil;1,22,5|nil|nil|nil|0|nil|nil;
1,16,3|nil|nil|nil|0|nil|nil;1,16,5|nil|nil|nil|0|nil|nil;1,16,3|nil|nil|nil|0|nil|nil;1,16,3|1,22,2|nil|nil|0|nil|nil;1,23,5|nil|nil|nil|0|nil|nil;1,22,3|nil|nil|nil|0|nil|nil;1,22,3|nil|nil|nil|0|nil|nil;1,22,3|nil|nil|nil|0|nil|nil;
1,16,3|nil|nil|nil|0|nil|nil;1,16,3|nil|nil|nil|0|nil|nil;1,16,3|1,21,2|nil|nil|0|nil|nil;1,16,3|1,23,1|nil|nil|0|nil|nil;1,22,5|nil|nil|nil|0|nil|nil;1,23,5|nil|nil|nil|0|nil|nil;1,22,5|nil|nil|nil|0|nil|nil;1,22,5|nil|nil|nil|0|nil|nil;
# Block 2 1
1,16,5|1,23,1|nil|nil|0|nil|nil;1,21,5|nil|nil|nil|0|nil|nil;1,21,5|nil|nil|nil|0|nil|nil;1,23,5|nil|nil|nil|0|nil|nil;2,22,3|nil|nil|nil|0|nil|nil;2,22,3|nil|nil|nil|0|nil|nil;2,22,5|nil|nil|nil|0|nil|nil;2,22,3|nil|nil|nil|0|nil|nil;
1,22,3|nil|nil|nil|0|nil|nil;1,23,5|nil|nil|nil|0|nil|nil;1,23,5|nil|nil|nil|0|nil|nil;1,21,5|nil|nil|nil|0|nil|nil;2,22,3|nil|nil|nil|0|nil|nil;2,22,3|nil|nil|nil|0|nil|nil;2,22,5|nil|nil|nil|0|nil|nil;2,22,3|nil|nil|nil|0|nil|nil;
1,22,3|nil|nil|nil|0|nil|nil;1,22,3|nil|nil|nil|0|nil|nil;1,22,5|nil|nil|nil|0|nil|nil;1,21,5|nil|nil|nil|0|nil|nil;2,22,3|nil|nil|nil|0|nil|nil;2,21,5|nil|nil|nil|0|nil|nil;2,22,3|nil|nil|nil|0|nil|nil;2,22,3|nil|nil|nil|0|nil|nil;
1,22,3|nil|nil|nil|0|nil|nil;1,22,5|nil|nil|nil|0|nil|nil;1,22,3|nil|nil|nil|0|nil|nil;1,22,3|nil|nil|nil|0|nil|nil;2,22,3|nil|nil|nil|0|nil|nil;2,21,5|nil|nil|nil|0|nil|nil;2,22,3|nil|nil|nil|0|nil|nil;2,23,5|nil|nil|nil|0|nil|nil;
1,21,5|nil|nil|nil|0|nil|nil;1,22,3|nil|nil|nil|0|nil|nil;1,22,3|nil|nil|nil|0|nil|nil;1,22,3|nil|nil|nil|0|nil|nil;2,22,3|nil|nil|nil|0|nil|nil;2,22,3|nil|nil|nil|0|nil|nil;2,21,5|nil|nil|nil|0|nil|nil;2,22,3|nil|nil|nil|0|nil|nil;
1,21,5|nil|nil|nil|0|nil|nil;1,22,3|nil|nil|nil|0|nil|nil;1,22,3|nil|nil|nil|0|nil|nil;1,22,3|nil|nil|nil|0|nil|nil;2,22,3|nil|nil|nil|0|nil|nil;2,22,3|nil|nil|nil|0|nil|nil;2,23,5|nil|nil|nil|0|nil|nil;2,22,3|nil|nil|nil|0|nil|nil;
1,22,3|nil|nil|nil|0|nil|nil;1,21,5|nil|nil|nil|0|nil|nil;1,23,5|nil|nil|nil|0|nil|nil;1,22,5|nil|nil|nil|0|nil|nil;2,22,3|nil|nil|nil|0|nil|nil;2,22,3|nil|nil|nil|0|nil|nil;2,22,3|nil|nil|nil|0|nil|nil;2,21,5|nil|nil|nil|0|nil|nil;
1,22,5|nil|nil|nil|0|nil|nil;1,22,5|nil|nil|nil|0|nil|nil;1,22,3|nil|nil|nil|0|nil|nil;1,23,5|nil|nil|nil|0|nil|nil;2,22,3|nil|nil|nil|0|nil|nil;2,21,5|nil|nil|nil|0|nil|nil;2,22,3|nil|nil|nil|0|nil|nil;2,23,5|nil|nil|nil|0|nil|nil;
# Block 2 2
2,22,3|nil|nil|nil|0|nil|nil;2,23,5|nil|nil|nil|0|nil|nil;2,22,3|nil|nil|nil|0|nil|nil;2,22,3|nil|nil|nil|0|nil|nil;2,21,5|nil|nil|nil|0|nil|nil;2,22,3|nil|nil|nil|0|nil|nil;2,22,3|nil|nil|nil|0|nil|nil;2,22,3|nil|nil|nil|0|nil|nil;
2,22,3|nil|nil|nil|0|nil|nil;2,22,3|nil|nil|nil|0|nil|nil;2,23,5|nil|nil|nil|0|nil|nil;2,22,3|nil|nil|nil|0|nil|nil;2,23,5|nil|nil|nil|0|nil|nil;2,22,3|nil|nil|nil|0|nil|nil;2,22,3|nil|nil|nil|0|nil|nil;2,22,3|nil|nil|nil|0|nil|nil;
2,22,3|nil|nil|nil|0|nil|nil;2,22,5|nil|nil|nil|0|nil|nil;2,22,3|nil|nil|nil|0|nil|nil;2,22,3|nil|nil|nil|0|nil|nil;2,23,5|nil|nil|nil|0|nil|nil;2,22,5|nil|nil|nil|0|nil|nil;2,22,3|nil|nil|nil|0|nil|nil;2,22,3|nil|nil|nil|0|nil|nil;
2,22,3|nil|nil|nil|0|nil|nil;2,23,5|nil|nil|nil|0|nil|nil;2,22,3|nil|nil|nil|0|nil|nil;2,22,5|nil|nil|nil|0|nil|nil;2,22,3|nil|nil|nil|0|nil|nil;2,22,3|nil|nil|nil|0|nil|nil;2,22,5|nil|nil|nil|0|nil|nil;2,23,5|nil|nil|nil|0|nil|nil;
2,22,3|nil|nil|nil|0|nil|nil;2,22,3|nil|nil|nil|0|nil|nil;2,22,3|nil|nil|nil|0|nil|nil;2,21,5|nil|nil|nil|0|nil|nil;2,22,5|nil|nil|nil|0|nil|nil;2,22,3|nil|nil|nil|0|nil|nil;2,22,3|nil|nil|nil|0|nil|nil;2,22,5|nil|nil|nil|0|nil|nil;
2,22,3|nil|nil|nil|0|nil|nil;2,22,3|nil|nil|nil|0|nil|nil;2,22,3|nil|nil|nil|0|nil|nil;2,23,5|nil|nil|nil|0|nil|nil;2,22,3|nil|nil|nil|0|nil|nil;2,22,3|nil|nil|nil|0|nil|nil;2,22,5|nil|nil|nil|0|nil|nil;2,22,3|nil|nil|nil|0|nil|nil;
2,22,3|nil|nil|nil|0|nil|nil;2,22,3|nil|nil|nil|0|nil|nil;2,22,3|nil|nil|nil|0|nil|nil;2,22,3|nil|nil|nil|0|nil|nil;2,22,3|nil|nil|nil|0|nil|nil;2,22,5|nil|nil|nil|0|nil|nil;2,22,3|nil|nil|nil|0|nil|nil;2,23,5|nil|nil|nil|0|nil|nil;
2,23,5|nil|nil|nil|0|nil|nil;2,22,3|nil|nil|nil|0|nil|nil;2,22,3|nil|nil|nil|0|nil|nil;2,22,3|nil|nil|nil|0|nil|nil;2,22,3|nil|nil|nil|0|nil|nil;2,22,3|nil|nil|nil|0|nil|nil;2,22,3|nil|nil|nil|0|nil|nil;2,22,3|nil|nil|nil|0|nil|nil;
# Block 2 -1
1,16,3|1,21,3|23,3,1|nil|1|nil|nil;1,16,3|1,23,1|23,3,2|nil|1|nil|nil;1,22,3|22,0,4|nil|23,3,3|1|nil|nil;1,22,5|22,9,5|nil|nil|1|nil|nil;1,22,3|22,9,5|22,3,6|nil|1|nil|nil;1,22,5|22,9,5|nil|nil|1|nil|nil;1,22,3|22,0,5|nil|nil|1|nil|nil;1,22,3|22,4,10|nil|nil|1|nil|nil;
1,23,5|23,3,2|nil|nil|1|nil|nil;1,22,3|23,4,2|nil|nil|1|nil|nil;1,23,5|22,1,4|21,11,6|23,4,3|1|nil|nil;1,22,3|22,1,5|21,11,7|nil|1|nil|nil;1,22,3|22,1,5|22,4,6|nil|1|nil|nil;1,22,5|22,1,5|21,11,6|nil|1|nil|nil;1,22,3|22,1,5|21,11,7|nil|1|nil|nil;1,22,3|22,4,10|nil|nil|1|nil|nil;
1,22,5|23,4,2|nil|nil|1|nil|nil;1,23,5|23,4,2|nil|nil|1|nil|nil;1,21,5|22,1,4|23,5,3|nil|1|nil|nil;1,22,3|22,1,5|nil|nil|1|nil|nil;1,21,5|22,1,5|22,4,6|nil|1|nil|nil;1,22,3|22,1,5|nil|nil|1|nil|nil;1,22,3|22,1,5|nil|nil|1|nil|nil;1,22,5|22,4,10|nil|nil|1|nil|nil;
1,22,5|23,4,2|nil|nil|1|nil|nil;1,22,3|23,4,2|nil|nil|1|nil|nil;1,23,5|22,1,4|23,3,3|nil|1|nil|nil;1,22,3|22,1,5|nil|nil|1|nil|nil;1,22,3|22,1,5|22,4,6|nil|1|nil|nil;1,23,5|22,1,5|nil|nil|1|nil|nil;1,22,3|22,1,5|nil|nil|1|nil|nil;1,22,3|22,4,10|nil|nil|1|nil|nil;
1,22,5|23,4,2|nil|nil|1|nil|nil;1,21,5|23,4,2|nil|nil|1|nil|nil;1,22,3|22,1,4|21,11,6|23,3,3|1|nil|nil;1,22,3|22,1,5|21,11,7|nil|1|nil|nil;1,22,3|22,1,5|22,4,6|nil|1|nil|nil;1,22,5|22,1,5|21,11,6|nil|1|nil|nil;1,22,3|22,1,5|21,11,7|nil|1|nil|nil;1,22,5|22,4,10|nil|nil|1|nil|nil;
1,22,3|23,4,2|nil|nil|1|nil|nil;1,22,3|23,4,2|nil|nil|1|nil|nil;1,22,3|22,1,4|23,5,3|nil|1|nil|nil;1,22,3|22,1,5|nil|nil|1|nil|nil;1,22,3|22,1,5|22,4,6|nil|1|nil|nil;1,22,3|22,1,5|nil|nil|1|nil|nil;1,23,5|22,1,5|nil|nil|1|nil|nil;1,22,3|22,4,10|nil|nil|1|nil|nil;
1,21,5|23,4,2|nil|nil|1|nil|nil;1,22,3|23,4,2|nil|nil|1|nil|nil;1,22,3|22,1,4|23,5,3|nil|1|nil|nil;1,22,5|22,1,5|nil|nil|1|nil|nil;1,22,3|22,1,5|22,4,6|nil|1|nil|nil;1,23,5|22,1,5|nil|nil|1|nil|nil;1,23,5|20,1,6|nil|nil|1|nil|nil;1,23,5|20,1,7|22,6,15|nil|0|nil|nil;
1,22,3|23,4,2|nil|nil|1|nil|nil;1,21,5|23,4,2|nil|nil|1|nil|nil;1,22,5|22,1,4|21,11,6|23,4,3|1|nil|nil;1,23,5|22,1,5|21,11,7|21,14,7|1|nil|nil;1,23,5|22,1,5|22,4,6|nil|1|nil|nil;1,22,3|22,1,5|nil|nil|1|nil|nil;1,22,3|22,1,5|26,0,1|nil|1|nil|nil;1,22,3|22,4,10|nil|nil|1|nil|nil;
# Block 2 -2
nil|nil|nil|nil|1|nil|nil;nil|nil|nil|nil|1|nil|nil;nil|nil|nil|nil|1|nil|nil;nil|nil|nil|nil|1|nil|nil;1,22,5|nil|nil|nil|0|nil|nil;1,16,3|1,23,0|nil|nil|0|nil|nil;1,17,5|1,21,3|nil|23,3,0|0|nil|nil;1,17,5|1,21,3|nil|23,3,1|0|nil|nil;
nil|nil|nil|nil|1|nil|nil;nil|nil|nil|nil|1|nil|nil;nil|nil|nil|nil|1|nil|nil;nil|nil|nil|nil|1|nil|nil;1,22,3|nil|nil|nil|0|nil|nil;1,22,3|nil|nil|23,1,2|0|nil|nil;1,22,3|nil|nil|23,1,3|0|nil|nil;1,22,3|nil|nil|23,3,1|0|nil|nil;
nil|nil|nil|nil|1|nil|nil;nil|nil|nil|nil|1|nil|nil;nil|nil|nil|nil|1|nil|nil;nil|nil|nil|nil|1|nil|nil;1,22,5|nil|nil|nil|0|nil|nil;1,22,3|nil|nil|23,1,0|0|nil|nil;1,22,3|nil|nil|23,3,1|0|nil|nil;1,22,3|nil|nil|23,3,2|0|nil|nil;
nil|nil|nil|nil|1|nil|nil;nil|nil|nil|nil|1|nil|nil;nil|nil|nil|nil|1|nil|nil;nil|nil|nil|nil|1|nil|nil;1,23,5|nil|nil|nil|0|nil|nil;1,22,3|nil|nil|23,3,0|0|nil|nil;1,22,3|nil|nil|23,3,2|0|nil|nil;1,22,3|nil|nil|23,4,2|0|nil|nil;
nil|nil|nil|nil|1|nil|nil;nil|nil|nil|nil|1|nil|nil;nil|nil|nil|nil|1|nil|nil;nil|nil|nil|nil|1|nil|nil;1,22,3|nil|nil|nil|0|nil|nil;1,22,5|nil|nil|23,3,6|0|nil|nil;1,22,3|nil|nil|23,4,2|0|nil|nil;1,22,3|nil|nil|23,4,2|0|nil|nil;
nil|nil|nil|nil|1|nil|nil;nil|nil|nil|nil|1|nil|nil;nil|nil|nil|nil|1|nil|nil;nil|nil|nil|nil|1|nil|nil;1,23,5|nil|nil|nil|0|nil|nil;1,21,5|nil|nil|23,5,6|0|nil|nil;1,22,5|nil|nil|23,4,2|0|nil|nil;1,23,5|nil|nil|23,4,2|0|nil|nil;
nil|nil|nil|nil|1|nil|nil;nil|nil|nil|nil|1|nil|nil;nil|nil|nil|nil|1|nil|nil;nil|nil|nil|nil|1|nil|nil;1,22,3|nil|nil|nil|0|nil|nil;1,22,3|nil|nil|23,5,0|0|nil|nil;1,22,3|nil|nil|23,5,2|0|nil|nil;1,22,5|nil|nil|23,4,2|0|nil|nil;
nil|nil|nil|nil|1|nil|nil;nil|nil|nil|nil|1|nil|nil;nil|nil|nil|nil|1|nil|nil;nil|nil|nil|nil|1|nil|nil;1,22,3|nil|nil|nil|0|nil|nil;1,22,3|nil|nil|23,7,0|0|nil|nil;1,22,3|nil|nil|23,5,1|0|nil|nil;1,23,5|nil|nil|23,5,2|0|nil|nil;
# Block 3 0
1,16,5|1,21,3|nil|nil|0|nil|nil;1,17,5|1,21,3|nil|nil|0|nil|nil;1,15,5|1,23,1|nil|nil|0|nil|nil;1,22,5|nil|nil|nil|0|nil|nil;1,22,3|nil|nil|nil|0|nil|nil;1,22,3|nil|nil|nil|0|nil|nil;1,22,3|nil|nil|nil|0|nil|nil;1,22,3|nil|nil|nil|0|nil|nil;
1,22,3|nil|nil|nil|0|nil|nil;1,22,3|nil|nil|nil|0|nil|nil;1,22,3|nil|nil|nil|0|nil|nil;1,21,5|nil|nil|nil|0|nil|nil;1,22,5|nil|nil|nil|0|nil|nil;1,22,3|nil|nil|nil|0|nil|nil;1,21,5|nil|nil|nil|0|nil|nil;1,22,3|nil|nil|nil|0|nil|nil;
nil|nil|nil|nil|1|nil|nil;nil|nil|nil|nil|1|nil|nil;nil|nil|nil|nil|1|nil|nil;nil|nil|nil|nil|1|nil|nil;nil|nil|nil|nil|1|nil|nil;nil|nil|nil|nil|1|nil|nil;nil|nil|nil|nil|1|nil|nil;nil|nil|nil|nil|1|nil|nil;
nil|nil|nil|nil|1|nil|nil;nil|nil|nil|nil|1|nil|nil;nil|nil|nil|nil|1|nil|nil;nil|nil|nil|nil|1|nil|nil;nil|nil|nil|nil|1|nil|nil;nil|nil|nil|nil|1|nil|nil;nil|nil|nil|nil|1|nil|nil;nil|nil|nil|nil|1|nil|nil;
nil|nil|nil|nil|1|nil|nil;nil|nil|nil|nil|1|nil|nil;nil|nil|nil|nil|1|nil|nil;nil|nil|nil|nil|1|nil|nil;nil|nil|nil|nil|1|nil|nil;nil|nil|nil|nil|1|nil|nil;nil|nil|nil|nil|1|nil|nil;nil|nil|nil|nil|1|nil|nil;
nil|nil|nil|nil|1|nil|nil;nil|nil|nil|nil|1|nil|nil;nil|nil|nil|nil|1|nil|nil;nil|nil|nil|nil|1|nil|nil;nil|nil|nil|nil|1|nil|nil;nil|nil|nil|nil|1|nil|nil;nil|nil|nil|nil|1|nil|nil;nil|nil|nil|nil|1|nil|nil;
nil|nil|nil|nil|1|nil|nil;nil|nil|nil|nil|1|nil|nil;nil|nil|nil|nil|1|nil|nil;nil|nil|nil|nil|1|nil|nil;nil|nil|nil|nil|1|nil|nil;nil|nil|nil|nil|1|nil|nil;nil|nil|nil|nil|1|nil|nil;nil|nil|nil|nil|1|nil|nil;
nil|nil|nil|nil|1|nil|nil;nil|nil|nil|nil|1|nil|nil;nil|nil|nil|nil|1|nil|nil;nil|nil|nil|nil|1|nil|nil;nil|nil|nil|nil|1|nil|nil;nil|nil|nil|nil|1|nil|nil;nil|nil|nil|nil|1|nil|nil;nil|nil|nil|nil|1|nil|nil;
# Block 3 1
1,22,5|nil|nil|nil|0|nil|nil;1,22,5|nil|nil|nil|0|nil|nil;1,22,3|nil|nil|nil|0|nil|nil;1,22,5|nil|nil|nil|0|nil|nil;2,22,3|nil|nil|nil|0|nil|nil;2,21,5|nil|nil|nil|0|nil|nil;2,22,3|nil|nil|nil|0|nil|nil;2,22,3|nil|nil|nil|0|nil|nil;
1,22,3|nil|nil|nil|0|nil|nil;1,21,5|nil|nil|nil|0|nil|nil;1,22,3|nil|nil|nil|0|nil|nil;1,22,3|nil|nil|nil|0|nil|nil;2,22,3|nil|nil|nil|0|nil|nil;2,22,3|nil|nil|nil|0|nil|nil;2,23,5|nil|nil|nil|0|nil|nil;2,22,3|nil|nil|nil|0|nil|nil;
nil|nil|nil|nil|1|nil|nil;nil|nil|nil|nil|1|nil|nil;nil|nil|nil|nil|1|nil|nil;nil|nil|nil|nil|1|nil|nil;nil|nil|nil|nil|1|nil|nil;nil|nil|nil|nil|1|nil|nil;nil|nil|nil|nil|1|nil|nil;nil|nil|nil|nil|1|nil|nil;
nil|nil|nil|nil|1|nil|nil;nil|nil|nil|nil|1|nil|nil;nil|nil|nil|nil|1|nil|nil;nil|nil|nil|nil|1|nil|nil;nil|nil|nil|nil|1|nil|nil;nil|nil|nil|nil|1|nil|nil;nil|nil|nil|nil|1|nil|nil;nil|nil|nil|nil|1|nil|nil;
nil|nil|nil|nil|1|nil|nil;nil|nil|nil|nil|1|nil|nil;nil|nil|nil|nil|1|nil|nil;nil|nil|nil|nil|1|nil|nil;nil|nil|nil|nil|1|nil|nil;nil|nil|nil|nil|1|nil|nil;nil|nil|nil|nil|1|nil|nil;nil|nil|nil|nil|1|nil|nil;
nil|nil|nil|nil|1|nil|nil;nil|nil|nil|nil|1|nil|nil;nil|nil|nil|nil|1|nil|nil;nil|nil|nil|nil|1|nil|nil;nil|nil|nil|nil|1|nil|nil;nil|nil|nil|nil|1|nil|nil;nil|nil|nil|nil|1|nil|nil;nil|nil|nil|nil|1|nil|nil;
nil|nil|nil|nil|1|nil|nil;nil|nil|nil|nil|1|nil|nil;nil|nil|nil|nil|1|nil|nil;nil|nil|nil|nil|1|nil|nil;nil|nil|nil|nil|1|nil|nil;nil|nil|nil|nil|1|nil|nil;nil|nil|nil|nil|1|nil|nil;nil|nil|nil|nil|1|nil|nil;
nil|nil|nil|nil|1|nil|nil;nil|nil|nil|nil|1|nil|nil;nil|nil|nil|nil|1|nil|nil;nil|nil|nil|nil|1|nil|nil;nil|nil|nil|nil|1|nil|nil;nil|nil|nil|nil|1|nil|nil;nil|nil|nil|nil|1|nil|nil;nil|nil|nil|nil|1|nil|nil;
# Block 3 2
2,22,3|nil|nil|nil|0|nil|nil;2,22,3|nil|nil|nil|0|nil|nil;2,22,3|nil|nil|nil|0|nil|nil;2,22,3|nil|nil|nil|0|nil|nil;2,21,5|nil|nil|nil|0|nil|nil;2,22,3|nil|nil|nil|0|nil|nil;2,22,3|nil|nil|nil|0|nil|nil;2,22,3|nil|nil|nil|0|nil|nil;
2,22,3|nil|nil|nil|0|nil|nil;2,22,3|nil|nil|nil|0|nil|nil;2,22,3|nil|nil|nil|0|nil|nil;2,22,3|nil|nil|nil|0|nil|nil;2,22,3|nil|nil|nil|0|nil|nil;2,22,3|nil|nil|nil|0|nil|nil;2,22,3|nil|nil|nil|0|nil|nil;2,22,3|nil|nil|nil|0|nil|nil;
nil|nil|nil|nil|1|nil|nil;nil|nil|nil|nil|1|nil|nil;nil|nil|nil|nil|1|nil|nil;nil|nil|nil|nil|1|nil|nil;nil|nil|nil|nil|1|nil|nil;nil|nil|nil|nil|1|nil|nil;nil|nil|nil|nil|1|nil|nil;nil|nil|nil|nil|1|nil|nil;
nil|nil|nil|nil|1|nil|nil;nil|nil|nil|nil|1|nil|nil;nil|nil|nil|nil|1|nil|nil;nil|nil|nil|nil|1|nil|nil;nil|nil|nil|nil|1|nil|nil;nil|nil|nil|nil|1|nil|nil;nil|nil|nil|nil|1|nil|nil;nil|nil|nil|nil|1|nil|nil;
nil|nil|nil|nil|1|nil|nil;nil|nil|nil|nil|1|nil|nil;nil|nil|nil|nil|1|nil|nil;nil|nil|nil|nil|1|nil|nil;nil|nil|nil|nil|1|nil|nil;nil|nil|nil|nil|1|nil|nil;nil|nil|nil|nil|1|nil|nil;nil|nil|nil|nil|1|nil|nil;
nil|nil|nil|nil|1|nil|nil;nil|nil|nil|nil|1|nil|nil;nil|nil|nil|nil|1|nil|nil;nil|nil|nil|nil|1|nil|nil;nil|nil|nil|nil|1|nil|nil;nil|nil|nil|nil|1|nil|nil;nil|nil|nil|nil|1|nil|nil;nil|nil|nil|nil|1|nil|nil;
nil|nil|nil|nil|1|nil|nil;nil|nil|nil|nil|1|nil|nil;nil|nil|nil|nil|1|nil|nil;nil|nil|nil|nil|1|nil|nil;nil|nil|nil|nil|1|nil|nil;nil|nil|nil|nil|1|nil|nil;nil|nil|nil|nil|1|nil|nil;nil|nil|nil|nil|1|nil|nil;
nil|nil|nil|nil|1|nil|nil;nil|nil|nil|nil|1|nil|nil;nil|nil|nil|nil|1|nil|nil;nil|nil|nil|nil|1|nil|nil;nil|nil|nil|nil|1|nil|nil;nil|nil|nil|nil|1|nil|nil;nil|nil|nil|nil|1|nil|nil;nil|nil|nil|nil|1|nil|nil;
# Block 3 -2
nil|nil|nil|nil|1|nil|nil;nil|nil|nil|nil|1|nil|nil;nil|nil|nil|nil|1|nil|nil;nil|nil|nil|nil|1|nil|nil;1,22,5|nil|nil|nil|0|nil|nil;1,22,3|nil|nil|23,7,2|0|nil|nil;1,22,5|nil|nil|23,7,3|0|nil|nil;1,22,5|nil|nil|23,5,1|0|nil|nil;
nil|nil|nil|nil|1|nil|nil;nil|nil|nil|nil|1|nil|nil;nil|nil|nil|nil|1|nil|nil;nil|nil|nil|nil|1|nil|nil;1,21,5|nil|nil|nil|0|nil|nil;1,23,5|nil|nil|nil|0|nil|nil;1,21,5|nil|nil|23,5,0|0|nil|nil;1,22,3|nil|nil|23,5,1|0|nil|nil;
nil|nil|nil|nil|1|nil|nil;nil|nil|nil|nil|1|nil|nil;nil|nil|nil|nil|1|nil|nil;nil|nil|nil|nil|1|nil|nil;nil|nil|nil|nil|1|nil|nil;nil|nil|nil|nil|1|nil|nil;nil|nil|nil|nil|1|nil|nil;nil|nil|nil|nil|1|nil|nil;
nil|nil|nil|nil|1|nil|nil;nil|nil|nil|nil|1|nil|nil;nil|nil|nil|nil|1|nil|nil;nil|nil|nil|nil|1|nil|nil;nil|nil|nil|nil|1|nil|nil;nil|nil|nil|nil|1|nil|nil;nil|nil|nil|nil|1|nil|nil;nil|nil|nil|nil|1|nil|nil;
nil|nil|nil|nil|1|nil|nil;nil|nil|nil|nil|1|nil|nil;nil|nil|nil|nil|1|nil|nil;nil|nil|nil|nil|1|nil|nil;nil|nil|nil|nil|1|nil|nil;nil|nil|nil|nil|1|nil|nil;nil|nil|nil|nil|1|nil|nil;nil|nil|nil|nil|1|nil|nil;
nil|nil|nil|nil|1|nil|nil;nil|nil|nil|nil|1|nil|nil;nil|nil|nil|nil|1|nil|nil;nil|nil|nil|nil|1|nil|nil;nil|nil|nil|nil|1|nil|nil;nil|nil|nil|nil|1|nil|nil;nil|nil|nil|nil|1|nil|nil;nil|nil|nil|nil|1|nil|nil;
nil|nil|nil|nil|1|nil|nil;nil|nil|nil|nil|1|nil|nil;nil|nil|nil|nil|1|nil|nil;nil|nil|nil|nil|1|nil|nil;nil|nil|nil|nil|1|nil|nil;nil|nil|nil|nil|1|nil|nil;nil|nil|nil|nil|1|nil|nil;nil|nil|nil|nil|1|nil|nil;
nil|nil|nil|nil|1|nil|nil;nil|nil|nil|nil|1|nil|nil;nil|nil|nil|nil|1|nil|nil;nil|nil|nil|nil|1|nil|nil;nil|nil|nil|nil|1|nil|nil;nil|nil|nil|nil|1|nil|nil;nil|nil|nil|nil|1|nil|nil;nil|nil|nil|nil|1|nil|nil;
# Block 3 -1
1,22,3|23,5,2|nil|nil|1|nil|nil;1,22,5|23,4,2|nil|nil|1|nil|nil;1,21,5|22,1,4|23,5,3|nil|1|nil|nil;1,22,5|22,1,5|nil|nil|1|nil|nil;1,22,3|22,1,5|22,4,6|nil|1|nil|nil;1,22,3|22,1,5|nil|nil|1|nil|nil;1,22,3|22,1,5|nil|nil|1|nil|nil;1,22,3|22,4,10|nil|nil|1|nil|nil;
1,22,3|23,5,1|nil|nil|1|nil|nil;1,21,5|23,5,2|nil|nil|1|nil|nil;1,23,5|22,2,4|23,4,3|nil|1|nil|nil;1,22,3|22,11,5|nil|nil|1|nil|nil;1,23,5|22,11,5|22,5,6|nil|1|nil|nil;1,22,5|22,11,5|nil|nil|1|nil|nil;1,22,3|22,2,5|nil|nil|1|nil|nil;1,23,5|22,5,10|nil|nil|1|nil|nil;
nil|nil|nil|nil|1|nil|nil;nil|nil|nil|nil|1|nil|nil;nil|nil|nil|nil|1|nil|nil;nil|nil|nil|nil|1|nil|nil;nil|nil|nil|nil|1|nil|nil;nil|nil|nil|nil|1|nil|nil;nil|nil|nil|nil|1|nil|nil;nil|nil|nil|nil|1|nil|nil;
nil|nil|nil|nil|1|nil|nil;nil|nil|nil|nil|1|nil|nil;nil|nil|nil|nil|1|nil|nil;nil|nil|nil|nil|1|nil|nil;nil|nil|nil|nil|1|nil|nil;nil|nil|nil|nil|1|nil|nil;nil|nil|nil|nil|1|nil|nil;nil|nil|nil|nil|1|nil|nil;
nil|nil|nil|nil|1|nil|nil;nil|nil|nil|nil|1|nil|nil;nil|nil|nil|nil|1|nil|nil;nil|nil|nil|nil|1|nil|nil;nil|nil|nil|nil|1|nil|nil;nil|nil|nil|nil|1|nil|nil;nil|nil|nil|nil|1|nil|nil;nil|nil|nil|nil|1|nil|nil;
nil|nil|nil|nil|1|nil|nil;nil|nil|nil|nil|1|nil|nil;nil|nil|nil|nil|1|nil|nil;nil|nil|nil|nil|1|nil|nil;nil|nil|nil|nil|1|nil|nil;nil|nil|nil|nil|1|nil|nil;nil|nil|nil|nil|1|nil|nil;nil|nil|nil|nil|1|nil|nil;
nil|nil|nil|nil|1|nil|nil;nil|nil|nil|nil|1|nil|nil;nil|nil|nil|nil|1|nil|nil;nil|nil|nil|nil|1|nil|nil;nil|nil|nil|nil|1|nil|nil;nil|nil|nil|nil|1|nil|nil;nil|nil|nil|nil|1|nil|nil;nil|nil|nil|nil|1|nil|nil;
nil|nil|nil|nil|1|nil|nil;nil|nil|nil|nil|1|nil|nil;nil|nil|nil|nil|1|nil|nil;nil|nil|nil|nil|1|nil|nil;nil|nil|nil|nil|1|nil|nil;nil|nil|nil|nil|1|nil|nil;nil|nil|nil|nil|1|nil|nil;nil|nil|nil|nil|1|nil|nil;
# Block -2 0
nil|nil|nil|nil|1|nil|nil;nil|nil|nil|nil|1|nil|nil;nil|nil|nil|nil|1|nil|nil;nil|nil|nil|nil|1|nil|nil;nil|nil|nil|nil|1|nil|nil;nil|nil|nil|nil|1|nil|nil;nil|nil|nil|nil|1|nil|nil;nil|nil|nil|nil|1|nil|nil;
1,17,5|nil|nil|nil|0|farm01,2|nil;1,16,3|1,22,2|3,27,13|nil|1|nil|nil;1,22,3|nil|3,26,12|nil|1|nil|nil;1,22,3|nil|3,26,12|nil|1|nil|nil;1,23,5|nil|3,26,12|nil|1|nil|nil;1,22,3|nil|3,26,12|nil|1|nil|nil;1,22,3|nil|3,26,12|nil|1|nil|nil;1,23,5|nil|3,26,12|nil|1|nil|nil;
1,16,3|nil|nil|nil|0|nil|nil;1,16,3|1,22,2|nil|nil|0|nil|nil;1,22,3|nil|nil|nil|0|nil|nil;1,21,5|nil|nil|nil|0|nil|nil;1,22,3|nil|nil|nil|0|nil|nil;1,22,3|nil|nil|nil|0|nil|nil;1,21,5|nil|nil|nil|0|nil|nil;1,22,5|nil|nil|nil|0|nil|nil;
1,16,3|nil|nil|nil|0|nil|nil;1,16,3|1,22,2|nil|nil|0|nil|nil;1,22,3|nil|nil|nil|0|nil|nil;1,22,3|nil|nil|nil|0|nil|nil;1,22,3|nil|nil|nil|0|nil|nil;1,21,5|nil|nil|nil|0|nil|nil;1,22,5|nil|nil|nil|0|nil|nil;1,21,5|nil|nil|nil|0|nil|nil;
1,16,3|nil|nil|nil|0|nil|nil;1,16,3|1,23,2|nil|nil|0|nil|nil;1,16,3|1,22,1|nil|nil|0|nil|nil;1,22,3|nil|nil|nil|0|nil|nil;1,22,5|nil|nil|nil|0|nil|nil;1,22,3|nil|nil|nil|0|nil|nil;1,21,5|nil|nil|nil|0|nil|nil;1,22,3|nil|nil|nil|0|nil|nil;
1,17,5|nil|nil|nil|0|nil|nil;1,17,5|nil|nil|nil|0|nil|nil;1,16,3|1,22,2|nil|nil|0|nil|nil;1,22,3|nil|nil|nil|0|nil|nil;1,22,3|nil|nil|nil|0|nil|nil;1,22,5|nil|nil|nil|0|nil|nil;1,22,5|nil|nil|nil|0|nil|nil;1,21,5|nil|nil|nil|0|nil|nil;
1,16,3|nil|nil|nil|0|nil|nil;1,16,3|nil|nil|nil|0|nil|nil;1,16,3|1,22,2|nil|nil|0|nil|nil;1,22,3|nil|nil|nil|0|nil|nil;1,21,5|nil|nil|nil|0|nil|nil;1,22,3|nil|nil|nil|0|nil|nil;1,21,5|nil|nil|nil|0|nil|nil;1,22,3|nil|nil|nil|0|nil|nil;
1,16,3|nil|nil|nil|0|nil|nil;1,16,3|1,21,2|nil|nil|0|nil|nil;1,16,3|1,23,1|nil|nil|0|nil|nil;1,22,3|nil|nil|nil|0|nil|nil;1,22,3|nil|nil|nil|0|nil|nil;1,22,5|nil|nil|nil|0|nil|nil;1,21,5|nil|nil|nil|0|nil|nil;1,22,3|nil|nil|nil|1|nil|nil;
# Block -2 1
nil|nil|nil|nil|1|nil|nil;nil|nil|nil|nil|1|nil|nil;nil|nil|nil|nil|1|nil|nil;nil|nil|nil|nil|1|nil|nil;nil|nil|nil|nil|1|nil|nil;nil|nil|nil|nil|1|nil|nil;nil|nil|nil|nil|1|nil|nil;nil|nil|nil|nil|1|nil|nil;
1,21,5|nil|3,26,12|nil|1|nil|nil;1,22,3|nil|3,26,12|nil|1|nil|nil;1,22,3|nil|3,26,12|nil|1|nil|nil;1,22,3|nil|3,26,12|nil|1|nil|nil;2,22,3|nil|nil|nil|0|nil|nil;2,22,3|nil|nil|nil|0|nil|nil;2,23,5|nil|nil|nil|0|nil|nil;2,22,3|nil|nil|nil|0|nil|nil;
1,21,5|nil|nil|nil|0|nil|nil;1,22,3|nil|nil|nil|0|nil|nil;1,23,5|nil|nil|nil|0|nil|nil;1,22,3|nil|nil|nil|0|nil|nil;2,22,3|nil|nil|nil|0|nil|nil;2,22,3|nil|nil|nil|0|nil|nil;2,22,3|nil|nil|nil|0|nil|nil;2,22,3|nil|nil|nil|0|nil|nil;
1,22,3|nil|nil|nil|0|nil|nil;1,22,3|nil|nil|nil|0|nil|nil;1,23,5|nil|nil|nil|0|nil|nil;1,23,5|nil|nil|nil|0|nil|nil;2,22,3|nil|nil|nil|0|nil|nil;2,22,3|nil|nil|nil|0|nil|nil;2,22,3|nil|nil|nil|0|nil|nil;2,22,3|nil|nil|nil|0|nil|nil;
1,21,5|nil|nil|nil|0|nil|nil;1,22,3|nil|nil|nil|0|nil|nil;1,22,3|nil|nil|nil|0|nil|nil;1,22,3|nil|nil|nil|0|nil|nil;2,22,3|nil|nil|nil|0|nil|nil;2,22,3|nil|nil|nil|0|nil|nil;2,22,5|nil|nil|nil|0|nil|nil;2,23,5|nil|nil|nil|0|nil|nil;
1,22,3|nil|nil|nil|0|nil|nil;1,22,3|nil|nil|nil|0|nil|nil;1,22,5|nil|nil|nil|0|nil|nil;1,22,5|nil|nil|nil|0|nil|nil;2,22,3|nil|nil|nil|0|nil|nil;2,22,5|nil|nil|nil|0|nil|nil;2,22,5|nil|nil|nil|0|nil|nil;2,23,5|nil|nil|nil|0|nil|nil;
1,21,5|nil|nil|nil|0|nil|nil;1,22,3|nil|nil|nil|0|nil|nil;1,22,3|nil|nil|nil|0|nil|nil;2,22,3|nil|nil|nil|0|nil|nil;2,22,3|nil|nil|nil|0|nil|nil;2,22,3|nil|nil|nil|0|nil|nil;2,23,5|nil|nil|nil|0|nil|nil;2,22,3|nil|nil|nil|0|nil|nil;
1,22,3|nil|nil|nil|1|nil|nil;1,22,3|nil|nil|nil|1|nil|nil;1,22,5|nil|nil|nil|0|nil|nil;2,22,3|nil|nil|nil|0|nil|nil;2,16,3|1,22,0|nil|nil|0|nil|nil;2,16,3|1,23,3|nil|nil|0|nil|nil;2,16,3|1,23,3|nil|nil|0|nil|nil;2,16,3|1,23,3|nil|nil|0|nil|nil;
# Block -2 2
nil|nil|nil|nil|1|nil|nil;nil|nil|nil|nil|1|nil|nil;nil|nil|nil|nil|1|nil|nil;nil|nil|nil|nil|1|nil|nil;nil|nil|nil|nil|1|nil|nil;nil|nil|nil|nil|1|nil|nil;nil|nil|nil|nil|1|nil|nil;nil|nil|nil|nil|1|nil|nil;
2,22,3|nil|nil|nil|0|nil|nil;2,22,3|nil|nil|nil|0|nil|nil;2,22,3|nil|nil|nil|0|nil|nil;2,22,3|nil|nil|nil|0|nil|nil;2,22,3|nil|nil|nil|0|nil|nil;2,22,3|nil|nil|nil|0|nil|nil;2,22,3|nil|nil|nil|0|nil|nil;2,22,3|nil|nil|nil|0|nil|nil;
2,23,5|nil|nil|nil|0|nil|nil;2,22,3|nil|nil|nil|0|nil|nil;2,21,5|nil|nil|nil|0|nil|nil;2,22,3|nil|nil|nil|0|nil|nil;2,22,3|nil|nil|nil|0|nil|nil;2,22,3|nil|nil|nil|0|nil|nil;2,22,3|nil|nil|nil|0|nil|nil;2,22,3|nil|nil|nil|0|nil|nil;
2,22,5|nil|nil|nil|0|nil|nil;2,22,3|nil|nil|nil|0|nil|nil;2,22,3|nil|nil|nil|0|nil|nil;2,23,5|nil|nil|nil|0|nil|nil;2,21,5|nil|nil|nil|0|nil|nil;2,22,3|nil|nil|nil|0|nil|nil;2,22,3|nil|nil|nil|0|nil|nil;2,22,3|nil|nil|nil|0|nil|nil;
2,23,5|nil|nil|nil|0|nil|nil;2,23,5|nil|nil|nil|0|nil|nil;2,22,5|nil|nil|nil|0|nil|nil;2,22,5|nil|nil|nil|0|nil|nil;2,22,5|nil|nil|nil|0|nil|nil;2,22,3|nil|nil|nil|0|nil|nil;2,23,5|nil|nil|nil|0|nil|nil;2,21,5|nil|nil|nil|0|nil|nil;
2,22,3|nil|nil|nil|0|nil|nil;2,22,3|nil|nil|nil|0|nil|nil;2,21,5|nil|nil|nil|0|nil|nil;2,22,5|nil|nil|nil|0|nil|nil;2,22,5|nil|nil|nil|0|nil|nil;2,22,3|nil|nil|nil|0|nil|nil;2,21,5|nil|nil|nil|0|nil|nil;2,22,3|nil|nil|nil|0|nil|nil;
2,22,3|nil|nil|nil|0|nil|nil;2,22,3|nil|nil|nil|0|nil|nil;2,22,3|nil|nil|nil|0|nil|nil;2,22,3|nil|nil|nil|0|nil|nil;2,22,3|nil|nil|nil|0|nil|nil;2,21,5|nil|nil|nil|0|nil|nil;2,22,3|nil|nil|nil|0|nil|nil;2,21,5|nil|nil|nil|0|nil|nil;
2,16,3|1,23,3|nil|nil|0|nil|nil;2,16,3|1,23,3|nil|nil|0|nil|nil;2,16,3|1,22,1|nil|nil|0|nil|nil;2,22,3|nil|nil|nil|0|nil|nil;2,22,3|nil|nil|nil|0|nil|nil;2,22,3|nil|nil|nil|0|nil|nil;2,23,5|nil|nil|nil|0|nil|nil;2,22,3|nil|nil|nil|0|nil|nil;
# Block -2 -2
nil|nil|nil|nil|1|nil|nil;nil|nil|nil|nil|1|nil|nil;nil|nil|nil|nil|1|nil|nil;nil|nil|nil|nil|1|nil|nil;nil|nil|nil|nil|1|nil|nil;nil|nil|nil|nil|1|nil|nil;nil|nil|nil|nil|1|nil|nil;nil|nil|nil|nil|1|nil|nil;
nil|nil|nil|nil|1|nil|nil;nil|nil|nil|nil|1|nil|nil;nil|nil|nil|nil|1|nil|nil;nil|nil|nil|nil|1|nil|nil;1,21,5|nil|nil|nil|0|nil|nil;1,21,5|nil|nil|nil|0|nil|nil;1,22,3|nil|nil|nil|0|nil|nil;1,22,3|nil|nil|nil|0|nil|nil;
nil|nil|nil|nil|1|nil|nil;nil|nil|nil|nil|1|nil|nil;nil|nil|nil|nil|1|nil|nil;nil|nil|nil|nil|1|nil|nil;1,22,5|nil|nil|nil|0|nil|nil;1,22,3|nil|nil|nil|0|nil|nil;1,22,3|nil|nil|nil|0|nil|nil;1,22,3|nil|nil|nil|0|nil|nil;
nil|nil|nil|nil|1|nil|nil;nil|nil|nil|nil|1|nil|nil;nil|nil|nil|nil|1|nil|nil;nil|nil|nil|nil|1|nil|nil;1,22,3|nil|nil|nil|0|nil|nil;1,22,5|nil|nil|nil|0|nil|nil;1,22,3|nil|nil|nil|0|nil|nil;1,22,3|nil|nil|nil|0|nil|nil;
nil|nil|nil|nil|1|nil|nil;nil|nil|nil|nil|1|nil|nil;nil|nil|nil|nil|1|nil|nil;nil|nil|nil|nil|1|nil|nil;1,22,3|nil|nil|nil|0|nil|nil;1,22,3|nil|nil|nil|0|nil|nil;1,22,3|nil|nil|nil|0|nil|nil;1,23,5|nil|nil|nil|0|nil|nil;
nil|nil|nil|nil|1|nil|nil;nil|nil|nil|nil|1|nil|nil;nil|nil|nil|nil|1|nil|nil;nil|nil|nil|nil|1|nil|nil;1,22,3|nil|nil|nil|0|nil|nil;1,22,3|nil|nil|nil|0|nil|nil;1,22,3|nil|nil|nil|0|nil|nil;1,22,3|nil|nil|nil|0|nil|nil;
nil|nil|nil|nil|1|nil|nil;nil|nil|nil|nil|1|nil|nil;nil|nil|nil|nil|1|nil|nil;nil|nil|nil|nil|1|nil|nil;1,22,3|nil|nil|nil|0|nil|nil;1,22,3|nil|nil|nil|0|nil|nil;1,23,5|nil|nil|23,2,0|0|nil|nil;1,22,3|nil|nil|23,2,1|0|nil|nil;
nil|nil|nil|nil|1|nil|nil;nil|nil|nil|nil|1|nil|nil;nil|nil|nil|nil|1|nil|nil;nil|nil|nil|nil|1|nil|nil;1,22,5|nil|nil|nil|0|nil|nil;1,21,5|nil|nil|nil|0|nil|nil;1,22,3|nil|nil|23,3,0|0|nil|nil;1,22,3|nil|nil|23,3,1|0|nil|nil;
# Block -2 -1
nil|nil|nil|nil|1|nil|nil;nil|nil|nil|nil|1|nil|nil;nil|nil|nil|nil|1|nil|nil;nil|nil|nil|nil|1|nil|nil;nil|nil|nil|nil|1|nil|nil;nil|nil|nil|nil|1|nil|nil;nil|nil|nil|nil|1|nil|nil;nil|nil|nil|nil|1|nil|nil;
1,22,3|nil|nil|nil|0|nil|nil;1,23,5|nil|nil|nil|0|nil|nil;1,22,5|nil|nil|nil|0|nil|nil;1,22,3|nil|nil|nil|0|nil|nil;1,22,3|nil|nil|nil|0|nil|nil;1,22,3|nil|3,26,11|nil|1|nil|nil;1,16,3|1,22,4|nil|nil|0|nil|nil;1,16,3|nil|nil|nil|0|farm01,2|nil;
1,21,5|nil|nil|nil|0|nil|nil;1,22,3|nil|nil|nil|0|nil|nil;1,21,5|nil|nil|nil|0|nil|nil;1,22,3|nil|nil|nil|0|nil|nil;1,21,5|nil|nil|nil|0|nil|nil;1,22,3|nil|3,26,11|nil|1|nil|nil;1,16,3|1,23,0|nil|nil|0|nil|nil;1,17,5|1,21,4|nil|nil|0|nil|nil;
1,22,3|nil|nil|1,24,12|0|nil|nil;1,22,3|nil|nil|1,24,13|0|nil|nil;1,22,3|nil|1,25,19|1,24,14|0|nil|nil;1,21,5|nil|1,25,20|nil|0|nil|nil;1,23,5|nil|nil|nil|0|nil|nil;1,21,5|nil|3,26,11|nil|1|nil|nil;1,22,3|nil|nil|nil|0|nil|nil;1,16,3|1,22,4|nil|nil|0|nil|nil;
1,22,3|nil|nil|1,25,12|0|nil|nil;1,22,3|nil|nil|1,25,13|0|nil|nil;1,22,3|nil|1,26,19|1,25,14|0|nil|nil;1,22,3|nil|1,26,20|nil|0|nil|nil;1,22,3|nil|nil|nil|0|nil|nil;1,21,5|nil|3,26,11|nil|1|nil|nil;1,16,3|1,22,0|nil|nil|0|nil|nil;1,16,3|1,23,4|nil|nil|0|nil|nil;
1,22,3|nil|nil|1,26,12|0|nil|nil;1,22,3|nil|nil|1,26,13|0|nil|nil;1,22,3|nil|1,27,19|1,26,14|0|nil|nil;1,22,5|nil|1,27,20|nil|0|nil|nil;1,23,5|nil|nil|nil|0|nil|nil;1,22,3|nil|3,26,11|nil|1|nil|nil;1,16,3|1,22,4|nil|nil|0|nil|nil;1,16,3|nil|nil|nil|0|nil|nil;
1,22,3|nil|nil|23,2,2|0|nil|nil;1,22,3|nil|nil|23,2,3|0|nil|nil;1,22,3|nil|nil|nil|0|nil|nil;1,22,3|nil|nil|nil|0|nil|nil;1,22,3|nil|nil|nil|0|nil|nil;1,22,3|nil|3,26,11|nil|1|nil|nil;1,16,3|1,22,4|nil|nil|0|nil|nil;1,16,3|nil|nil|nil|0|nil|nil;
1,22,3|nil|23,3,2|23,9,2|1|nil|nil;1,22,3|22,6,0|23,4,3|23,9,3|1|nil|nil;1,21,5|22,6,1|nil|nil|1|nil|nil;1,22,3|22,0,0|nil|nil|1|nil|nil;1,22,3|nil|22,0,1|nil|1|nil|nil;2,22,3|3,26,16|22,3,10|nil|1|nil|nil;1,15,5|1,23,4|nil|nil|0|nil|nil;1,17,5|nil|nil|nil|0|nil|nil;
# Block -1 0
1,17,5|nil|nil|nil|0|nil|nil;1,16,3|1,22,2|nil|nil|0|nil|nil;1,22,3|nil|nil|nil|0|nil|nil;1,22,3|nil|nil|nil|0|nil|nil;1,22,3|nil|nil|nil|0|nil|nil;1,22,5|nil|nil|nil|0|nil|nil;1,22,3|nil|nil|nil|0|nil|nil;1,22,5|nil|nil|nil|1|nil|nil;
1,17,5|nil|nil|nil|0|nil|nil;1,16,5|1,22,2|nil|nil|0|nil|nil;1,22,3|nil|nil|nil|0|nil|nil;1,22,3|nil|nil|nil|0|nil|nil;1,22,3|nil|nil|nil|0|nil|nil;1,22,3|nil|nil|nil|0|nil|nil;1,23,5|nil|nil|nil|0|nil|nil;1,22,3|nil|nil|nil|1|nil|nil;
1,16,3|nil|nil|nil|0|nil|nil;1,16,3|1,23,2|nil|nil|0|nil|nil;1,17,5|1,22,1|nil|nil|0|nil|nil;1,22,5|nil|nil|nil|0|nil|nil;1,22,3|nil|nil|nil|0|nil|nil;1,22,3|nil|nil|nil|0|nil|nil;1,22,3|nil|nil|nil|0|nil|nil;1,23,5|nil|nil|nil|1|nil|nil;
1,17,5|nil|nil|nil|0|nil|nil;1,16,3|nil|nil|nil|0|nil|nil;1,16,3|1,22,2|nil|nil|0|nil|nil;1,22,3|nil|nil|nil|0|nil|nil;1,22,3|nil|nil|nil|0|nil|nil;1,22,3|nil|nil|nil|0|nil|nil;1,22,5|nil|nil|nil|0|nil|nil;1,22,5|nil|nil|nil|1|nil|nil;
1,16,3|nil|nil|nil|0|nil|nil;1,17,5|nil|nil|nil|0|nil|nil;1,16,3|1,22,2|nil|nil|0|nil|nil;1,22,3|nil|nil|nil|0|nil|nil;1,23,5|nil|nil|nil|0|nil|nil;1,22,3|nil|nil|nil|0|nil|nil;1,22,3|nil|nil|nil|0|nil|nil;1,22,3|nil|nil|nil|1|nil|nil;
1,16,3|nil|nil|nil|0|nil|nil;1,16,5|nil|nil|nil|0|nil|nil;1,16,3|1,22,2|nil|nil|0|nil|nil;1,23,5|nil|nil|nil|0|nil|nil;1,22,3|nil|nil|nil|0|nil|nil;1,21,5|nil|nil|nil|0|nil|nil;1,22,3|nil|nil|nil|0|nil|nil;1,23,5|nil|nil|nil|1|nil|nil;
1,16,3|nil|nil|nil|0|nil|nil;1,17,5|nil|nil|nil|0|nil|nil;1,17,5|1,23,2|nil|nil|0|nil|nil;1,16,3|1,23,3|nil|nil|0|nil|nil;1,16,3|1,22,1|nil|nil|0|nil|nil;1,21,5|nil|nil|nil|0|nil|nil;1,22,5|nil|nil|nil|0|nil|nil;1,22,3|nil|nil|nil|1|nil|nil;
1,16,3|nil|nil|nil|0|nil|nil;1,16,3|nil|nil|nil|0|nil|nil;1,16,3|nil|nil|nil|0|nil|nil;1,16,3|nil|nil|nil|0|nil|nil;1,16,3|1,22,2|nil|nil|0|nil|nil;1,22,3|nil|nil|nil|0|nil|nil;1,21,5|nil|nil|nil|0|nil|nil;1,22,3|nil|nil|nil|1|nil|nil;
# Block -1 1
1,22,3|nil|nil|nil|1|nil|nil;1,22,3|nil|nil|nil|1|nil|nil;2,23,5|nil|nil|nil|0|nil|nil;2,22,5|nil|nil|nil|0|nil|nil;2,16,3|1,22,4|nil|nil|0|nil|nil;2,16,3|nil|nil|nil|0|nil|nil;2,16,3|nil|nil|nil|0|nil|nil;2,16,3|nil|nil|nil|0|nil|nil;
1,22,3|nil|nil|nil|1|nil|nil;1,22,5|nil|nil|nil|1|nil|nil;2,22,3|nil|nil|nil|0|nil|nil;2,16,3|1,22,0|nil|nil|0|nil|nil;2,16,3|1,23,4|nil|nil|0|nil|nil;2,16,3|nil|nil|nil|0|nil|nil;2,16,3|4,5,15|nil|nil|1|nil|nil;2,16,3|4,5,19|4,5,16|nil|1|12|nil;
1,22,3|nil|nil|nil|1|nil|nil;1,22,3|nil|nil|nil|1|nil|nil;2,16,3|1,22,0|nil|nil|0|nil|nil;2,16,3|1,23,4|nil|nil|0|nil|nil;2,16,3|nil|nil|nil|0|nil|nil;2,16,3|nil|nil|nil|0|nil|nil;2,16,3|nil|nil|nil|0|nil|nil;2,17,5|nil|nil|nil|0|nil|nil;
1,22,3|nil|nil|nil|1|nil|nil;1,22,5|nil|nil|nil|1|nil|nil;2,16,3|1,22,4|nil|nil|0|nil|nil;2,16,3|nil|nil|4,6,15|1|nil|nil;2,16,3|4,8,21|4,6,16|nil|1|11|nil;1,15,5|4,8,22|nil|nil|0|nil|nil;2,16,5|nil|nil|nil|0|nil|nil;2,15,5|nil|nil|nil|0|nil|nil;
1,23,5|nil|nil|nil|1|nil|nil;1,22,3|nil|nil|nil|1|nil|nil;2,16,3|1,22,4|nil|nil|0|nil|nil;2,16,3|nil|nil|4,7,15|1|nil|nil;2,16,3|4,12,21|4,7,16|nil|1|11|nil;2,16,3|4,8,22|nil|nil|0|nil|nil;2,17,5|nil|nil|nil|0|nil|nil;2,16,5|nil|nil|nil|0|nil|nil;
1,23,5|nil|nil|nil|1|nil|nil;1,23,5|nil|nil|nil|1|nil|nil;2,16,3|1,22,4|nil|nil|0|nil|nil;2,16,3|nil|nil|4,5,15|1|nil|nil;2,16,3|4,13,21|4,5,16|nil|1|11|nil;2,16,3|4,8,22|nil|nil|0|nil|nil;2,16,3|nil|nil|nil|0|nil|nil;2,17,5|nil|nil|nil|0|nil|nil;
1,22,3|nil|nil|nil|1|nil|nil;1,22,3|nil|nil|nil|1|nil|nil;2,16,3|1,22,4|nil|nil|0|nil|nil;2,16,3|nil|nil|4,6,15|1|nil|nil;2,16,3|4,14,21|4,6,16|nil|1|11|nil;2,16,3|4,8,22|nil|nil|0|nil|nil;2,16,5|nil|nil|nil|0|nil|nil;2,16,3|nil|nil|nil|0|nil|nil;
1,22,3|nil|nil|nil|1|nil|nil;1,22,3|nil|nil|nil|1|nil|nil;2,16,3|1,22,4|nil|nil|0|nil|nil;2,16,3|nil|nil|4,7,15|1|nil|nil;2,16,3|4,14,21|4,7,16|nil|1|11|nil;2,16,3|4,8,22|nil|nil|0|nil|nil;2,16,3|nil|nil|nil|0|nil|nil;1,16,5|nil|nil|nil|0|nil|nil;
# Block -1 2
2,16,3|nil|nil|nil|0|nil|nil;2,16,3|nil|nil|nil|0|nil|nil;2,16,3|1,23,2|nil|nil|0|nil|nil;2,16,3|1,22,1|nil|nil|0|nil|nil;2,22,3|nil|nil|nil|0|nil|nil;2,23,5|nil|nil|nil|0|nil|nil;2,22,3|nil|nil|nil|0|nil|nil;2,22,3|nil|nil|nil|0|nil|nil;
2,16,3|4,8,22|nil|nil|0|nil|nil;2,16,3|nil|nil|nil|0|nil|nil;2,16,3|nil|nil|nil|0|nil|nil;2,16,3|1,22,2|nil|nil|0|nil|nil;2,22,3|nil|nil|nil|0|nil|nil;2,23,5|nil|nil|nil|0|nil|nil;2,23,5|nil|nil|nil|0|nil|nil;2,22,3|nil|nil|nil|0|nil|nil;
2,16,3|nil|nil|nil|0|nil|nil;2,16,3|nil|nil|nil|0|nil|nil;2,16,3|nil|nil|nil|0|nil|nil;2,16,3|1,22,2|nil|nil|0|nil|nil;2,22,3|nil|nil|nil|0|nil|nil;2,22,3|nil|nil|nil|0|nil|nil;2,22,3|nil|nil|nil|0|nil|nil;2,22,3|nil|nil|nil|0|nil|nil;
2,16,3|nil|nil|nil|0|nil|nil;1,16,5|4,1,12|nil|nil|1|nil|nil;2,16,3|4,6,12|nil|nil|1|nil|nil;2,16,3|1,22,2|nil|nil|0|nil|nil;2,22,3|nil|nil|nil|0|nil|nil;2,22,3|nil|nil|nil|0|nil|nil;2,21,5|nil|nil|nil|0|nil|nil;2,23,5|nil|nil|nil|0|nil|nil;
2,16,3|nil|nil|nil|0|nil|nil;2,16,3|4,5,19|nil|nil|1|10|nil;2,16,3|4,8,22|nil|nil|0|nil|5,up;2,16,3|1,22,2|nil|nil|0|nil|nil;2,22,3|nil|nil|nil|0|nil|nil;2,22,3|nil|nil|nil|0|nil|nil;2,23,5|nil|nil|nil|0|nil|nil;2,22,3|nil|nil|nil|0|nil|nil;
2,15,5|nil|nil|nil|0|nil|nil;2,16,3|4,1,16|nil|nil|1|nil|nil;2,16,3|nil|nil|nil|0|nil|nil;2,16,3|1,22,2|nil|nil|0|nil|nil;2,21,5|nil|nil|nil|0|nil|nil;2,21,5|nil|nil|nil|0|nil|nil;2,22,3|nil|nil|nil|0|nil|nil;2,22,3|nil|nil|nil|0|nil|nil;
2,17,5|nil|nil|nil|0|nil|nil;2,16,3|nil|nil|nil|0|nil|nil;2,16,3|4,1,14|nil|nil|1|nil|nil;2,16,3|1,23,2|nil|nil|0|nil|nil;2,16,3|1,22,1|nil|nil|0|nil|nil;2,22,3|nil|nil|nil|0|nil|nil;2,21,5|nil|nil|nil|0|nil|nil;2,22,3|nil|nil|nil|0|nil|nil;
2,16,5|nil|nil|nil|0|nil|nil;2,16,3|nil|nil|nil|0|nil|nil;2,16,3|nil|nil|nil|0|nil|nil;2,16,3|nil|nil|nil|0|nil|nil;2,16,3|1,22,2|nil|nil|0|nil|nil;2,22,3|nil|nil|nil|0|nil|nil;2,22,3|nil|nil|nil|0|nil|nil;2,22,3|nil|nil|nil|0|nil|nil;
# Block -1 -1
22,1,1|22,12,1|23,4,2|23,10,2|1|nil|nil;22,1,1|22,12,0|23,4,3|23,10,3|1|nil|nil;22,1,0|22,12,1|nil|nil|1|nil|nil;22,1,1|22,12,2|nil|nil|1|nil|nil;22,1,1|nil|26,1,0|22,12,3|1|nil|nil;nil|1,22,4|22,4,10|nil|1|nil|nil;1,16,5|nil|nil|nil|0|nil|nil;1,16,3|nil|nil|nil|0|nil|nil;
1,22,3|22,1,1|23,4,2|23,11,2|1|nil|nil;22,1,1|nil|23,4,3|21,11,0|1|nil|nil;22,1,1|nil|nil|21,11,1|1|nil|nil;1,22,3|22,1,2|nil|nil|1|nil|nil;20,0,10|nil|nil|nil|1|nil|nil;22,6,15|20,0,11|nil|nil|0|store_seed,1|nil;1,16,3|nil|nil|nil|0|nil|nil;1,16,3|nil|nil|nil|0|nil|nil;
1,22,3|22,11,1|23,4,2|23,12,2|1|nil|nil;22,1,1|22,13,0|23,4,3|23,12,3|1|nil|nil;22,1,0|22,13,1|nil|nil|1|nil|nil;22,1,1|22,13,2|nil|nil|1|nil|nil;22,1,1|22,13,3|nil|nil|1|nil|nil;nil|1,22,4|22,4,10|nil|1|nil|nil;1,16,3|nil|nil|nil|0|nil|nil;1,16,5|nil|nil|nil|0|nil|nil;
1,22,3|nil|23,5,2|23,13,2|1|nil|nil;1,22,3|22,8,0|23,4,3|23,13,3|1|nil|nil;1,22,3|22,8,1|nil|nil|1|nil|nil;1,22,3|22,2,0|nil|nil|1|nil|nil;1,22,3|22,2,1|nil|nil|1|nil|nil;1,16,3|1,23,0|22,5,10|nil|1|nil|nil;1,16,3|1,21,4|nil|nil|0|nil|nil;1,16,3|nil|nil|nil|0|nil|nil;
1,22,3|nil|nil|23,6,1|0|nil|nil;1,23,5|nil|nil|23,6,3|0|nil|nil;1,21,5|nil|nil|nil|0|nil|nil;1,22,3|nil|nil|nil|0|nil|nil;1,22,3|nil|nil|nil|0|nil|nil;1,22,3|nil|nil|nil|0|nil|nil;1,16,3|1,22,4|nil|nil|0|nil|nil;1,16,3|nil|nil|nil|0|nil|nil;
1,23,5|nil|nil|nil|0|nil|nil;1,22,5|nil|nil|nil|0|nil|nil;1,22,3|nil|nil|nil|0|nil|nil;1,22,3|nil|nil|nil|0|nil|nil;1,22,3|nil|nil|nil|0|nil|nil;1,17,5|1,22,0|nil|nil|0|nil|nil;1,17,5|1,23,4|nil|nil|0|nil|nil;1,17,5|nil|nil|nil|0|nil|nil;
1,21,5|nil|nil|nil|0|nil|nil;1,22,3|nil|nil|nil|0|nil|nil;1,23,5|nil|nil|nil|0|nil|nil;1,22,3|nil|nil|nil|0|nil|nil;1,22,3|nil|nil|nil|0|nil|nil;1,16,3|1,22,4|nil|nil|0|nil|nil;1,17,5|nil|nil|nil|0|nil|nil;1,16,3|nil|nil|nil|0|nil|nil;
1,22,3|nil|nil|nil|0|nil|nil;1,23,5|nil|nil|nil|0|nil|nil;1,22,3|nil|nil|nil|0|nil|nil;1,21,5|nil|nil|nil|0|nil|nil;1,17,5|1,22,0|nil|nil|0|nil|nil;1,16,3|1,23,4|nil|nil|0|nil|nil;1,16,3|nil|nil|nil|0|nil|nil;1,16,3|nil|nil|nil|0|nil|nil;
# Block -1 -2
nil|nil|nil|nil|1|nil|nil;nil|nil|nil|nil|1|nil|nil;nil|nil|nil|nil|1|nil|nil;nil|nil|nil|nil|1|nil|nil;1,22,5|nil|nil|nil|0|nil|nil;1,22,3|nil|nil|23,1,2|0|nil|nil;1,22,3|nil|nil|23,1,3|0|nil|nil;1,21,5|nil|nil|23,3,1|0|nil|nil;
nil|nil|nil|nil|1|nil|nil;nil|nil|nil|nil|1|nil|nil;nil|nil|nil|nil|1|nil|nil;nil|nil|nil|nil|1|nil|nil;1,21,5|nil|nil|nil|0|nil|nil;1,22,3|nil|nil|23,3,5|0|nil|nil;1,22,3|nil|nil|23,4,0|0|nil|nil;1,21,5|nil|nil|23,4,0|0|nil|nil;
nil|nil|nil|nil|1|nil|nil;nil|nil|nil|nil|1|nil|nil;nil|nil|nil|nil|1|nil|nil;nil|nil|nil|nil|1|nil|nil;1,23,5|nil|nil|nil|0|nil|nil;1,22,3|nil|nil|23,7,2|0|nil|nil;1,22,3|nil|nil|23,7,3|0|nil|nil;1,22,3|nil|nil|23,5,1|0|nil|nil;
nil|nil|nil|nil|1|nil|nil;nil|nil|nil|nil|1|nil|nil;nil|nil|nil|nil|1|nil|nil;nil|nil|nil|nil|1|nil|nil;1,22,5|nil|nil|nil|0|nil|nil;1,22,3|nil|nil|nil|0|nil|nil;1,22,3|nil|nil|23,5,0|0|nil|nil;1,22,3|nil|nil|23,5,1|0|nil|nil;
nil|nil|nil|nil|1|nil|nil;nil|nil|nil|nil|1|nil|nil;nil|nil|nil|nil|1|nil|nil;nil|nil|nil|nil|1|nil|nil;1,21,5|nil|nil|nil|0|nil|nil;1,22,3|nil|nil|nil|0|nil|nil;1,22,3|nil|nil|23,6,0|0|nil|nil;1,22,3|nil|nil|23,6,2|0|nil|nil;
nil|nil|nil|nil|1|nil|nil;nil|nil|nil|nil|1|nil|nil;nil|nil|nil|nil|1|nil|nil;nil|nil|nil|nil|1|nil|nil;1,22,3|nil|nil|nil|0|nil|nil;1,23,5|nil|nil|nil|0|nil|nil;1,22,5|nil|nil|nil|0|nil|nil;1,22,3|nil|nil|nil|0|nil|nil;
nil|nil|nil|nil|1|nil|nil;nil|nil|nil|nil|1|nil|nil;nil|nil|nil|nil|1|nil|nil;nil|nil|nil|nil|1|nil|nil;1,22,3|nil|nil|nil|0|nil|nil;1,22,3|nil|nil|nil|0|nil|nil;1,21,5|nil|nil|nil|0|nil|nil;1,23,5|nil|nil|nil|0|nil|nil;
nil|nil|nil|nil|1|nil|nil;nil|nil|nil|nil|1|nil|nil;nil|nil|nil|nil|1|nil|nil;nil|nil|nil|nil|1|nil|nil;1,22,3|nil|nil|nil|0|nil|nil;1,22,3|nil|nil|nil|0|nil|nil;1,22,5|nil|nil|nil|0|nil|nil;1,22,3|nil|nil|nil|0|nil|nil;
# Spawns
1;-15;0
2;-7;-3
3;9;-5
